
Circuit 1 cell sg13_lv_nmos and Circuit 2 cell sg13_lv_nmos are black boxes.
Warning: Equate pins:  cell sg13_lv_nmos is a placeholder, treated as a black box.
Warning: Equate pins:  cell sg13_lv_nmos is a placeholder, treated as a black box.

Subcircuit pins:
Circuit 1: sg13_lv_nmos                    |Circuit 2: sg13_lv_nmos                    
-------------------------------------------|-------------------------------------------
1                                          |1                                          
2                                          |2                                          
3                                          |3                                          
4                                          |4                                          
---------------------------------------------------------------------------------------
Cell pin lists are equivalent.
Device classes sg13_lv_nmos and sg13_lv_nmos are equivalent.

Circuit 1 cell rppd and Circuit 2 cell rppd are black boxes.
Warning: Equate pins:  cell rppd is a placeholder, treated as a black box.
Warning: Equate pins:  cell rppd is a placeholder, treated as a black box.

Subcircuit pins:
Circuit 1: rppd                            |Circuit 2: rppd                            
-------------------------------------------|-------------------------------------------
1                                          |1                                          
2                                          |2                                          
3                                          |3                                          
---------------------------------------------------------------------------------------
Cell pin lists are equivalent.
Device classes rppd and rppd are equivalent.

Subcircuit summary:
Circuit 1: sg13_lv_nmos_5A5R5E             |Circuit 2: sg13_lv_nmos_5A5R5E             
-------------------------------------------|-------------------------------------------
sg13_lv_nmos (2)                           |sg13_lv_nmos (2)                           
Number of devices: 2                       |Number of devices: 2                       
Number of nets: 5                          |Number of nets: 5                          
---------------------------------------------------------------------------------------
Resolving symmetries by property value.
Resolving symmetries by pin name.
Netlists match uniquely.

Subcircuit pins:
Circuit 1: sg13_lv_nmos_5A5R5E             |Circuit 2: sg13_lv_nmos_5A5R5E             
-------------------------------------------|-------------------------------------------
a_80_n77#                                  |a_80_n77#                                  
D0                                         |D0                                         
S1                                         |S1                                         
G                                          |G                                          
sub                                        |sub                                        
---------------------------------------------------------------------------------------
Cell pin lists are equivalent.
Device classes sg13_lv_nmos_5A5R5E and sg13_lv_nmos_5A5R5E are equivalent.

Subcircuit summary:
Circuit 1: rppd_2ZAP6P                     |Circuit 2: rppd_2ZAP6P                     
-------------------------------------------|-------------------------------------------
rppd (1)                                   |rppd (1)                                   
Number of devices: 1                       |Number of devices: 1                       
Number of nets: 3                          |Number of nets: 3                          
---------------------------------------------------------------------------------------
Resolving symmetries by property value.
Resolving symmetries by pin name.
Netlists match uniquely.

Subcircuit pins:
Circuit 1: rppd_2ZAP6P                     |Circuit 2: rppd_2ZAP6P                     
-------------------------------------------|-------------------------------------------
R2                                         |R2                                         
R1                                         |R1                                         
B                                          |B                                          
---------------------------------------------------------------------------------------
Cell pin lists are equivalent.
Device classes rppd_2ZAP6P and rppd_2ZAP6P are equivalent.

Subcircuit summary:
Circuit 1: rppd_ACUNYL                     |Circuit 2: rppd_ACUNYL                     
-------------------------------------------|-------------------------------------------
rppd (1)                                   |rppd (1)                                   
Number of devices: 1                       |Number of devices: 1                       
Number of nets: 3                          |Number of nets: 3                          
---------------------------------------------------------------------------------------
Resolving symmetries by property value.
Resolving symmetries by pin name.
Netlists match uniquely.

Subcircuit pins:
Circuit 1: rppd_ACUNYL                     |Circuit 2: rppd_ACUNYL                     
-------------------------------------------|-------------------------------------------
R2                                         |R2                                         
R1                                         |R1                                         
B                                          |B                                          
---------------------------------------------------------------------------------------
Cell pin lists are equivalent.
Device classes rppd_ACUNYL and rppd_ACUNYL are equivalent.

Subcircuit summary:
Circuit 1: sg13_lv_nmos_AD63GD             |Circuit 2: sg13_lv_nmos_AD63GD             
-------------------------------------------|-------------------------------------------
sg13_lv_nmos (9)                           |sg13_lv_nmos (9)                           
Number of devices: 9                       |Number of devices: 9                       
Number of nets: 12                         |Number of nets: 12                         
---------------------------------------------------------------------------------------
Resolving symmetries by property value.
Resolving symmetries by pin name.
Netlists match uniquely.

Subcircuit pins:
Circuit 1: sg13_lv_nmos_AD63GD             |Circuit 2: sg13_lv_nmos_AD63GD             
-------------------------------------------|-------------------------------------------
D0                                         |D0                                         
S8                                         |S8                                         
G                                          |G                                          
sub                                        |sub                                        
S1                                         |S1                                         
D8                                         |D8                                         
D2                                         |D2                                         
S7                                         |S7                                         
S3                                         |S3                                         
D6                                         |D6                                         
S5                                         |S5                                         
D4                                         |D4                                         
---------------------------------------------------------------------------------------
Cell pin lists are equivalent.
Device classes sg13_lv_nmos_AD63GD and sg13_lv_nmos_AD63GD are equivalent.

Subcircuit summary:
Circuit 1: rppd_6K5NNH                     |Circuit 2: rppd_6K5NNH                     
-------------------------------------------|-------------------------------------------
rppd (1)                                   |rppd (1)                                   
Number of devices: 1                       |Number of devices: 1                       
Number of nets: 3                          |Number of nets: 3                          
---------------------------------------------------------------------------------------
Resolving symmetries by property value.
Resolving symmetries by pin name.
Netlists match uniquely.

Subcircuit pins:
Circuit 1: rppd_6K5NNH                     |Circuit 2: rppd_6K5NNH                     
-------------------------------------------|-------------------------------------------
R2                                         |R2                                         
R1                                         |R1                                         
B                                          |B                                          
---------------------------------------------------------------------------------------
Cell pin lists are equivalent.
Device classes rppd_6K5NNH and rppd_6K5NNH are equivalent.

Subcircuit summary:
Circuit 1: sg13_lv_nmos_72NHQF             |Circuit 2: sg13_lv_nmos_72NHQF             
-------------------------------------------|-------------------------------------------
sg13_lv_nmos (13)                          |sg13_lv_nmos (13)                          
Number of devices: 13                      |Number of devices: 13                      
Number of nets: 16                         |Number of nets: 16                         
---------------------------------------------------------------------------------------
Resolving symmetries by property value.
Resolving symmetries by pin name.
Netlists match uniquely.

Subcircuit pins:
Circuit 1: sg13_lv_nmos_72NHQF             |Circuit 2: sg13_lv_nmos_72NHQF             
-------------------------------------------|-------------------------------------------
S12                                        |S12                                        
D0                                         |D0                                         
G                                          |G                                          
sub                                        |sub                                        
S11                                        |S11                                        
D2                                         |D2                                         
S9                                         |S9                                         
D4                                         |D4                                         
S7                                         |S7                                         
D6                                         |D6                                         
D8                                         |D8                                         
S5                                         |S5                                         
D10                                        |D10                                        
S3                                         |S3                                         
D12                                        |D12                                        
S1                                         |S1                                         
---------------------------------------------------------------------------------------
Cell pin lists are equivalent.
Device classes sg13_lv_nmos_72NHQF and sg13_lv_nmos_72NHQF are equivalent.

Subcircuit summary:
Circuit 1: sg13_lv_nmos_KUKXB4             |Circuit 2: sg13_lv_nmos_KUKXB4             
-------------------------------------------|-------------------------------------------
sg13_lv_nmos (24)                          |sg13_lv_nmos (24)                          
Number of devices: 24                      |Number of devices: 24                      
Number of nets: 27                         |Number of nets: 27                         
---------------------------------------------------------------------------------------
Resolving symmetries by property value.
Resolving symmetries by pin name.
Netlists match uniquely.

Subcircuit pins:
Circuit 1: sg13_lv_nmos_KUKXB4             |Circuit 2: sg13_lv_nmos_KUKXB4             
-------------------------------------------|-------------------------------------------
a_1420_n17#                                |a_1420_n17#                                
D0                                         |D0                                         
G                                          |G                                          
sub                                        |sub                                        
D2                                         |D2                                         
D22                                        |D22                                        
S3                                         |S3                                         
S21                                        |S21                                        
D4                                         |D4                                         
D20                                        |D20                                        
S5                                         |S5                                         
S19                                        |S19                                        
D18                                        |D18                                        
D6                                         |D6                                         
S17                                        |S17                                        
S7                                         |S7                                         
S9                                         |S9                                         
S15                                        |S15                                        
D12                                        |D12                                        
S11                                        |S11                                        
S13                                        |S13                                        
D10                                        |D10                                        
D14                                        |D14                                        
D8                                         |D8                                         
D16                                        |D16                                        
S1                                         |S1                                         
S23                                        |S23                                        
---------------------------------------------------------------------------------------
Cell pin lists are equivalent.
Device classes sg13_lv_nmos_KUKXB4 and sg13_lv_nmos_KUKXB4 are equivalent.

Subcircuit summary:
Circuit 1: sg13_lv_nmos_98SV2Z             |Circuit 2: sg13_lv_nmos_98SV2Z             
-------------------------------------------|-------------------------------------------
sg13_lv_nmos (4)                           |sg13_lv_nmos (4)                           
Number of devices: 4                       |Number of devices: 4                       
Number of nets: 7                          |Number of nets: 7                          
---------------------------------------------------------------------------------------
Resolving symmetries by property value.
Resolving symmetries by pin name.
Netlists match uniquely.

Subcircuit pins:
Circuit 1: sg13_lv_nmos_98SV2Z             |Circuit 2: sg13_lv_nmos_98SV2Z             
-------------------------------------------|-------------------------------------------
D0                                         |D0                                         
a_166_n823#                                |a_166_n823#                                
G                                          |G                                          
sub                                        |sub                                        
D2                                         |D2                                         
S1                                         |S1                                         
S3                                         |S3                                         
---------------------------------------------------------------------------------------
Cell pin lists are equivalent.
Device classes sg13_lv_nmos_98SV2Z and sg13_lv_nmos_98SV2Z are equivalent.

Subcircuit summary:
Circuit 1: sg13_lv_nmos_GS4QVZ             |Circuit 2: sg13_lv_nmos_GS4QVZ             
-------------------------------------------|-------------------------------------------
sg13_lv_nmos (12)                          |sg13_lv_nmos (12)                          
Number of devices: 12                      |Number of devices: 12                      
Number of nets: 15                         |Number of nets: 15                         
---------------------------------------------------------------------------------------
Resolving symmetries by property value.
Resolving symmetries by pin name.
Netlists match uniquely.

Subcircuit pins:
Circuit 1: sg13_lv_nmos_GS4QVZ             |Circuit 2: sg13_lv_nmos_GS4QVZ             
-------------------------------------------|-------------------------------------------
a_640_9#                                   |a_640_9#                                   
D0                                         |D0                                         
G                                          |G                                          
sub                                        |sub                                        
D2                                         |D2                                         
D10                                        |D10                                        
S9                                         |S9                                         
S3                                         |S3                                         
D8                                         |D8                                         
D4                                         |D4                                         
D6                                         |D6                                         
S5                                         |S5                                         
S7                                         |S7                                         
S11                                        |S11                                        
S1                                         |S1                                         
---------------------------------------------------------------------------------------
Cell pin lists are equivalent.
Device classes sg13_lv_nmos_GS4QVZ and sg13_lv_nmos_GS4QVZ are equivalent.

Subcircuit summary:
Circuit 1: rppd_XR79A4                     |Circuit 2: rppd_XR79A4                     
-------------------------------------------|-------------------------------------------
rppd (1)                                   |rppd (1)                                   
Number of devices: 1                       |Number of devices: 1                       
Number of nets: 3                          |Number of nets: 3                          
---------------------------------------------------------------------------------------
Resolving symmetries by property value.
Resolving symmetries by pin name.
Netlists match uniquely.

Subcircuit pins:
Circuit 1: rppd_XR79A4                     |Circuit 2: rppd_XR79A4                     
-------------------------------------------|-------------------------------------------
R2                                         |R2                                         
R1                                         |R1                                         
B                                          |B                                          
---------------------------------------------------------------------------------------
Cell pin lists are equivalent.
Device classes rppd_XR79A4 and rppd_XR79A4 are equivalent.

Subcircuit summary:
Circuit 1: sg13_lv_nmos_3F3Z24             |Circuit 2: sg13_lv_nmos_3F3Z24             
-------------------------------------------|-------------------------------------------
sg13_lv_nmos (12)                          |sg13_lv_nmos (12)                          
Number of devices: 12                      |Number of devices: 12                      
Number of nets: 15                         |Number of nets: 15                         
---------------------------------------------------------------------------------------
Resolving symmetries by property value.
Resolving symmetries by pin name.
Netlists match uniquely.

Subcircuit pins:
Circuit 1: sg13_lv_nmos_3F3Z24             |Circuit 2: sg13_lv_nmos_3F3Z24             
-------------------------------------------|-------------------------------------------
a_586_n53#                                 |a_586_n53#                                 
D0                                         |D0                                         
G                                          |G                                          
sub                                        |sub                                        
S1                                         |S1                                         
S11                                        |S11                                        
D2                                         |D2                                         
D10                                        |D10                                        
D6                                         |D6                                         
S5                                         |S5                                         
S7                                         |S7                                         
D4                                         |D4                                         
D8                                         |D8                                         
S9                                         |S9                                         
S3                                         |S3                                         
---------------------------------------------------------------------------------------
Cell pin lists are equivalent.
Device classes sg13_lv_nmos_3F3Z24 and sg13_lv_nmos_3F3Z24 are equivalent.

Subcircuit summary:
Circuit 1: rppd_L5CC98                     |Circuit 2: rppd_L5CC98                     
-------------------------------------------|-------------------------------------------
rppd (1)                                   |rppd (1)                                   
Number of devices: 1                       |Number of devices: 1                       
Number of nets: 3                          |Number of nets: 3                          
---------------------------------------------------------------------------------------
Resolving symmetries by property value.
Resolving symmetries by pin name.
Netlists match uniquely.

Subcircuit pins:
Circuit 1: rppd_L5CC98                     |Circuit 2: rppd_L5CC98                     
-------------------------------------------|-------------------------------------------
R2                                         |R2                                         
R1                                         |R1                                         
B                                          |B                                          
---------------------------------------------------------------------------------------
Cell pin lists are equivalent.
Device classes rppd_L5CC98 and rppd_L5CC98 are equivalent.

Subcircuit summary:
Circuit 1: rppd_RFWDE4                     |Circuit 2: rppd_RFWDE4                     
-------------------------------------------|-------------------------------------------
rppd (1)                                   |rppd (1)                                   
Number of devices: 1                       |Number of devices: 1                       
Number of nets: 3                          |Number of nets: 3                          
---------------------------------------------------------------------------------------
Resolving symmetries by property value.
Resolving symmetries by pin name.
Netlists match uniquely.

Subcircuit pins:
Circuit 1: rppd_RFWDE4                     |Circuit 2: rppd_RFWDE4                     
-------------------------------------------|-------------------------------------------
R2                                         |R2                                         
R1                                         |R1                                         
B                                          |B                                          
---------------------------------------------------------------------------------------
Cell pin lists are equivalent.
Device classes rppd_RFWDE4 and rppd_RFWDE4 are equivalent.

Subcircuit summary:
Circuit 1: sg13_lv_nmos_2HGZLP             |Circuit 2: sg13_lv_nmos_2HGZLP             
-------------------------------------------|-------------------------------------------
sg13_lv_nmos (10)                          |sg13_lv_nmos (10)                          
Number of devices: 10                      |Number of devices: 10                      
Number of nets: 13                         |Number of nets: 13                         
---------------------------------------------------------------------------------------
Resolving symmetries by property value.
Resolving symmetries by pin name.
Netlists match uniquely.

Subcircuit pins:
Circuit 1: sg13_lv_nmos_2HGZLP             |Circuit 2: sg13_lv_nmos_2HGZLP             
-------------------------------------------|-------------------------------------------
D0                                         |D0                                         
a_1722_n1090#                              |a_1722_n1090#                              
G                                          |G                                          
sub                                        |sub                                        
S9                                         |S9                                         
S1                                         |S1                                         
D8                                         |D8                                         
D2                                         |D2                                         
S5                                         |S5                                         
D6                                         |D6                                         
D4                                         |D4                                         
S3                                         |S3                                         
S7                                         |S7                                         
---------------------------------------------------------------------------------------
Cell pin lists are equivalent.
Device classes sg13_lv_nmos_2HGZLP and sg13_lv_nmos_2HGZLP are equivalent.

Subcircuit summary:
Circuit 1: sg13_lv_nmos_G385L9             |Circuit 2: sg13_lv_nmos_G385L9             
-------------------------------------------|-------------------------------------------
sg13_lv_nmos (4)                           |sg13_lv_nmos (4)                           
Number of devices: 4                       |Number of devices: 4                       
Number of nets: 7                          |Number of nets: 7                          
---------------------------------------------------------------------------------------
Resolving symmetries by property value.
Resolving symmetries by pin name.
Netlists match uniquely.

Subcircuit pins:
Circuit 1: sg13_lv_nmos_G385L9             |Circuit 2: sg13_lv_nmos_G385L9             
-------------------------------------------|-------------------------------------------
D0                                         |D0                                         
a_166_n1000#                               |a_166_n1000#                               
G                                          |G                                          
sub                                        |sub                                        
D2                                         |D2                                         
S3                                         |S3                                         
S1                                         |S1                                         
---------------------------------------------------------------------------------------
Cell pin lists are equivalent.
Device classes sg13_lv_nmos_G385L9 and sg13_lv_nmos_G385L9 are equivalent.

Subcircuit summary:
Circuit 1: sg13_lv_nmos_B8H2RM             |Circuit 2: sg13_lv_nmos_B8H2RM             
-------------------------------------------|-------------------------------------------
sg13_lv_nmos (3)                           |sg13_lv_nmos (3)                           
Number of devices: 3                       |Number of devices: 3                       
Number of nets: 6                          |Number of nets: 6                          
---------------------------------------------------------------------------------------
Resolving symmetries by property value.
Resolving symmetries by pin name.
Netlists match uniquely.

Subcircuit pins:
Circuit 1: sg13_lv_nmos_B8H2RM             |Circuit 2: sg13_lv_nmos_B8H2RM             
-------------------------------------------|-------------------------------------------
D0                                         |D0                                         
S2                                         |S2                                         
G                                          |G                                          
sub                                        |sub                                        
S1                                         |S1                                         
D2                                         |D2                                         
---------------------------------------------------------------------------------------
Cell pin lists are equivalent.
Device classes sg13_lv_nmos_B8H2RM and sg13_lv_nmos_B8H2RM are equivalent.

Subcircuit summary:
Circuit 1: rppd_HNU9MK                     |Circuit 2: rppd_HNU9MK                     
-------------------------------------------|-------------------------------------------
rppd (1)                                   |rppd (1)                                   
Number of devices: 1                       |Number of devices: 1                       
Number of nets: 3                          |Number of nets: 3                          
---------------------------------------------------------------------------------------
Resolving symmetries by property value.
Resolving symmetries by pin name.
Netlists match uniquely.

Subcircuit pins:
Circuit 1: rppd_HNU9MK                     |Circuit 2: rppd_HNU9MK                     
-------------------------------------------|-------------------------------------------
R2                                         |R2                                         
R1                                         |R1                                         
B                                          |B                                          
---------------------------------------------------------------------------------------
Cell pin lists are equivalent.
Device classes rppd_HNU9MK and rppd_HNU9MK are equivalent.

Subcircuit summary:
Circuit 1: rppd_W2KASE                     |Circuit 2: rppd_W2KASE                     
-------------------------------------------|-------------------------------------------
rppd (1)                                   |rppd (1)                                   
Number of devices: 1                       |Number of devices: 1                       
Number of nets: 3                          |Number of nets: 3                          
---------------------------------------------------------------------------------------
Resolving symmetries by property value.
Resolving symmetries by pin name.
Netlists match uniquely.

Subcircuit pins:
Circuit 1: rppd_W2KASE                     |Circuit 2: rppd_W2KASE                     
-------------------------------------------|-------------------------------------------
R2                                         |R2                                         
R1                                         |R1                                         
B                                          |B                                          
---------------------------------------------------------------------------------------
Cell pin lists are equivalent.
Device classes rppd_W2KASE and rppd_W2KASE are equivalent.

Subcircuit summary:
Circuit 1: sg13_lv_nmos_FTPY57             |Circuit 2: sg13_lv_nmos_FTPY57             
-------------------------------------------|-------------------------------------------
sg13_lv_nmos (12)                          |sg13_lv_nmos (12)                          
Number of devices: 12                      |Number of devices: 12                      
Number of nets: 15                         |Number of nets: 15                         
---------------------------------------------------------------------------------------
Resolving symmetries by property value.
Resolving symmetries by pin name.
Netlists match uniquely.

Subcircuit pins:
Circuit 1: sg13_lv_nmos_FTPY57             |Circuit 2: sg13_lv_nmos_FTPY57             
-------------------------------------------|-------------------------------------------
a_574_n53#                                 |a_574_n53#                                 
D0                                         |D0                                         
G                                          |G                                          
sub                                        |sub                                        
S11                                        |S11                                        
S1                                         |S1                                         
D10                                        |D10                                        
D2                                         |D2                                         
S9                                         |S9                                         
S3                                         |S3                                         
D8                                         |D8                                         
D4                                         |D4                                         
S7                                         |S7                                         
S5                                         |S5                                         
D6                                         |D6                                         
---------------------------------------------------------------------------------------
Cell pin lists are equivalent.
Device classes sg13_lv_nmos_FTPY57 and sg13_lv_nmos_FTPY57 are equivalent.

Subcircuit summary:
Circuit 1: rppd_XV6GFH                     |Circuit 2: rppd_XV6GFH                     
-------------------------------------------|-------------------------------------------
rppd (1)                                   |rppd (1)                                   
Number of devices: 1                       |Number of devices: 1                       
Number of nets: 3                          |Number of nets: 3                          
---------------------------------------------------------------------------------------
Resolving symmetries by property value.
Resolving symmetries by pin name.
Netlists match uniquely.

Subcircuit pins:
Circuit 1: rppd_XV6GFH                     |Circuit 2: rppd_XV6GFH                     
-------------------------------------------|-------------------------------------------
R2                                         |R2                                         
R1                                         |R1                                         
B                                          |B                                          
---------------------------------------------------------------------------------------
Cell pin lists are equivalent.
Device classes rppd_XV6GFH and rppd_XV6GFH are equivalent.

Subcircuit summary:
Circuit 1: cml_drvb                        |Circuit 2: cml_drvb                        
-------------------------------------------|-------------------------------------------
sg13_lv_nmos_5A5R5E (2)                    |sg13_lv_nmos_5A5R5E (2)                    
rppd_2ZAP6P (2)                            |rppd_2ZAP6P (2)                            
rppd_ACUNYL (1)                            |rppd_ACUNYL (1)                            
Number of devices: 5                       |Number of devices: 5                       
Number of nets: 7                          |Number of nets: 7                          
---------------------------------------------------------------------------------------
Netlists match uniquely.

Subcircuit pins:
Circuit 1: cml_drvb                        |Circuit 2: cml_drvb                        
-------------------------------------------|-------------------------------------------
VDD                                        |VDD                                        
OUTN                                       |OUTN                                       
OUTP                                       |OUTP                                       
VSS                                        |VSS                                        
INN                                        |INN                                        
INP                                        |INP                                        
---------------------------------------------------------------------------------------
Cell pin lists are equivalent.
Device classes cml_drvb and cml_drvb are equivalent.

Subcircuit summary:
Circuit 1: cml_tlatch                      |Circuit 2: cml_tlatch                      
-------------------------------------------|-------------------------------------------
sg13_lv_nmos_AD63GD (2)                    |sg13_lv_nmos_AD63GD (2)                    
rppd_6K5NNH (2)                            |rppd_6K5NNH (2)                            
sg13_lv_nmos_72NHQF (2)                    |sg13_lv_nmos_72NHQF (2)                    
sg13_lv_nmos_KUKXB4 (2)                    |sg13_lv_nmos_KUKXB4 (2)                    
sg13_lv_nmos_98SV2Z (1)                    |sg13_lv_nmos_98SV2Z (1)                    
Number of devices: 9                       |Number of devices: 9                       
Number of nets: 12                         |Number of nets: 12                         
---------------------------------------------------------------------------------------
Resolving symmetries by property value.
Resolving symmetries by pin name.
Netlists match uniquely.

Subcircuit pins:
Circuit 1: cml_tlatch                      |Circuit 2: cml_tlatch                      
-------------------------------------------|-------------------------------------------
VDD                                        |VDD                                        
OUTN                                       |OUTN                                       
OUTP                                       |OUTP                                       
VSS                                        |VSS                                        
INP                                        |INP                                        
INN                                        |INN                                        
CKP                                        |CKP                                        
CKN                                        |CKN                                        
POLN                                       |POLN                                       
---------------------------------------------------------------------------------------
Cell pin lists are equivalent.
Device classes cml_tlatch and cml_tlatch are equivalent.

Subcircuit summary:
Circuit 1: cml_mux2                        |Circuit 2: cml_mux2                        
-------------------------------------------|-------------------------------------------
sg13_lv_nmos_GS4QVZ (8)                    |sg13_lv_nmos_GS4QVZ (8)                    
rppd_XR79A4 (2)                            |rppd_XR79A4 (2)                            
sg13_lv_nmos_3F3Z24 (2)                    |sg13_lv_nmos_3F3Z24 (2)                    
rppd_L5CC98 (1)                            |rppd_L5CC98 (1)                            
Number of devices: 13                      |Number of devices: 13                      
Number of nets: 13                         |Number of nets: 13                         
---------------------------------------------------------------------------------------
Resolving symmetries by property value.
Resolving symmetries by pin name.
Resolving symmetries by net name.
Netlists match with 4 symmetries.

Subcircuit pins:
Circuit 1: cml_mux2                        |Circuit 2: cml_mux2                        
-------------------------------------------|-------------------------------------------
SP                                         |SP                                         
SN                                         |SN                                         
VSS                                        |VSS                                        
VDD                                        |VDD                                        
AN                                         |AN                                         
BP                                         |BP                                         
BN                                         |BN                                         
AP                                         |AP                                         
XP                                         |XP                                         
XN                                         |XN                                         
---------------------------------------------------------------------------------------
Cell pin lists are equivalent.
Device classes cml_mux2 and cml_mux2 are equivalent.

Class hs_to_clk (0):  Merged 2 parallel devices.
Class hs_to_clk (1):  Merged 2 parallel devices.
Subcircuit summary:
Circuit 1: hs_to_clk                       |Circuit 2: hs_to_clk                       
-------------------------------------------|-------------------------------------------
rppd_RFWDE4 (2)                            |rppd_RFWDE4 (2)                            
sg13_lv_nmos_2HGZLP (1)                    |sg13_lv_nmos_2HGZLP (1)                    
sg13_lv_nmos_G385L9 (1)                    |sg13_lv_nmos_G385L9 (1)                    
sg13_lv_nmos_B8H2RM (1)                    |sg13_lv_nmos_B8H2RM (1)                    
rppd_HNU9MK (1)                            |rppd_HNU9MK (1)                            
sg13_lv_nmos (3->1)                        |sg13_lv_nmos (3->1)                        
Number of devices: 7                       |Number of devices: 7                       
Number of nets: 9                          |Number of nets: 9                          
---------------------------------------------------------------------------------------
Netlists match uniquely.

Subcircuit pins:
Circuit 1: hs_to_clk                       |Circuit 2: hs_to_clk                       
-------------------------------------------|-------------------------------------------
POLN                                       |POLN                                       
INN                                        |INN                                        
VDD                                        |VDD                                        
INP                                        |INP                                        
OUTP                                       |OUTP                                       
OUTN                                       |OUTN                                       
VSS                                        |VSS                                        
---------------------------------------------------------------------------------------
Cell pin lists are equivalent.
Device classes hs_to_clk and hs_to_clk are equivalent.

Subcircuit summary:
Circuit 1: cml_gate2                       |Circuit 2: cml_gate2                       
-------------------------------------------|-------------------------------------------
rppd_W2KASE (2)                            |rppd_W2KASE (2)                            
sg13_lv_nmos_FTPY57 (4)                    |sg13_lv_nmos_FTPY57 (4)                    
rppd_XV6GFH (1)                            |rppd_XV6GFH (1)                            
Number of devices: 7                       |Number of devices: 7                       
Number of nets: 10                         |Number of nets: 10                         
---------------------------------------------------------------------------------------
Netlists match uniquely.

Subcircuit pins:
Circuit 1: cml_gate2                       |Circuit 2: cml_gate2                       
-------------------------------------------|-------------------------------------------
XN                                         |XN                                         
AN                                         |AN                                         
AP                                         |AP                                         
BP                                         |BP                                         
BN                                         |BN                                         
VDD                                        |VDD                                        
XP                                         |XP                                         
VSS                                        |VSS                                        
---------------------------------------------------------------------------------------
Cell pin lists are equivalent.
Device classes cml_gate2 and cml_gate2 are equivalent.

Subcircuit summary:
Circuit 1: sr16_tx                         |Circuit 2: sr16_tx                         
-------------------------------------------|-------------------------------------------
cml_drvb (4)                               |cml_drvb (4)                               
cml_tlatch (37)                            |cml_tlatch (37)                            
cml_mux2 (7)                               |cml_mux2 (7)                               
hs_to_clk (4)                              |hs_to_clk (4)                              
cml_gate2 (1)                              |cml_gate2 (1)                              
Number of devices: 53                      |Number of devices: 53                      
Number of nets: 129                        |Number of nets: 129                        
---------------------------------------------------------------------------------------
Netlists match uniquely.

Subcircuit pins:
Circuit 1: sr16_tx                         |Circuit 2: sr16_tx                         
-------------------------------------------|-------------------------------------------
MOT5_P                                     |MOT5_P                                     
MOT0_P                                     |MOT0_P                                     
MOT2_P                                     |MOT2_P                                     
MOT1_P                                     |MOT1_P                                     
MOT3_P                                     |MOT3_P                                     
MOT4_P                                     |MOT4_P                                     
MOT6_P                                     |MOT6_P                                     
MOT7_P                                     |MOT7_P                                     
MOT5_N                                     |MOT5_N                                     
MOT0_N                                     |MOT0_N                                     
MOT2_N                                     |MOT2_N                                     
MOT1_N                                     |MOT1_N                                     
MOT3_N                                     |MOT3_N                                     
MOT4_N                                     |MOT4_N                                     
MOT6_N                                     |MOT6_N                                     
MOT7_N                                     |MOT7_N                                     
DOUT_N                                     |DOUT_N                                     
DOUT_P                                     |DOUT_P                                     
POLN                                       |POLN                                       
CK_N                                       |CK_N                                       
CK_P                                       |CK_P                                       
CLK_W_N                                    |CLK_W_N                                    
CLK_W_P                                    |CLK_W_P                                    
VDD                                        |VDD                                        
VSS                                        |VSS                                        
---------------------------------------------------------------------------------------
Cell pin lists are equivalent.
Device classes sr16_tx and sr16_tx are equivalent.

Final result: Circuits match uniquely.
.
