
===========================================================================
report_checks -unconstrained
===========================================================================
======================= nom_slow_1p08V_125C Corner ===================================

Startpoint: d (input port clocked by virt)
Endpoint: hsp (output port clocked by virt)
Path Group: virt
Path Type: max

Fanout         Cap        Slew       Delay        Time   Description
---------------------------------------------------------------------------------------------
                                  0.000000    0.000000 v input external delay
     2    0.007136    0.032248    0.008170    0.008170 v d (in)
                                                         d (net)
                      0.032249    0.000000    0.008170 v xdb1/A (sg13g2_inv_1)
     1    0.003127    0.032807    0.042712    0.050882 ^ xdb1/Y (sg13g2_inv_1)
                                                         db1 (net)
                      0.032807    0.000125    0.051007 ^ xdb2/A (sg13g2_inv_1)
     1    0.003455    0.028682    0.042241    0.093248 v xdb2/Y (sg13g2_inv_1)
                                                         db2 (net)
                      0.028685    0.000258    0.093506 v xdb/A (sg13g2_inv_1)
     1    0.006066    0.049291    0.054698    0.148204 ^ xdb/Y (sg13g2_inv_1)
                                                         db (net)
                      0.049293    0.000246    0.148451 ^ xnp/A (sg13g2_nand2_2)
     1    0.049216    0.250100    0.227359    0.375810 v xnp/Y (sg13g2_nand2_2)
                                                         np (net)
                      0.250198    0.004155    0.379965 v xop/A (sg13g2_inv_16)
     1    0.401146    0.201648    0.246082    0.626046 ^ xop/Y (sg13g2_inv_16)
                                                         hsp (net)
                      0.204333    0.018506    0.644553 ^ hsp (out)
                                              0.644553   data arrival time

                                  1.000000    1.000000   max_delay
                                  0.000000    1.000000   clock reconvergence pessimism
                                  0.000000    1.000000   output external delay
                                              1.000000   data required time
---------------------------------------------------------------------------------------------
                                              1.000000   data required time
                                             -0.644553   data arrival time
---------------------------------------------------------------------------------------------
                                              0.355447   slack (MET)




===========================================================================
report_checks --slack_max -0.01
============================================================================
======================= nom_slow_1p08V_125C Corner ===================================

No paths found.


===========================================================================
 report_check_types -max_slew -max_cap -max_fanout -violators
============================================================================
======================= nom_slow_1p08V_125C Corner ===================================

max slew

Pin                                        Limit        Slew       Slack
------------------------------------------------------------------------
xop/A                                   0.250000    0.250198   -0.000198 (VIOLATED)
xnp/Y                                   0.250000    0.250100   -0.000100 (VIOLATED)



===========================================================================
report_parasitic_annotation -report_unannotated
============================================================================
Found 0 unannotated drivers.
Found 0 partially unannotated drivers.

===========================================================================
max slew violation count 2
max fanout violation count 0
max cap violation count 0
============================================================================

===========================================================================
check_setup -verbose -unconstrained_endpoints -multiple_clock -no_clock -no_input_delay -loops -generated_clocks
===========================================================================
