
===========================================================================
report_checks -unconstrained
===========================================================================
======================= nom_typ_1p20V_25C Corner ===================================

Startpoint: _134681_ (rising edge-triggered flip-flop clocked by clk)
Endpoint: _133031_ (recovery check against rising-edge clock clk)
Path Group: asynchronous
Path Type: max

Fanout         Cap        Slew       Delay        Time   Description
---------------------------------------------------------------------------------------------
                                  0.000000    0.000000   clock clk (rise edge)
                                  0.000000    0.000000   clock source latency
     1    0.164875    0.151562    0.197936    0.197936 ^ clk (in)
                                                         clk (net)
                      0.293657    0.000000    0.197936 ^ clkbuf_0_clk/A (sg13g2_buf_16)
     2    0.024733    0.033287    0.157808    0.355744 ^ clkbuf_0_clk/X (sg13g2_buf_16)
                                                         clknet_0_clk (net)
                      0.033313    0.001934    0.357679 ^ clkbuf_1_1_0_clk/A (sg13g2_buf_8)
     1    0.029939    0.027925    0.076529    0.434208 ^ clkbuf_1_1_0_clk/X (sg13g2_buf_8)
                                                         clknet_1_1_0_clk (net)
                      0.029224    0.005491    0.439699 ^ clkbuf_1_1_1_clk/A (sg13g2_buf_8)
     1    0.032508    0.028761    0.075220    0.514919 ^ clkbuf_1_1_1_clk/X (sg13g2_buf_8)
                                                         clknet_1_1_1_clk (net)
                      0.030823    0.006673    0.521591 ^ clkbuf_1_1_2_clk/A (sg13g2_buf_8)
     2    0.035103    0.030012    0.077170    0.598761 ^ clkbuf_1_1_2_clk/X (sg13g2_buf_8)
                                                         clknet_1_1_2_clk (net)
                      0.031196    0.004672    0.603433 ^ clkbuf_2_2_0_clk/A (sg13g2_buf_8)
     1    0.031244    0.028335    0.075811    0.679244 ^ clkbuf_2_2_0_clk/X (sg13g2_buf_8)
                                                         clknet_2_2_0_clk (net)
                      0.030229    0.006565    0.685809 ^ clkbuf_2_2_1_clk/A (sg13g2_buf_8)
     1    0.026290    0.026284    0.074102    0.759911 ^ clkbuf_2_2_1_clk/X (sg13g2_buf_8)
                                                         clknet_2_2_1_clk (net)
                      0.026691    0.003709    0.763620 ^ clkbuf_2_2_2_clk/A (sg13g2_buf_8)
     2    0.033028    0.028775    0.073722    0.837342 ^ clkbuf_2_2_2_clk/X (sg13g2_buf_8)
                                                         clknet_2_2_2_clk (net)
                      0.031019    0.006517    0.843860 ^ clkbuf_3_4_0_clk/A (sg13g2_buf_8)
     2    0.037259    0.030908    0.077650    0.921510 ^ clkbuf_3_4_0_clk/X (sg13g2_buf_8)
                                                         clknet_3_4_0_clk (net)
                      0.033010    0.006397    0.927907 ^ clkbuf_4_8_0_clk/A (sg13g2_buf_8)
     2    0.035744    0.030459    0.078734    1.006641 ^ clkbuf_4_8_0_clk/X (sg13g2_buf_8)
                                                         clknet_4_8_0_clk (net)
                      0.031219    0.003662    1.010304 ^ clkbuf_5_17_0_clk/A (sg13g2_buf_8)
     2    0.029466    0.027789    0.076200    1.086504 ^ clkbuf_5_17_0_clk/X (sg13g2_buf_8)
                                                         clknet_5_17_0_clk (net)
                      0.027890    0.002047    1.088550 ^ clkbuf_6_34_0_clk/A (sg13g2_buf_8)
     2    0.029556    0.027642    0.074398    1.162948 ^ clkbuf_6_34_0_clk/X (sg13g2_buf_8)
                                                         clknet_6_34_0_clk (net)
                      0.027843    0.002514    1.165462 ^ clkbuf_7_69_0_clk/A (sg13g2_buf_8)
     6    0.082167    0.052766    0.094562    1.260024 ^ clkbuf_7_69_0_clk/X (sg13g2_buf_8)
                                                         clknet_7_69_0_clk (net)
                      0.053822    0.006196    1.266220 ^ clkbuf_leaf_189_clk/A (sg13g2_buf_8)
     8    0.037111    0.032086    0.090695    1.356915 ^ clkbuf_leaf_189_clk/X (sg13g2_buf_8)
                                                         clknet_leaf_189_clk (net)
                      0.032310    0.002073    1.358988 ^ _134681_/CLK (sg13g2_dfrbpq_1)
     2    0.042589    0.176818    0.292826    1.651815 ^ _134681_/Q (sg13g2_dfrbpq_1)
                                                         llp.u_rx.rst_n (net)
                      0.177175    0.006057    1.657872 ^ fanout568/A (sg13g2_buf_1)
     4    0.118861    0.486372    0.447602    2.105474 ^ fanout568/X (sg13g2_buf_1)
                                                         net568 (net)
                      0.487631    0.021341    2.126815 ^ fanout567/A (sg13g2_buf_1)
     5    0.145554    0.598022    0.553517    2.680332 ^ fanout567/X (sg13g2_buf_1)
                                                         net567 (net)
                      0.609538    0.069696    2.750029 ^ fanout465/A (sg13g2_buf_1)
     4    0.069890    0.289724    0.386713    3.136741 ^ fanout465/X (sg13g2_buf_1)
                                                         net465 (net)
                      0.290384    0.011861    3.148603 ^ fanout428/A (sg13g2_buf_1)
     4    0.063208    0.262431    0.315653    3.464255 ^ fanout428/X (sg13g2_buf_1)
                                                         net428 (net)
                      0.262470    0.002835    3.467090 ^ fanout415/A (sg13g2_buf_1)
     5    0.060601    0.252037    0.301573    3.768663 ^ fanout415/X (sg13g2_buf_1)
                                                         net415 (net)
                      0.252627    0.010487    3.779150 ^ fanout414/A (sg13g2_buf_1)
     6    0.055647    0.231755    0.287447    4.066597 ^ fanout414/X (sg13g2_buf_1)
                                                         net414 (net)
                      0.231765    0.001352    4.067949 ^ fanout413/A (sg13g2_buf_1)
     8    0.058157    0.241619    0.291119    4.359068 ^ fanout413/X (sg13g2_buf_1)
                                                         net413 (net)
                      0.241662    0.002846    4.361914 ^ fanout412/A (sg13g2_buf_1)
     8    0.061482    0.254923    0.303035    4.664949 ^ fanout412/X (sg13g2_buf_1)
                                                         net412 (net)
                      0.255016    0.004238    4.669188 ^ _133031_/RESET_B (sg13g2_dfrbpq_1)
                                              4.669188   data arrival time

                                  7.992000    7.992000   clock clk (rise edge)
                                  0.000000    7.992000   clock source latency
     1    0.162202    0.150085    0.175537    8.167537 ^ clk (in)
                                                         clk (net)
                      0.286775    0.000000    8.167537 ^ clkbuf_0_clk/A (sg13g2_buf_16)
     2    0.022170    0.032416    0.140788    8.308325 ^ clkbuf_0_clk/X (sg13g2_buf_16)
                                                         clknet_0_clk (net)
                      0.032436    0.001579    8.309904 ^ clkbuf_1_0_0_clk/A (sg13g2_buf_8)
     1    0.027889    0.027048    0.068258    8.378162 ^ clkbuf_1_0_0_clk/X (sg13g2_buf_8)
                                                         clknet_1_0_0_clk (net)
                      0.028036    0.004524    8.382687 ^ clkbuf_1_0_1_clk/A (sg13g2_buf_8)
     1    0.033008    0.028752    0.067196    8.449883 ^ clkbuf_1_0_1_clk/X (sg13g2_buf_8)
                                                         clknet_1_0_1_clk (net)
                      0.032063    0.007556    8.457438 ^ clkbuf_1_0_2_clk/A (sg13g2_buf_8)
     2    0.035593    0.029862    0.069433    8.526872 ^ clkbuf_1_0_2_clk/X (sg13g2_buf_8)
                                                         clknet_1_0_2_clk (net)
                      0.033075    0.006871    8.533743 ^ clkbuf_2_1_0_clk/A (sg13g2_buf_8)
     1    0.032547    0.028831    0.069407    8.603149 ^ clkbuf_2_1_0_clk/X (sg13g2_buf_8)
                                                         clknet_2_1_0_clk (net)
                      0.031433    0.006529    8.609678 ^ clkbuf_2_1_1_clk/A (sg13g2_buf_8)
     1    0.027474    0.026697    0.067325    8.677003 ^ clkbuf_2_1_1_clk/X (sg13g2_buf_8)
                                                         clknet_2_1_1_clk (net)
                      0.028796    0.006383    8.683387 ^ clkbuf_2_1_2_clk/A (sg13g2_buf_8)
     2    0.033235    0.028965    0.067911    8.751298 ^ clkbuf_2_1_2_clk/X (sg13g2_buf_8)
                                                         clknet_2_1_2_clk (net)
                      0.030863    0.005473    8.756771 ^ clkbuf_3_2_0_clk/A (sg13g2_buf_8)
     2    0.039006    0.030892    0.069242    8.826013 ^ clkbuf_3_2_0_clk/X (sg13g2_buf_8)
                                                         clknet_3_2_0_clk (net)
                      0.037322    0.010132    8.836144 ^ clkbuf_4_4_0_clk/A (sg13g2_buf_8)
     2    0.045834    0.035443    0.075913    8.912058 ^ clkbuf_4_4_0_clk/X (sg13g2_buf_8)
                                                         clknet_4_4_0_clk (net)
                      0.037105    0.005406    8.917464 ^ clkbuf_5_9_0_clk/A (sg13g2_buf_8)
     2    0.031086    0.028619    0.071790    8.989254 ^ clkbuf_5_9_0_clk/X (sg13g2_buf_8)
                                                         clknet_5_9_0_clk (net)
                      0.028939    0.002554    8.991808 ^ clkbuf_6_18_0_clk/A (sg13g2_buf_8)
     2    0.030495    0.028100    0.068137    9.059944 ^ clkbuf_6_18_0_clk/X (sg13g2_buf_8)
                                                         clknet_6_18_0_clk (net)
                      0.028312    0.002255    9.062200 ^ clkbuf_7_36_0_clk/A (sg13g2_buf_8)
     6    0.086996    0.055731    0.086319    9.148519 ^ clkbuf_7_36_0_clk/X (sg13g2_buf_8)
                                                         clknet_7_36_0_clk (net)
                      0.056475    0.004849    9.153367 ^ clkbuf_leaf_548_clk/A (sg13g2_buf_8)
     8    0.034292    0.031047    0.082499    9.235867 ^ clkbuf_leaf_548_clk/X (sg13g2_buf_8)
                                                         clknet_leaf_548_clk (net)
                      0.031059    0.000886    9.236753 ^ _133031_/CLK (sg13g2_dfrbpq_1)
                                 -0.250000    8.986753   clock uncertainty
                                  0.039420    9.026173   clock reconvergence pessimism
                                 -0.191280    8.834893   library recovery time
                                              8.834893   data required time
---------------------------------------------------------------------------------------------
                                              8.834893   data required time
                                             -4.669188   data arrival time
---------------------------------------------------------------------------------------------
                                              4.165706   slack (MET)


Startpoint: _132232_ (rising edge-triggered flip-flop clocked by clk_w)
Endpoint: _131967_ (rising edge-triggered flip-flop clocked by clk)
Path Group: path delay
Path Type: max

Fanout         Cap        Slew       Delay        Time   Description
---------------------------------------------------------------------------------------------
                      0.031926    0.000000    0.000000 ^ _132232_/CLK (sg13g2_dfrbpq_1)
     1    0.002967    0.019746    0.173683    0.173683 v _132232_/Q (sg13g2_dfrbpq_1)
                                                         lm.sit.fifo.mem[0][3] (net)
                      0.019746    0.000235    0.173917 v _115385_/A (sg13g2_buf_1)
     2    0.011394    0.043845    0.082460    0.256377 v _115385_/X (sg13g2_buf_1)
                                                         _051950_ (net)
                      0.043849    0.000440    0.256817 v _115387_/A2 (sg13g2_a22oi_1)
     1    0.003007    0.090684    0.087064    0.343881 ^ _115387_/Y (sg13g2_a22oi_1)
                                                         _051952_ (net)
                      0.090684    0.000232    0.344113 ^ _115388_/A (sg13g2_buf_1)
     1    0.005459    0.033838    0.098188    0.442302 ^ _115388_/X (sg13g2_buf_1)
                                                         _051953_ (net)
                      0.033851    0.000371    0.442673 ^ _115393_/C (sg13g2_and4_1)
     1    0.012015    0.071540    0.190812    0.633484 ^ _115393_/X (sg13g2_and4_1)
                                                         _051958_ (net)
                      0.071551    0.000939    0.634423 ^ _115394_/A (sg13g2_buf_1)
     3    0.038517    0.162416    0.187647    0.822070 ^ _115394_/X (sg13g2_buf_1)
                                                         _051959_ (net)
                      0.162448    0.001989    0.824059 ^ _115944_/A (sg13g2_and2_1)
     1    0.003640    0.033261    0.130960    0.955019 ^ _115944_/X (sg13g2_and2_1)
                                                         _052469_ (net)
                      0.033261    0.000153    0.955172 ^ _115945_/A (sg13g2_buf_1)
     2    0.007792    0.040733    0.079386    1.034559 ^ _115945_/X (sg13g2_buf_1)
                                                         _052470_ (net)
                      0.040740    0.000576    1.035135 ^ _115946_/B (sg13g2_nand2_1)
     1    0.003271    0.052595    0.054346    1.089481 v _115946_/Y (sg13g2_nand2_1)
                                                         _052471_ (net)
                      0.052596    0.000262    1.089743 v _115947_/A (sg13g2_buf_1)
     2    0.007252    0.032362    0.086546    1.176289 v _115947_/X (sg13g2_buf_1)
                                                         _052472_ (net)
                      0.032363    0.000226    1.176515 v _115948_/B (sg13g2_nor2_1)
     1    0.002918    0.051359    0.053517    1.230032 ^ _115948_/Y (sg13g2_nor2_1)
                                                         _052473_ (net)
                      0.051359    0.000121    1.230153 ^ _115949_/A (sg13g2_buf_1)
     2    0.007172    0.038919    0.085774    1.315927 ^ _115949_/X (sg13g2_buf_1)
                                                         _052474_ (net)
                      0.038919    0.000222    1.316149 ^ _115950_/B (sg13g2_and2_1)
     1    0.002926    0.029337    0.089065    1.405214 ^ _115950_/X (sg13g2_and2_1)
                                                         _052475_ (net)
                      0.029337    0.000121    1.405335 ^ _115951_/A (sg13g2_buf_1)
     3    0.014869    0.068524    0.099290    1.504625 ^ _115951_/X (sg13g2_buf_1)
                                                         _052476_ (net)
                      0.068525    0.000415    1.505041 ^ _115964_/B1 (sg13g2_o21ai_1)
     1    0.003287    0.060231    0.057414    1.562455 v _115964_/Y (sg13g2_o21ai_1)
                                                         _052488_ (net)
                      0.060231    0.000254    1.562709 v _115965_/A (sg13g2_buf_1)
     1    0.004043    0.023809    0.081631    1.644339 v _115965_/X (sg13g2_buf_1)
                                                         _052489_ (net)
                      0.023815    0.000169    1.644509 v _115973_/A2 (sg13g2_a21oi_1)
     1    0.006937    0.087024    0.096126    1.740635 ^ _115973_/Y (sg13g2_a21oi_1)
                                                         _052497_ (net)
                      0.087027    0.000573    1.741208 ^ _115977_/A2 (sg13g2_o21ai_1)
     1    0.004542    0.083938    0.080040    1.821248 v _115977_/Y (sg13g2_o21ai_1)
                                                         _052501_ (net)
                      0.083938    0.000164    1.821412 v _115978_/A (sg13g2_buf_1)
     1    0.004309    0.025272    0.092856    1.914267 v _115978_/X (sg13g2_buf_1)
                                                         _052502_ (net)
                      0.025278    0.000183    1.914450 v _115980_/A2 (sg13g2_a21oi_1)
     1    0.003708    0.077174    0.076921    1.991371 ^ _115980_/Y (sg13g2_a21oi_1)
                                                         _052504_ (net)
                      0.077174    0.000156    1.991527 ^ _115981_/B (sg13g2_nor2_1)
     1    0.002185    0.033580    0.043691    2.035218 v _115981_/Y (sg13g2_nor2_1)
                                                         _002946_ (net)
                      0.033580    0.000088    2.035306 v _131967_/D (sg13g2_dfrbpq_1)
                                              2.035306   data arrival time

                                  7.992000    7.992000   max_delay
                                 -0.114635    7.877365   library setup time
                                              7.877365   data required time
---------------------------------------------------------------------------------------------
                                              7.877365   data required time
                                             -2.035306   data arrival time
---------------------------------------------------------------------------------------------
                                              5.842059   slack (MET)


Startpoint: _132972_ (rising edge-triggered flip-flop clocked by clk)
Endpoint: _129761_ (rising edge-triggered flip-flop clocked by clk)
Path Group: clk
Path Type: max

Fanout         Cap        Slew       Delay        Time   Description
---------------------------------------------------------------------------------------------
                                  0.000000    0.000000   clock clk (rise edge)
                                  0.000000    0.000000   clock source latency
     1    0.164875    0.151562    0.197936    0.197936 ^ clk (in)
                                                         clk (net)
                      0.293657    0.000000    0.197936 ^ clkbuf_0_clk/A (sg13g2_buf_16)
     2    0.024733    0.033287    0.157808    0.355744 ^ clkbuf_0_clk/X (sg13g2_buf_16)
                                                         clknet_0_clk (net)
                      0.033314    0.001976    0.357720 ^ clkbuf_1_0_0_clk/A (sg13g2_buf_8)
     1    0.029170    0.027609    0.076278    0.433998 ^ clkbuf_1_0_0_clk/X (sg13g2_buf_8)
                                                         clknet_1_0_0_clk (net)
                      0.028803    0.005332    0.439330 ^ clkbuf_1_0_1_clk/A (sg13g2_buf_8)
     1    0.034289    0.029253    0.074967    0.514297 ^ clkbuf_1_0_1_clk/X (sg13g2_buf_8)
                                                         clknet_1_0_1_clk (net)
                      0.033052    0.008832    0.523129 ^ clkbuf_1_0_2_clk/A (sg13g2_buf_8)
     2    0.038155    0.031095    0.077902    0.601030 ^ clkbuf_1_0_2_clk/X (sg13g2_buf_8)
                                                         clknet_1_0_2_clk (net)
                      0.034695    0.008181    0.609211 ^ clkbuf_2_1_0_clk/A (sg13g2_buf_8)
     1    0.033828    0.029395    0.077885    0.687095 ^ clkbuf_2_1_0_clk/X (sg13g2_buf_8)
                                                         clknet_2_1_0_clk (net)
                      0.032328    0.007597    0.694693 ^ clkbuf_2_1_1_clk/A (sg13g2_buf_8)
     1    0.028755    0.027219    0.075194    0.769887 ^ clkbuf_2_1_1_clk/X (sg13g2_buf_8)
                                                         clknet_2_1_1_clk (net)
                      0.029730    0.007569    0.777455 ^ clkbuf_2_1_2_clk/A (sg13g2_buf_8)
     2    0.035797    0.030123    0.076262    0.853717 ^ clkbuf_2_1_2_clk/X (sg13g2_buf_8)
                                                         clknet_2_1_2_clk (net)
                      0.032379    0.006485    0.860202 ^ clkbuf_3_3_0_clk/A (sg13g2_buf_8)
     2    0.039589    0.031998    0.078916    0.939118 ^ clkbuf_3_3_0_clk/X (sg13g2_buf_8)
                                                         clknet_3_3_0_clk (net)
                      0.034358    0.006779    0.945898 ^ clkbuf_4_7_0_clk/A (sg13g2_buf_8)
     2    0.042701    0.033716    0.080640    1.026538 ^ clkbuf_4_7_0_clk/X (sg13g2_buf_8)
                                                         clknet_4_7_0_clk (net)
                      0.036602    0.007790    1.034328 ^ clkbuf_5_14_0_clk/A (sg13g2_buf_8)
     2    0.035402    0.030454    0.080418    1.114746 ^ clkbuf_5_14_0_clk/X (sg13g2_buf_8)
                                                         clknet_5_14_0_clk (net)
                      0.031597    0.004767    1.119513 ^ clkbuf_6_29_0_clk/A (sg13g2_buf_8)
     2    0.034720    0.029996    0.078144    1.197657 ^ clkbuf_6_29_0_clk/X (sg13g2_buf_8)
                                                         clknet_6_29_0_clk (net)
                      0.030379    0.002685    1.200342 ^ clkbuf_7_58_0_clk/A (sg13g2_buf_8)
     6    0.142303    0.084354    0.112854    1.313196 ^ clkbuf_7_58_0_clk/X (sg13g2_buf_8)
                                                         clknet_7_58_0_clk (net)
                      0.088575    0.015410    1.328606 ^ clkbuf_leaf_510_clk/A (sg13g2_buf_8)
     8    0.056298    0.042268    0.115325    1.443931 ^ clkbuf_leaf_510_clk/X (sg13g2_buf_8)
                                                         clknet_leaf_510_clk (net)
                      0.042851    0.003935    1.447867 ^ _132972_/CLK (sg13g2_dfrbpq_2)
     2    0.046427    0.082644    0.248077    1.695944 v _132972_/Q (sg13g2_dfrbpq_2)
                                                         net176 (net)
                      0.083254    0.006305    1.702249 v _082600_/A (sg13g2_buf_8)
     2    0.024578    0.026512    0.106948    1.809197 v _082600_/X (sg13g2_buf_8)
                                                         _021861_ (net)
                      0.026544    0.001919    1.811116 v _082601_/A (sg13g2_buf_16)
     2    0.028628    0.021535    0.075053    1.886169 v _082601_/X (sg13g2_buf_16)
                                                         _021862_ (net)
                      0.021620    0.002453    1.888622 v _082602_/A (sg13g2_buf_16)
     2    0.035611    0.022574    0.073599    1.962220 v _082602_/X (sg13g2_buf_16)
                                                         _021863_ (net)
                      0.022786    0.003524    1.965745 v _082609_/A (sg13g2_buf_16)
     5    0.063446    0.027104    0.078130    2.043875 v _082609_/X (sg13g2_buf_16)
                                                         _021870_ (net)
                      0.029137    0.006550    2.050425 v _082610_/A (sg13g2_buf_16)
     6    0.038528    0.023312    0.077953    2.128378 v _082610_/X (sg13g2_buf_16)
                                                         _021871_ (net)
                      0.023369    0.002199    2.130577 v _084992_/C (sg13g2_nand3_1)
     1    0.004635    0.038580    0.045935    2.176512 ^ _084992_/Y (sg13g2_nand3_1)
                                                         _024181_ (net)
                      0.038580    0.000374    2.176886 ^ _084993_/A (sg13g2_buf_4)
     1    0.007485    0.025950    0.091104    2.267990 ^ _084993_/X (sg13g2_buf_4)
                                                         _024182_ (net)
                      0.025953    0.000606    2.268596 ^ _084994_/A2 (sg13g2_a21oi_2)
     1    0.011261    0.052108    0.068262    2.336858 v _084994_/Y (sg13g2_a21oi_2)
                                                         _024183_ (net)
                      0.052158    0.000893    2.337751 v _084995_/A (sg13g2_buf_8)
     2    0.009154    0.020269    0.085943    2.423694 v _084995_/X (sg13g2_buf_8)
                                                         _024184_ (net)
                      0.020277    0.000847    2.424541 v _085004_/A1 (sg13g2_o21ai_1)
     1    0.005112    0.084436    0.100958    2.525499 ^ _085004_/Y (sg13g2_o21ai_1)
                                                         _024193_ (net)
                      0.084437    0.000384    2.525883 ^ _085005_/A (sg13g2_buf_2)
     1    0.004840    0.024927    0.098234    2.624117 ^ _085005_/X (sg13g2_buf_2)
                                                         _024194_ (net)
                      0.024928    0.000358    2.624475 ^ _085020_/B (sg13g2_nand4_1)
     1    0.015168    0.193663    0.194769    2.819244 v _085020_/Y (sg13g2_nand4_1)
                                                         _024209_ (net)
                      0.193679    0.001518    2.820761 v _085021_/A (sg13g2_buf_4)
     1    0.006926    0.028248    0.139939    2.960700 v _085021_/X (sg13g2_buf_4)
                                                         _024210_ (net)
                      0.028250    0.000462    2.961162 v _085045_/A2 (sg13g2_o21ai_1)
     1    0.029701    0.316014    0.275300    3.236463 ^ _085045_/Y (sg13g2_o21ai_1)
                                                         _024234_ (net)
                      0.316080    0.003954    3.240417 ^ _085046_/A (sg13g2_buf_8)
     4    0.016431    0.035814    0.165175    3.405591 ^ _085046_/X (sg13g2_buf_8)
                                                         _024235_ (net)
                      0.035821    0.001005    3.406597 ^ _085086_/C1 (sg13g2_a221oi_1)
     1    0.005096    0.076660    0.042920    3.449517 v _085086_/Y (sg13g2_a221oi_1)
                                                         _024275_ (net)
                      0.076661    0.000405    3.449922 v _085087_/A (sg13g2_buf_4)
     1    0.006861    0.022586    0.099031    3.548953 v _085087_/X (sg13g2_buf_4)
                                                         _024276_ (net)
                      0.022589    0.000567    3.549520 v _085089_/B (sg13g2_nor4_2)
     1    0.010462    0.144975    0.172506    3.722025 ^ _085089_/Y (sg13g2_nor4_2)
                                                         _024278_ (net)
                      0.144975    0.000473    3.722499 ^ _085090_/A (sg13g2_buf_8)
     2    0.007260    0.023713    0.117135    3.839634 ^ _085090_/X (sg13g2_buf_8)
                                                         _024279_ (net)
                      0.023714    0.000222    3.839856 ^ _085103_/A (sg13g2_and4_1)
     1    0.009878    0.063057    0.155614    3.995470 ^ _085103_/X (sg13g2_and4_1)
                                                         _024292_ (net)
                      0.063066    0.000822    3.996292 ^ _085104_/A (sg13g2_buf_8)
     5    0.020155    0.025235    0.088995    4.085287 ^ _085104_/X (sg13g2_buf_8)
                                                         _024293_ (net)
                      0.025246    0.001184    4.086471 ^ _085230_/B (sg13g2_or4_1)
     1    0.003129    0.026277    0.080562    4.167033 ^ _085230_/X (sg13g2_or4_1)
                                                         _024419_ (net)
                      0.026277    0.000232    4.167264 ^ _085231_/A (sg13g2_buf_1)
     1    0.004326    0.027340    0.065727    4.232991 ^ _085231_/X (sg13g2_buf_1)
                                                         _024420_ (net)
                      0.027341    0.000355    4.233346 ^ _085236_/A1 (sg13g2_mux2_1)
     1    0.009907    0.055762    0.111950    4.345296 ^ _085236_/X (sg13g2_mux2_1)
                                                         _024425_ (net)
                      0.055764    0.000434    4.345731 ^ _085237_/A (sg13g2_buf_8)
     1    0.003913    0.017576    0.078776    4.424506 ^ _085237_/X (sg13g2_buf_8)
                                                         _024426_ (net)
                      0.017576    0.000164    4.424670 ^ _085546_/A2 (sg13g2_a22oi_1)
     1    0.013801    0.100117    0.106694    4.531364 v _085546_/Y (sg13g2_a22oi_1)
                                                         _024735_ (net)
                      0.100140    0.001277    4.532640 v _085547_/A (sg13g2_buf_8)
     3    0.013332    0.023427    0.110937    4.643578 v _085547_/X (sg13g2_buf_8)
                                                         _024736_ (net)
                      0.023433    0.000747    4.644325 v _085565_/A2 (sg13g2_o21ai_1)
     1    0.018792    0.212411    0.194806    4.839131 ^ _085565_/Y (sg13g2_o21ai_1)
                                                         _024754_ (net)
                      0.212415    0.000810    4.839942 ^ _085566_/A (sg13g2_buf_16)
     3    0.038809    0.032537    0.140698    4.980639 ^ _085566_/X (sg13g2_buf_16)
                                                         _024755_ (net)
                      0.032699    0.004075    4.984714 ^ _088787_/A (sg13g2_nand3_1)
     1    0.005971    0.072678    0.083045    5.067759 v _088787_/Y (sg13g2_nand3_1)
                                                         _027970_ (net)
                      0.072679    0.000425    5.068183 v _088788_/A (sg13g2_buf_4)
     1    0.003976    0.020519    0.094956    5.163139 v _088788_/X (sg13g2_buf_4)
                                                         _027971_ (net)
                      0.020520    0.000326    5.163465 v _088794_/B2 (sg13g2_a221oi_1)
     1    0.014314    0.236595    0.237443    5.400908 ^ _088794_/Y (sg13g2_a221oi_1)
                                                         _027977_ (net)
                      0.236605    0.001275    5.402184 ^ _088795_/A (sg13g2_buf_8)
     2    0.029637    0.037491    0.150969    5.553153 ^ _088795_/X (sg13g2_buf_8)
                                                         _027978_ (net)
                      0.037628    0.003928    5.557081 ^ _088800_/A (sg13g2_nor2_2)
     1    0.018336    0.041522    0.055577    5.612658 v _088800_/Y (sg13g2_nor2_2)
                                                         _027983_ (net)
                      0.041604    0.001553    5.614212 v _088801_/A (sg13g2_buf_16)
     4    0.025235    0.021444    0.082063    5.696275 v _088801_/X (sg13g2_buf_16)
                                                         _027984_ (net)
                      0.021509    0.002192    5.698467 v _089337_/S (sg13g2_mux2_2)
     1    0.004747    0.039053    0.143764    5.842231 v _089337_/X (sg13g2_mux2_2)
                                                         _028518_ (net)
                      0.039054    0.000362    5.842594 v _089338_/A (sg13g2_buf_4)
     1    0.004011    0.019340    0.078036    5.920630 v _089338_/X (sg13g2_buf_4)
                                                         _028519_ (net)
                      0.019340    0.000320    5.920950 v _089343_/A2 (sg13g2_o21ai_1)
     1    0.035877    0.374921    0.314592    6.235542 ^ _089343_/Y (sg13g2_o21ai_1)
                                                         _028524_ (net)
                      0.375059    0.006232    6.241775 ^ _089344_/A (sg13g2_buf_8)
     1    0.003852    0.033091    0.170397    6.412172 ^ _089344_/X (sg13g2_buf_8)
                                                         _028525_ (net)
                      0.033091    0.000160    6.412333 ^ _089376_/A (sg13g2_nand4_1)
     1    0.025424    0.300696    0.269211    6.681543 v _089376_/Y (sg13g2_nand4_1)
                                                         _028557_ (net)
                      0.300758    0.003754    6.685298 v _089377_/A (sg13g2_buf_4)
     1    0.004210    0.032000    0.163405    6.848703 v _089377_/X (sg13g2_buf_4)
                                                         _028558_ (net)
                      0.032000    0.000313    6.849016 v _089378_/C1 (sg13g2_a221oi_1)
     1    0.016285    0.260150    0.188778    7.037794 ^ _089378_/Y (sg13g2_a221oi_1)
                                                         _028559_ (net)
                      0.260154    0.000859    7.038653 ^ _089379_/A (sg13g2_buf_8)
     2    0.006352    0.028992    0.147239    7.185892 ^ _089379_/X (sg13g2_buf_8)
                                                         _028560_ (net)
                      0.028992    0.000421    7.186313 ^ _089695_/A (sg13g2_nand4_1)
     1    0.004393    0.085174    0.092181    7.278493 v _089695_/Y (sg13g2_nand4_1)
                                                         _028873_ (net)
                      0.085175    0.000361    7.278855 v _089696_/A (sg13g2_buf_4)
     1    0.006536    0.022665    0.103130    7.381985 v _089696_/X (sg13g2_buf_4)
                                                         _028874_ (net)
                      0.022666    0.000278    7.382263 v _089697_/B1 (sg13g2_a21oi_2)
     1    0.023414    0.117986    0.113125    7.495388 ^ _089697_/Y (sg13g2_a21oi_2)
                                                         _028875_ (net)
                      0.118041    0.002155    7.497542 ^ _089698_/A (sg13g2_buf_16)
     4    0.021661    0.024114    0.109575    7.607117 ^ _089698_/X (sg13g2_buf_16)
                                                         _028876_ (net)
                      0.024137    0.001494    7.608611 ^ _090022_/A (sg13g2_nand4_1)
     1    0.005124    0.092203    0.096549    7.705160 v _090022_/Y (sg13g2_nand4_1)
                                                         _029197_ (net)
                      0.092204    0.000382    7.705542 v _090023_/A (sg13g2_buf_4)
     1    0.006507    0.022898    0.106617    7.812159 v _090023_/X (sg13g2_buf_4)
                                                         _029198_ (net)
                      0.022901    0.000542    7.812701 v _090024_/B (sg13g2_xor2_1)
     1    0.008240    0.066449    0.107271    7.919971 v _090024_/X (sg13g2_xor2_1)
                                                         _029199_ (net)
                      0.066484    0.000635    7.920607 v _090025_/A1 (sg13g2_mux2_2)
     1    0.006929    0.042442    0.156292    8.076899 v _090025_/X (sg13g2_mux2_2)
                                                         _029200_ (net)
                      0.042442    0.000567    8.077465 v _090026_/A (sg13g2_buf_4)
     1    0.002250    0.018198    0.078477    8.155942 v _090026_/X (sg13g2_buf_4)
                                                         _000499_ (net)
                      0.018198    0.000172    8.156115 v _129761_/D (sg13g2_dfrbpq_1)
                                              8.156115   data arrival time

                                  7.992000    7.992000   clock clk (rise edge)
                                  0.000000    7.992000   clock source latency
     1    0.162202    0.150085    0.175537    8.167537 ^ clk (in)
                                                         clk (net)
                      0.286775    0.000000    8.167537 ^ clkbuf_0_clk/A (sg13g2_buf_16)
     2    0.022170    0.032416    0.140788    8.308325 ^ clkbuf_0_clk/X (sg13g2_buf_16)
                                                         clknet_0_clk (net)
                      0.032436    0.001579    8.309904 ^ clkbuf_1_0_0_clk/A (sg13g2_buf_8)
     1    0.027889    0.027048    0.068258    8.378162 ^ clkbuf_1_0_0_clk/X (sg13g2_buf_8)
                                                         clknet_1_0_0_clk (net)
                      0.028036    0.004524    8.382687 ^ clkbuf_1_0_1_clk/A (sg13g2_buf_8)
     1    0.033008    0.028752    0.067196    8.449883 ^ clkbuf_1_0_1_clk/X (sg13g2_buf_8)
                                                         clknet_1_0_1_clk (net)
                      0.032063    0.007556    8.457438 ^ clkbuf_1_0_2_clk/A (sg13g2_buf_8)
     2    0.035593    0.029862    0.069433    8.526872 ^ clkbuf_1_0_2_clk/X (sg13g2_buf_8)
                                                         clknet_1_0_2_clk (net)
                      0.033075    0.006871    8.533743 ^ clkbuf_2_1_0_clk/A (sg13g2_buf_8)
     1    0.032547    0.028831    0.069407    8.603149 ^ clkbuf_2_1_0_clk/X (sg13g2_buf_8)
                                                         clknet_2_1_0_clk (net)
                      0.031433    0.006529    8.609678 ^ clkbuf_2_1_1_clk/A (sg13g2_buf_8)
     1    0.027474    0.026697    0.067325    8.677003 ^ clkbuf_2_1_1_clk/X (sg13g2_buf_8)
                                                         clknet_2_1_1_clk (net)
                      0.028796    0.006383    8.683387 ^ clkbuf_2_1_2_clk/A (sg13g2_buf_8)
     2    0.033235    0.028965    0.067911    8.751298 ^ clkbuf_2_1_2_clk/X (sg13g2_buf_8)
                                                         clknet_2_1_2_clk (net)
                      0.030863    0.005473    8.756771 ^ clkbuf_3_2_0_clk/A (sg13g2_buf_8)
     2    0.039006    0.030892    0.069242    8.826013 ^ clkbuf_3_2_0_clk/X (sg13g2_buf_8)
                                                         clknet_3_2_0_clk (net)
                      0.036954    0.009750    8.835762 ^ clkbuf_4_5_0_clk/A (sg13g2_buf_8)
     2    0.039126    0.032206    0.074246    8.910008 ^ clkbuf_4_5_0_clk/X (sg13g2_buf_8)
                                                         clknet_4_5_0_clk (net)
                      0.032962    0.003375    8.913383 ^ clkbuf_5_11_0_clk/A (sg13g2_buf_8)
     2    0.033338    0.029494    0.070930    8.984313 ^ clkbuf_5_11_0_clk/X (sg13g2_buf_8)
                                                         clknet_5_11_0_clk (net)
                      0.029787    0.002392    8.986705 ^ clkbuf_6_22_0_clk/A (sg13g2_buf_8)
     2    0.028803    0.027383    0.067846    9.054551 ^ clkbuf_6_22_0_clk/X (sg13g2_buf_8)
                                                         clknet_6_22_0_clk (net)
                      0.027682    0.002798    9.057349 ^ clkbuf_7_45_0_clk/A (sg13g2_buf_8)
     6    0.074282    0.049527    0.080600    9.137949 ^ clkbuf_7_45_0_clk/X (sg13g2_buf_8)
                                                         clknet_7_45_0_clk (net)
                      0.051237    0.006777    9.144726 ^ clkbuf_leaf_574_clk/A (sg13g2_buf_8)
     8    0.031274    0.029516    0.079000    9.223726 ^ clkbuf_leaf_574_clk/X (sg13g2_buf_8)
                                                         clknet_leaf_574_clk (net)
                      0.029516    0.000328    9.224053 ^ _129761_/CLK (sg13g2_dfrbpq_1)
                                 -0.250000    8.974053   clock uncertainty
                                  0.094419    9.068474   clock reconvergence pessimism
                                 -0.109544    8.958929   library setup time
                                              8.958929   data required time
---------------------------------------------------------------------------------------------
                                              8.958929   data required time
                                             -8.156115   data arrival time
---------------------------------------------------------------------------------------------
                                              0.802815   slack (MET)


Startpoint: _134432_ (rising edge-triggered flip-flop clocked by clk_w)
Endpoint: _132394_ (rising edge-triggered flip-flop clocked by clk_w)
Path Group: clk_w
Path Type: max

Fanout         Cap        Slew       Delay        Time   Description
---------------------------------------------------------------------------------------------
                                  0.000000    0.000000   clock clk_w (rise edge)
                                  0.000000    0.000000   clock source latency
     1    0.053907    0.068902    0.051492    0.051492 ^ clk_w (in)
                                                         clk_w (net)
                      0.071141    0.000000    0.051492 ^ clkbuf_0_clk_w/A (sg13g2_buf_16)
     2    0.025670    0.022701    0.090342    0.141833 ^ clkbuf_0_clk_w/X (sg13g2_buf_16)
                                                         clknet_0_clk_w (net)
                      0.022748    0.001978    0.143812 ^ clkbuf_1_0_0_clk_w/A (sg13g2_buf_8)
     2    0.038605    0.031054    0.073013    0.216825 ^ clkbuf_1_0_0_clk_w/X (sg13g2_buf_8)
                                                         clknet_1_0_0_clk_w (net)
                      0.034402    0.007983    0.224808 ^ clkbuf_2_0_0_clk_w/A (sg13g2_buf_8)
     2    0.056312    0.040564    0.087192    0.312001 ^ clkbuf_2_0_0_clk_w/X (sg13g2_buf_8)
                                                         clknet_2_0_0_clk_w (net)
                      0.041229    0.004171    0.316171 ^ clkbuf_3_1__f_clk_w/A (sg13g2_buf_16)
     6    0.095358    0.036652    0.087410    0.403582 ^ clkbuf_3_1__f_clk_w/X (sg13g2_buf_16)
                                                         clknet_3_1__leaf_clk_w (net)
                      0.040750    0.010245    0.413826 ^ clkbuf_leaf_11_clk_w/A (sg13g2_buf_8)
     8    0.077164    0.051306    0.097233    0.511059 ^ clkbuf_leaf_11_clk_w/X (sg13g2_buf_8)
                                                         clknet_leaf_11_clk_w (net)
                      0.052792    0.007124    0.518183 ^ _134432_/CLK (sg13g2_dfrbpq_1)
     1    0.002840    0.019418    0.183917    0.702100 v _134432_/Q (sg13g2_dfrbpq_1)
                                                         lm.sit.fifo.wdata[34] (net)
                      0.019418    0.000226    0.702325 v _113694_/A (sg13g2_buf_1)
     2    0.068301    0.217103    0.207304    0.909629 v _113694_/X (sg13g2_buf_1)
                                                         _050555_ (net)
                      0.217222    0.004565    0.914193 v _113697_/A2 (sg13g2_a22oi_1)
     1    0.003088    0.079433    0.137905    1.052098 ^ _113697_/Y (sg13g2_a22oi_1)
                                                         _050558_ (net)
                      0.079433    0.000127    1.052226 ^ _113698_/A (sg13g2_buf_1)
     2    0.007666    0.041640    0.099931    1.152157 ^ _113698_/X (sg13g2_buf_1)
                                                         _050559_ (net)
                      0.041644    0.000423    1.152580 ^ _113699_/B (sg13g2_nand2_1)
     1    0.032634    0.191674    0.183043    1.335623 v _113699_/Y (sg13g2_nand2_1)
                                                         _050560_ (net)
                      0.191834    0.004850    1.340473 v _113700_/A (sg13g2_buf_1)
     2    0.009712    0.043437    0.137554    1.478027 v _113700_/X (sg13g2_buf_1)
                                                         _050561_ (net)
                      0.043446    0.000632    1.478659 v _113723_/A1 (sg13g2_o21ai_1)
     1    0.003034    0.068112    0.094763    1.573422 ^ _113723_/Y (sg13g2_o21ai_1)
                                                         _050584_ (net)
                      0.068112    0.000125    1.573547 ^ _113724_/A (sg13g2_buf_1)
     4    0.016789    0.076722    0.122780    1.696327 ^ _113724_/X (sg13g2_buf_1)
                                                         _050585_ (net)
                      0.076724    0.000497    1.696825 ^ _113725_/A (sg13g2_inv_1)
     1    0.002536    0.025324    0.041498    1.738323 v _113725_/Y (sg13g2_inv_1)
                                                         _050586_ (net)
                      0.025325    0.000105    1.738428 v _113726_/A (sg13g2_buf_1)
     2    0.006908    0.030645    0.073508    1.811936 v _113726_/X (sg13g2_buf_1)
                                                         _050587_ (net)
                      0.030646    0.000217    1.812153 v _113727_/A (sg13g2_buf_1)
     7    0.030999    0.101896    0.135310    1.947463 v _113727_/X (sg13g2_buf_1)
                                                         _050588_ (net)
                      0.101963    0.001696    1.949159 v _119405_/C (sg13g2_nand4_1)
     1    0.006940    0.062891    0.090941    2.040100 ^ _119405_/Y (sg13g2_nand4_1)
                                                         _055519_ (net)
                      0.062891    0.000252    2.040352 ^ _119406_/A (sg13g2_buf_1)
     3    0.014305    0.066912    0.112786    2.153138 ^ _119406_/X (sg13g2_buf_1)
                                                         _055520_ (net)
                      0.066919    0.000792    2.153930 ^ _119407_/A (sg13g2_buf_1)
     5    0.052781    0.218855    0.226839    2.380769 ^ _119407_/X (sg13g2_buf_1)
                                                         _055521_ (net)
                      0.218934    0.003649    2.384418 ^ _119438_/A (sg13g2_buf_1)
     7    0.073250    0.302349    0.329949    2.714367 ^ _119438_/X (sg13g2_buf_1)
                                                         _055538_ (net)
                      0.302620    0.007867    2.722234 ^ _119445_/S (sg13g2_mux2_1)
     1    0.003950    0.039422    0.238504    2.960738 v _119445_/X (sg13g2_mux2_1)
                                                         _055542_ (net)
                      0.039422    0.000273    2.961011 v _119446_/A (sg13g2_buf_1)
     1    0.002435    0.018862    0.068238    3.029250 v _119446_/X (sg13g2_buf_1)
                                                         _003373_ (net)
                      0.018862    0.000099    3.029349 v _132394_/D (sg13g2_dfrbpq_1)
                                              3.029349   data arrival time

                                  7.992000    7.992000   clock clk_w (rise edge)
                                  0.000000    7.992000   clock source latency
     1    0.051234    0.066104    0.044275    8.036275 ^ clk_w (in)
                                                         clk_w (net)
                      0.068082    0.000000    8.036275 ^ clkbuf_0_clk_w/A (sg13g2_buf_16)
     2    0.023108    0.021976    0.079888    8.116163 ^ clkbuf_0_clk_w/X (sg13g2_buf_16)
                                                         clknet_0_clk_w (net)
                      0.021990    0.000983    8.117146 ^ clkbuf_1_1_0_clk_w/A (sg13g2_buf_8)
     2    0.038909    0.031170    0.066248    8.183394 ^ clkbuf_1_1_0_clk_w/X (sg13g2_buf_8)
                                                         clknet_1_1_0_clk_w (net)
                      0.034363    0.007198    8.190593 ^ clkbuf_2_2_0_clk_w/A (sg13g2_buf_8)
     2    0.048260    0.036511    0.077285    8.267878 ^ clkbuf_2_2_0_clk_w/X (sg13g2_buf_8)
                                                         clknet_2_2_0_clk_w (net)
                      0.036733    0.002101    8.269978 ^ clkbuf_3_4__f_clk_w/A (sg13g2_buf_16)
     6    0.073861    0.031486    0.073927    8.343904 ^ clkbuf_3_4__f_clk_w/X (sg13g2_buf_16)
                                                         clknet_3_4__leaf_clk_w (net)
                      0.032324    0.003710    8.347614 ^ clkbuf_leaf_41_clk_w/A (sg13g2_buf_8)
     8    0.032327    0.029145    0.070695    8.418310 ^ clkbuf_leaf_41_clk_w/X (sg13g2_buf_8)
                                                         clknet_leaf_41_clk_w (net)
                      0.029150    0.000647    8.418958 ^ _132394_/CLK (sg13g2_dfrbpq_1)
                                 -0.250000    8.168958   clock uncertainty
                                  0.017670    8.186627   clock reconvergence pessimism
                                 -0.109877    8.076750   library setup time
                                              8.076750   data required time
---------------------------------------------------------------------------------------------
                                              8.076750   data required time
                                             -3.029349   data arrival time
---------------------------------------------------------------------------------------------
                                              5.047401   slack (MET)




===========================================================================
report_checks --slack_max -0.01
============================================================================
======================= nom_typ_1p20V_25C Corner ===================================

No paths found.


===========================================================================
 report_check_types -max_slew -max_cap -max_fanout -violators
============================================================================
======================= nom_typ_1p20V_25C Corner ===================================

max fanout

Pin                                   Limit Fanout  Slack
---------------------------------------------------------
_065381_/X                                8     12     -4 (VIOLATED)
_096748_/X                                8      9        (VIOLATED)



===========================================================================
report_parasitic_annotation -report_unannotated
============================================================================
Found 120 unannotated drivers.
 statut_phy[0]
 statut_phy[10]
 statut_phy[11]
 statut_phy[1]
 statut_phy[2]
 statut_phy[3]
 statut_phy[4]
 statut_phy[5]
 statut_phy[6]
 statut_phy[7]
 statut_phy[8]
 statut_phy[9]
 tx_pix_data[104]
 tx_pix_data[105]
 tx_pix_data[106]
 tx_pix_data[107]
 tx_pix_data[108]
 tx_pix_data[109]
 tx_pix_data[110]
 tx_pix_data[111]
 tx_pix_data[62]
 tx_pix_data[63]
 tx_pix_data[64]
 tx_pix_data[65]
 tx_pix_data[66]
 tx_pix_data[67]
 tx_pix_data[68]
 tx_pix_data[69]
 tx_pix_data[76]
 tx_pix_data[77]
 tx_pix_data[78]
 tx_pix_data[79]
 tx_pix_data[80]
 tx_pix_data[81]
 tx_pix_data[82]
 tx_pix_data[83]
 tx_pix_data[90]
 tx_pix_data[91]
 tx_pix_data[92]
 tx_pix_data[93]
 tx_pix_data[94]
 tx_pix_data[95]
 tx_pix_data[96]
 tx_pix_data[97]
 clkload0/X
 clkload1/X
 clkload10/X
 clkload11/X
 clkload12/X
 clkload13/X
 clkload14/X
 clkload15/X
 clkload16/X
 clkload17/X
 clkload18/X
 clkload19/X
 clkload2/X
 clkload20/X
 clkload21/X
 clkload22/X
 clkload23/X
 clkload24/X
 clkload25/X
 clkload26/X
 clkload27/X
 clkload28/X
 clkload29/X
 clkload3/X
 clkload30/X
 clkload31/X
 clkload32/X
 clkload33/X
 clkload34/X
 clkload35/X
 clkload36/X
 clkload37/X
 clkload38/X
 clkload39/X
 clkload4/X
 clkload40/X
 clkload41/X
 clkload42/X
 clkload43/X
 clkload44/X
 clkload45/X
 clkload46/X
 clkload47/X
 clkload48/X
 clkload49/X
 clkload5/X
 clkload50/X
 clkload51/X
 clkload52/X
 clkload53/X
 clkload54/X
 clkload55/X
 clkload56/X
 clkload57/X
 clkload58/Y
 clkload59/Y
 clkload6/X
 clkload60/Y
 clkload61/Y
 clkload62/Y
 clkload63/Y
 clkload64/Y
 clkload65/Y
 clkload66/Y
 clkload67/Y
 clkload68/X
 clkload69/Y
 clkload7/X
 clkload70/X
 clkload71/X
 clkload72/X
 clkload73/X
 clkload74/Y
 clkload75/Y
 clkload8/X
 clkload9/X
Found 0 partially unannotated drivers.

===========================================================================
max slew violation count 0
max fanout violation count 2
max cap violation count 0
============================================================================

===========================================================================
check_setup -verbose -unconstrained_endpoints -multiple_clock -no_clock -no_input_delay -loops -generated_clocks
===========================================================================
Warning: There are 6 input ports missing set_input_delay.
  cnt_gel
  hspr[0]
  hspr[1]
  hspr[2]
  hspr[3]
  rst_n
Warning: There are 13 unconstrained endpoints.
  _134233_/D
  _134237_/D
  _134241_/D
  _134245_/D
  _134255_/D
  _134256_/D
  _134257_/D
  _134258_/D
  _134295_/D
  _134296_/D
  _134297_/D
  _134298_/D
  _134682_/D
