Clock: clk
Sources: clk 
Generated: no
Virtual: yes
Propagated: no
Period: 7.992000

===========================================================================
report_clock_properties
============================================================================
Clock                   Period          Waveform
----------------------------------------------------
clk                   7.992000    0.000000  3.996000

===========================================================================
report_clock_latency
============================================================================
Clock clk
rise -> rise
    min     max
0.000000 0.000000 source latency
1.198668         network latency _133672_/CLK
        1.469560 network latency _129689_/CLK
---------------
1.198668 1.469560 latency
        0.270892 skew

fall -> fall
    min     max
0.000000 0.000000 source latency
1.234542         network latency _133672_/CLK
        1.499447 network latency _129689_/CLK
---------------
1.234542 1.499447 latency
        0.264905 skew



===========================================================================
report_clock_min_period
============================================================================
clk period_min = 7.19 fmax = 139.10
Clock: clk_w
Sources: clk_w 
Generated: no
Virtual: yes
Propagated: no
Period: 7.992000

===========================================================================
report_clock_properties
============================================================================
Clock                   Period          Waveform
----------------------------------------------------
clk_w                 7.992000    0.000000  3.996000

===========================================================================
report_clock_latency
============================================================================
Clock clk_w
rise -> rise
    min     max
0.000000 0.000000 source latency
0.422693         network latency _132429_/CLK
        0.520492 network latency _132223_/CLK
---------------
0.422693 0.520492 latency
        0.097800 skew

fall -> fall
    min     max
0.000000 0.000000 source latency
0.432341         network latency _132429_/CLK
        0.525606 network latency _132223_/CLK
---------------
0.432341 0.525606 latency
        0.093265 skew



===========================================================================
report_clock_min_period
============================================================================
clk_w period_min = 2.94 fmax = 339.60
