
===========================================================================
 report_power
============================================================================
======================= nom_typ_1p20V_25C Corner ===================================

Group                    Internal    Switching      Leakage        Total
                            Power        Power        Power        Power (Watts)
------------------------------------------------------------------------
Sequential           4.340055e-02 3.577302e-04 2.774144e-06 4.376106e-02  52.9%
Combinational        9.342079e-03 1.071344e-02 9.549938e-06 2.006507e-02  24.3%
Clock                1.013198e-02 8.682729e-03 4.722225e-05 1.886193e-02  22.8%
Macro                0.000000e+00 0.000000e+00 0.000000e+00 0.000000e+00   0.0%
Pad                  0.000000e+00 0.000000e+00 0.000000e+00 0.000000e+00   0.0%
------------------------------------------------------------------------
Total                6.287541e-02 1.975402e-02 5.951143e-05 8.268894e-02 100.0%
                            76.0%        23.9%         0.1%

