
===========================================================================
report_checks -unconstrained
===========================================================================
======================= nom_slow_1p08V_125C Corner ===================================

Startpoint: _134681_ (rising edge-triggered flip-flop clocked by clk)
Endpoint: _133031_ (recovery check against rising-edge clock clk)
Path Group: asynchronous
Path Type: max

Fanout         Cap        Slew       Delay        Time   Description
---------------------------------------------------------------------------------------------
                                  0.000000    0.000000   clock clk (rise edge)
                                  0.000000    0.000000   clock source latency
     1    0.163642    0.260139    0.265840    0.265840 ^ clk (in)
                                                         clk (net)
                      0.359921    0.000000    0.265840 ^ clkbuf_0_clk/A (sg13g2_buf_16)
     2    0.023480    0.047738    0.236497    0.502337 ^ clkbuf_0_clk/X (sg13g2_buf_16)
                                                         clknet_0_clk (net)
                      0.047753    0.001824    0.504161 ^ clkbuf_1_1_0_clk/A (sg13g2_buf_8)
     1    0.029313    0.043022    0.121645    0.625806 ^ clkbuf_1_1_0_clk/X (sg13g2_buf_8)
                                                         clknet_1_1_0_clk (net)
                      0.043663    0.005387    0.631193 ^ clkbuf_1_1_1_clk/A (sg13g2_buf_8)
     1    0.031882    0.044538    0.120579    0.751773 ^ clkbuf_1_1_1_clk/X (sg13g2_buf_8)
                                                         clknet_1_1_1_clk (net)
                      0.045671    0.006561    0.758333 ^ clkbuf_1_1_2_clk/A (sg13g2_buf_8)
     2    0.033851    0.045960    0.123136    0.881470 ^ clkbuf_1_1_2_clk/X (sg13g2_buf_8)
                                                         clknet_1_1_2_clk (net)
                      0.046601    0.004518    0.885988 ^ clkbuf_2_2_0_clk/A (sg13g2_buf_8)
     1    0.030618    0.043818    0.121628    1.007616 ^ clkbuf_2_2_0_clk/X (sg13g2_buf_8)
                                                         clknet_2_2_0_clk (net)
                      0.044815    0.006451    1.014067 ^ clkbuf_2_2_1_clk/A (sg13g2_buf_8)
     1    0.025664    0.040610    0.118210    1.132277 ^ clkbuf_2_2_1_clk/X (sg13g2_buf_8)
                                                         clknet_2_2_1_clk (net)
                      0.040747    0.003593    1.135871 ^ clkbuf_2_2_2_clk/A (sg13g2_buf_8)
     2    0.031775    0.044242    0.118433    1.254304 ^ clkbuf_2_2_2_clk/X (sg13g2_buf_8)
                                                         clknet_2_2_2_clk (net)
                      0.045455    0.006330    1.260634 ^ clkbuf_3_4_0_clk/A (sg13g2_buf_8)
     2    0.036006    0.047266    0.123910    1.384544 ^ clkbuf_3_4_0_clk/X (sg13g2_buf_8)
                                                         clknet_3_4_0_clk (net)
                      0.048532    0.006214    1.390758 ^ clkbuf_4_8_0_clk/A (sg13g2_buf_8)
     2    0.034491    0.046538    0.125420    1.516178 ^ clkbuf_4_8_0_clk/X (sg13g2_buf_8)
                                                         clknet_4_8_0_clk (net)
                      0.046951    0.003538    1.519716 ^ clkbuf_5_17_0_clk/A (sg13g2_buf_8)
     2    0.028214    0.042448    0.121394    1.641110 ^ clkbuf_5_17_0_clk/X (sg13g2_buf_8)
                                                         clknet_5_17_0_clk (net)
                      0.042477    0.001946    1.643055 ^ clkbuf_6_34_0_clk/A (sg13g2_buf_8)
     2    0.028303    0.042344    0.118649    1.761705 ^ clkbuf_6_34_0_clk/X (sg13g2_buf_8)
                                                         clknet_6_34_0_clk (net)
                      0.042388    0.002413    1.764117 ^ clkbuf_7_69_0_clk/A (sg13g2_buf_8)
     6    0.078409    0.078894    0.149206    1.913324 ^ clkbuf_7_69_0_clk/X (sg13g2_buf_8)
                                                         clknet_7_69_0_clk (net)
                      0.079544    0.005959    1.919282 ^ clkbuf_leaf_189_clk/A (sg13g2_buf_8)
     8    0.035444    0.048329    0.145249    2.064532 ^ clkbuf_leaf_189_clk/X (sg13g2_buf_8)
                                                         clknet_leaf_189_clk (net)
                      0.048375    0.001981    2.066513 ^ _134681_/CLK (sg13g2_dfrbpq_1)
     2    0.042268    0.271920    0.462200    2.528713 ^ _134681_/Q (sg13g2_dfrbpq_1)
                                                         llp.u_rx.rst_n (net)
                      0.272194    0.006012    2.534725 ^ fanout568/A (sg13g2_buf_1)
     4    0.118218    0.743795    0.713993    3.248718 ^ fanout568/X (sg13g2_buf_1)
                                                         net568 (net)
                      0.744595    0.021269    3.269987 ^ fanout567/A (sg13g2_buf_1)
     5    0.144751    0.918506    0.908577    4.178564 ^ fanout567/X (sg13g2_buf_1)
                                                         net567 (net)
                      0.925808    0.069869    4.248433 ^ fanout465/A (sg13g2_buf_1)
     4    0.069248    0.442864    0.627008    4.875441 ^ fanout465/X (sg13g2_buf_1)
                                                         net465 (net)
                      0.443279    0.011752    4.887193 ^ fanout428/A (sg13g2_buf_1)
     4    0.062033    0.396727    0.507288    5.394481 ^ fanout428/X (sg13g2_buf_1)
                                                         net428 (net)
                      0.396752    0.002778    5.397259 ^ fanout415/A (sg13g2_buf_1)
     5    0.058734    0.376199    0.481466    5.878725 ^ fanout415/X (sg13g2_buf_1)
                                                         net415 (net)
                      0.376569    0.010248    5.888974 ^ fanout414/A (sg13g2_buf_1)
     6    0.052555    0.339291    0.451178    6.340152 ^ fanout414/X (sg13g2_buf_1)
                                                         net414 (net)
                      0.339297    0.001277    6.341429 ^ fanout413/A (sg13g2_buf_1)
     8    0.053148    0.342583    0.446393    6.787822 ^ fanout413/X (sg13g2_buf_1)
                                                         net413 (net)
                      0.342713    0.002618    6.790440 ^ fanout412/A (sg13g2_buf_1)
     8    0.055942    0.359848    0.459996    7.250435 ^ fanout412/X (sg13g2_buf_1)
                                                         net412 (net)
                      0.360006    0.003845    7.254281 ^ _133031_/RESET_B (sg13g2_dfrbpq_1)
                                              7.254281   data arrival time

                                  7.992000    7.992000   clock clk (rise edge)
                                  0.000000    7.992000   clock source latency
     1    0.161319    0.257078    0.236856    8.228856 ^ clk (in)
                                                         clk (net)
                      0.353407    0.000000    8.228856 ^ clkbuf_0_clk/A (sg13g2_buf_16)
     2    0.021301    0.046708    0.211935    8.440791 ^ clkbuf_0_clk/X (sg13g2_buf_16)
                                                         clknet_0_clk (net)
                      0.046720    0.001508    8.442300 ^ clkbuf_1_0_0_clk/A (sg13g2_buf_8)
     1    0.027454    0.041786    0.108598    8.550897 ^ clkbuf_1_0_0_clk/X (sg13g2_buf_8)
                                                         clknet_1_0_0_clk (net)
                      0.042238    0.004467    8.555364 ^ clkbuf_1_0_1_clk/A (sg13g2_buf_8)
     1    0.032573    0.044953    0.108223    8.663587 ^ clkbuf_1_0_1_clk/X (sg13g2_buf_8)
                                                         clknet_1_0_1_clk (net)
                      0.046917    0.007582    8.671169 ^ clkbuf_1_0_2_clk/A (sg13g2_buf_8)
     2    0.034723    0.046357    0.111450    8.782619 ^ clkbuf_1_0_2_clk/X (sg13g2_buf_8)
                                                         clknet_1_0_2_clk (net)
                      0.048356    0.006816    8.789434 ^ clkbuf_2_1_0_clk/A (sg13g2_buf_8)
     1    0.032112    0.044854    0.111306    8.900740 ^ clkbuf_2_1_0_clk/X (sg13g2_buf_8)
                                                         clknet_2_1_0_clk (net)
                      0.046381    0.006529    8.907269 ^ clkbuf_2_1_1_clk/A (sg13g2_buf_8)
     1    0.027039    0.041407    0.107864    9.015133 ^ clkbuf_2_1_1_clk/X (sg13g2_buf_8)
                                                         clknet_2_1_1_clk (net)
                      0.042457    0.006344    9.021477 ^ clkbuf_2_1_2_clk/A (sg13g2_buf_8)
     2    0.032365    0.044737    0.108515    9.129992 ^ clkbuf_2_1_2_clk/X (sg13g2_buf_8)
                                                         clknet_2_1_2_clk (net)
                      0.045794    0.005377    9.135369 ^ clkbuf_3_2_0_clk/A (sg13g2_buf_8)
     2    0.038137    0.048520    0.111860    9.247229 ^ clkbuf_3_2_0_clk/X (sg13g2_buf_8)
                                                         clknet_3_2_0_clk (net)
                      0.052676    0.010213    9.257442 ^ clkbuf_4_4_0_clk/A (sg13g2_buf_8)
     2    0.044964    0.054035    0.120668    9.378110 ^ clkbuf_4_4_0_clk/X (sg13g2_buf_8)
                                                         clknet_4_4_0_clk (net)
                      0.055082    0.005341    9.383451 ^ clkbuf_5_9_0_clk/A (sg13g2_buf_8)
     2    0.030216    0.043971    0.114908    9.498359 ^ clkbuf_5_9_0_clk/X (sg13g2_buf_8)
                                                         clknet_5_9_0_clk (net)
                      0.044088    0.002485    9.500844 ^ clkbuf_6_18_0_clk/A (sg13g2_buf_8)
     2    0.029625    0.043289    0.108957    9.609801 ^ clkbuf_6_18_0_clk/X (sg13g2_buf_8)
                                                         clknet_6_18_0_clk (net)
                      0.043333    0.002194    9.611995 ^ clkbuf_7_36_0_clk/A (sg13g2_buf_8)
     6    0.084386    0.083613    0.137769    9.749763 ^ clkbuf_7_36_0_clk/X (sg13g2_buf_8)
                                                         clknet_7_36_0_clk (net)
                      0.084072    0.004715    9.754479 ^ clkbuf_leaf_548_clk/A (sg13g2_buf_8)
     8    0.033109    0.046942    0.132752    9.887231 ^ clkbuf_leaf_548_clk/X (sg13g2_buf_8)
                                                         clknet_leaf_548_clk (net)
                      0.046954    0.000855    9.888086 ^ _133031_/CLK (sg13g2_dfrbpq_1)
                                 -0.250000    9.638086   clock uncertainty
                                  0.053547    9.691632   clock reconvergence pessimism
                                 -0.331575    9.360058   library recovery time
                                              9.360058   data required time
---------------------------------------------------------------------------------------------
                                              9.360058   data required time
                                             -7.254281   data arrival time
---------------------------------------------------------------------------------------------
                                              2.105777   slack (MET)


Startpoint: _132232_ (rising edge-triggered flip-flop clocked by clk_w)
Endpoint: _131967_ (rising edge-triggered flip-flop clocked by clk)
Path Group: path delay
Path Type: max

Fanout         Cap        Slew       Delay        Time   Description
---------------------------------------------------------------------------------------------
                      0.048279    0.000000    0.000000 ^ _132232_/CLK (sg13g2_dfrbpq_1)
     1    0.002788    0.031161    0.277872    0.277872 v _132232_/Q (sg13g2_dfrbpq_1)
                                                         lm.sit.fifo.mem[0][3] (net)
                      0.031161    0.000219    0.278091 v _115385_/A (sg13g2_buf_1)
     2    0.010963    0.069536    0.130567    0.408658 v _115385_/X (sg13g2_buf_1)
                                                         _051950_ (net)
                      0.069537    0.000422    0.409080 v _115387_/A2 (sg13g2_a22oi_1)
     1    0.002846    0.141289    0.138704    0.547785 ^ _115387_/Y (sg13g2_a22oi_1)
                                                         _051952_ (net)
                      0.141289    0.000218    0.548003 ^ _115388_/A (sg13g2_buf_1)
     1    0.005259    0.051332    0.159230    0.707232 ^ _115388_/X (sg13g2_buf_1)
                                                         _051953_ (net)
                      0.051334    0.000352    0.707585 ^ _115393_/C (sg13g2_and4_1)
     1    0.011854    0.111196    0.309881    1.017466 ^ _115393_/X (sg13g2_and4_1)
                                                         _051958_ (net)
                      0.111200    0.000920    1.018386 ^ _115394_/A (sg13g2_buf_1)
     3    0.037758    0.246505    0.298623    1.317009 ^ _115394_/X (sg13g2_buf_1)
                                                         _051959_ (net)
                      0.246525    0.001941    1.318950 ^ _115944_/A (sg13g2_and2_1)
     1    0.003479    0.050909    0.211827    1.530777 ^ _115944_/X (sg13g2_and2_1)
                                                         _052469_ (net)
                      0.050909    0.000146    1.530923 ^ _115945_/A (sg13g2_buf_1)
     2    0.007305    0.060382    0.125939    1.656862 ^ _115945_/X (sg13g2_buf_1)
                                                         _052470_ (net)
                      0.060386    0.000540    1.657402 ^ _115946_/B (sg13g2_nand2_1)
     1    0.003092    0.083610    0.088122    1.745524 v _115946_/Y (sg13g2_nand2_1)
                                                         _052471_ (net)
                      0.083611    0.000247    1.745770 v _115947_/A (sg13g2_buf_1)
     2    0.006838    0.050412    0.140861    1.886631 v _115947_/X (sg13g2_buf_1)
                                                         _052472_ (net)
                      0.050412    0.000212    1.886843 v _115948_/B (sg13g2_nor2_1)
     1    0.002757    0.078498    0.084554    1.971398 ^ _115948_/Y (sg13g2_nor2_1)
                                                         _052473_ (net)
                      0.078498    0.000114    1.971512 ^ _115949_/A (sg13g2_buf_1)
     2    0.006719    0.057565    0.138489    2.110000 ^ _115949_/X (sg13g2_buf_1)
                                                         _052474_ (net)
                      0.057565    0.000208    2.110208 ^ _115950_/B (sg13g2_and2_1)
     1    0.002765    0.044846    0.143811    2.254020 ^ _115950_/X (sg13g2_and2_1)
                                                         _052475_ (net)
                      0.044846    0.000114    2.254134 ^ _115951_/A (sg13g2_buf_1)
     3    0.014121    0.101611    0.155171    2.409305 ^ _115951_/X (sg13g2_buf_1)
                                                         _052476_ (net)
                      0.101611    0.000392    2.409698 ^ _115964_/B1 (sg13g2_o21ai_1)
     1    0.003108    0.094542    0.094120    2.503817 v _115964_/Y (sg13g2_o21ai_1)
                                                         _052488_ (net)
                      0.094542    0.000238    2.504056 v _115965_/A (sg13g2_buf_1)
     1    0.003809    0.036935    0.133792    2.637848 v _115965_/X (sg13g2_buf_1)
                                                         _052489_ (net)
                      0.036935    0.000159    2.638006 v _115973_/A2 (sg13g2_a21oi_1)
     1    0.006610    0.128159    0.147647    2.785653 ^ _115973_/Y (sg13g2_a21oi_1)
                                                         _052497_ (net)
                      0.128160    0.000542    2.786195 ^ _115977_/A2 (sg13g2_o21ai_1)
     1    0.004363    0.132054    0.129861    2.916056 v _115977_/Y (sg13g2_o21ai_1)
                                                         _052501_ (net)
                      0.132055    0.000155    2.916211 v _115978_/A (sg13g2_buf_1)
     1    0.004075    0.039555    0.150298    3.066509 v _115978_/X (sg13g2_buf_1)
                                                         _052502_ (net)
                      0.039555    0.000172    3.066681 v _115980_/A2 (sg13g2_a21oi_1)
     1    0.003431    0.118417    0.118264    3.184945 ^ _115980_/Y (sg13g2_a21oi_1)
                                                         _052504_ (net)
                      0.118417    0.000143    3.185088 ^ _115981_/B (sg13g2_nor2_1)
     1    0.002096    0.051774    0.073392    3.258480 v _115981_/Y (sg13g2_nor2_1)
                                                         _002946_ (net)
                      0.051774    0.000084    3.258564 v _131967_/D (sg13g2_dfrbpq_1)
                                              3.258564   data arrival time

                                  7.992000    7.992000   max_delay
                                 -0.183719    7.808281   library setup time
                                              7.808281   data required time
---------------------------------------------------------------------------------------------
                                              7.808281   data required time
                                             -3.258564   data arrival time
---------------------------------------------------------------------------------------------
                                              4.549717   slack (MET)


Startpoint: _132972_ (rising edge-triggered flip-flop clocked by clk)
Endpoint: _129761_ (rising edge-triggered flip-flop clocked by clk)
Path Group: clk
Path Type: max

Fanout         Cap        Slew       Delay        Time   Description
---------------------------------------------------------------------------------------------
                                  0.000000    0.000000   clock clk (rise edge)
                                  0.000000    0.000000   clock source latency
     1    0.163642    0.260139    0.265840    0.265840 ^ clk (in)
                                                         clk (net)
                      0.359921    0.000000    0.265840 ^ clkbuf_0_clk/A (sg13g2_buf_16)
     2    0.023480    0.047738    0.236497    0.502337 ^ clkbuf_0_clk/X (sg13g2_buf_16)
                                                         clknet_0_clk (net)
                      0.047753    0.001864    0.504201 ^ clkbuf_1_0_0_clk/A (sg13g2_buf_8)
     1    0.028544    0.042522    0.121220    0.625421 ^ clkbuf_1_0_0_clk/X (sg13g2_buf_8)
                                                         clknet_1_0_0_clk (net)
                      0.043090    0.005226    0.630647 ^ clkbuf_1_0_1_clk/A (sg13g2_buf_8)
     1    0.033663    0.045656    0.120628    0.751275 ^ clkbuf_1_0_1_clk/X (sg13g2_buf_8)
                                                         clknet_1_0_1_clk (net)
                      0.047912    0.008812    0.760087 ^ clkbuf_1_0_2_clk/A (sg13g2_buf_8)
     2    0.036902    0.047909    0.124822    0.884909 ^ clkbuf_1_0_2_clk/X (sg13g2_buf_8)
                                                         clknet_1_0_2_clk (net)
                      0.050174    0.008053    0.892962 ^ clkbuf_2_1_0_clk/A (sg13g2_buf_8)
     1    0.033202    0.045600    0.124644    1.017606 ^ clkbuf_2_1_0_clk/X (sg13g2_buf_8)
                                                         clknet_2_1_0_clk (net)
                      0.047345    0.007553    1.025159 ^ clkbuf_2_1_1_clk/A (sg13g2_buf_8)
     1    0.028128    0.042113    0.120310    1.145469 ^ clkbuf_2_1_1_clk/X (sg13g2_buf_8)
                                                         clknet_2_1_1_clk (net)
                      0.043399    0.007469    1.152938 ^ clkbuf_2_1_2_clk/A (sg13g2_buf_8)
     2    0.034545    0.046130    0.121621    1.274559 ^ clkbuf_2_1_2_clk/X (sg13g2_buf_8)
                                                         clknet_2_1_2_clk (net)
                      0.047473    0.006311    1.280870 ^ clkbuf_3_3_0_clk/A (sg13g2_buf_8)
     2    0.038336    0.049114    0.126230    1.407100 ^ clkbuf_3_3_0_clk/X (sg13g2_buf_8)
                                                         clknet_3_3_0_clk (net)
                      0.050567    0.006610    1.413710 ^ clkbuf_4_7_0_clk/A (sg13g2_buf_8)
     2    0.041448    0.051565    0.129495    1.543204 ^ clkbuf_4_7_0_clk/X (sg13g2_buf_8)
                                                         clknet_4_7_0_clk (net)
                      0.053379    0.007666    1.550870 ^ clkbuf_5_14_0_clk/A (sg13g2_buf_8)
     2    0.034149    0.046456    0.128079    1.678949 ^ clkbuf_5_14_0_clk/X (sg13g2_buf_8)
                                                         clknet_5_14_0_clk (net)
                      0.047076    0.004618    1.683568 ^ clkbuf_6_29_0_clk/A (sg13g2_buf_8)
     2    0.033468    0.045945    0.124430    1.807998 ^ clkbuf_6_29_0_clk/X (sg13g2_buf_8)
                                                         clknet_6_29_0_clk (net)
                      0.046117    0.002586    1.810584 ^ clkbuf_7_58_0_clk/A (sg13g2_buf_8)
     6    0.138545    0.126871    0.182254    1.992838 ^ clkbuf_7_58_0_clk/X (sg13g2_buf_8)
                                                         clknet_7_58_0_clk (net)
                      0.129510    0.015304    2.008142 ^ clkbuf_leaf_510_clk/A (sg13g2_buf_8)
     8    0.054632    0.063750    0.181584    2.189726 ^ clkbuf_leaf_510_clk/X (sg13g2_buf_8)
                                                         clknet_leaf_510_clk (net)
                      0.064183    0.003797    2.193522 ^ _132972_/CLK (sg13g2_dfrbpq_2)
     2    0.045590    0.136071    0.397854    2.591377 v _132972_/Q (sg13g2_dfrbpq_2)
                                                         net176 (net)
                      0.136407    0.006167    2.597544 v _082600_/A (sg13g2_buf_8)
     2    0.023085    0.040837    0.172784    2.770328 v _082600_/X (sg13g2_buf_8)
                                                         _021861_ (net)
                      0.040852    0.001799    2.772126 v _082601_/A (sg13g2_buf_16)
     2    0.027135    0.033080    0.117121    2.889247 v _082601_/X (sg13g2_buf_16)
                                                         _021862_ (net)
                      0.033121    0.002314    2.891561 v _082602_/A (sg13g2_buf_16)
     2    0.034098    0.034918    0.114602    3.006163 v _082602_/X (sg13g2_buf_16)
                                                         _021863_ (net)
                      0.035019    0.003374    3.009537 v _082609_/A (sg13g2_buf_16)
     5    0.060327    0.041968    0.122327    3.131864 v _082609_/X (sg13g2_buf_16)
                                                         _021870_ (net)
                      0.042139    0.003011    3.134876 v _084743_/A2 (sg13g2_o21ai_1)
     1    0.003458    0.106436    0.128447    3.263322 ^ _084743_/Y (sg13g2_o21ai_1)
                                                         _023932_ (net)
                      0.106436    0.000269    3.263592 ^ _084744_/A (sg13g2_buf_2)
     2    0.018424    0.075177    0.182492    3.446083 ^ _084744_/X (sg13g2_buf_2)
                                                         _023933_ (net)
                      0.075197    0.001243    3.447326 ^ _084745_/B (sg13g2_nand2_2)
     1    0.009175    0.074962    0.107573    3.554899 v _084745_/Y (sg13g2_nand2_2)
                                                         _023934_ (net)
                      0.074963    0.000397    3.555296 v _084746_/A (sg13g2_buf_8)
     3    0.025319    0.039688    0.143390    3.698686 v _084746_/X (sg13g2_buf_8)
                                                         _023935_ (net)
                      0.039689    0.000997    3.699683 v _085013_/S (sg13g2_mux2_1)
     1    0.004115    0.050172    0.216038    3.915721 ^ _085013_/X (sg13g2_mux2_1)
                                                         _024202_ (net)
                      0.050180    0.000328    3.916049 ^ _085014_/A (sg13g2_buf_2)
     1    0.004878    0.035270    0.116916    4.032965 ^ _085014_/X (sg13g2_buf_2)
                                                         _024203_ (net)
                      0.035270    0.000351    4.033316 ^ _085020_/C (sg13g2_nand4_1)
     1    0.014856    0.313784    0.329274    4.362590 v _085020_/Y (sg13g2_nand4_1)
                                                         _024209_ (net)
                      0.313793    0.001469    4.364059 v _085021_/A (sg13g2_buf_4)
     1    0.006749    0.045002    0.233590    4.597649 v _085021_/X (sg13g2_buf_4)
                                                         _024210_ (net)
                      0.045004    0.000446    4.598094 v _085045_/A2 (sg13g2_o21ai_1)
     1    0.029075    0.471543    0.418505    5.016600 ^ _085045_/Y (sg13g2_o21ai_1)
                                                         _024234_ (net)
                      0.471584    0.003833    5.020433 ^ _085046_/A (sg13g2_buf_8)
     4    0.015622    0.055305    0.266621    5.287055 ^ _085046_/X (sg13g2_buf_8)
                                                         _024235_ (net)
                      0.055309    0.000950    5.288004 ^ _085086_/C1 (sg13g2_a221oi_1)
     1    0.004785    0.121059    0.069839    5.357843 v _085086_/Y (sg13g2_a221oi_1)
                                                         _024275_ (net)
                      0.121059    0.000377    5.358221 v _085087_/A (sg13g2_buf_4)
     1    0.006338    0.034255    0.158361    5.516582 v _085087_/X (sg13g2_buf_4)
                                                         _024276_ (net)
                      0.034257    0.000522    5.517104 v _085089_/B (sg13g2_nor4_2)
     1    0.009836    0.214497    0.263606    5.780711 ^ _085089_/Y (sg13g2_nor4_2)
                                                         _024278_ (net)
                      0.214497    0.000443    5.781154 ^ _085090_/A (sg13g2_buf_8)
     2    0.006888    0.036341    0.186876    5.968030 ^ _085090_/X (sg13g2_buf_8)
                                                         _024279_ (net)
                      0.036341    0.000210    5.968240 ^ _085103_/A (sg13g2_and4_1)
     1    0.009252    0.095562    0.251332    6.219572 ^ _085103_/X (sg13g2_and4_1)
                                                         _024292_ (net)
                      0.095566    0.000769    6.220341 ^ _085104_/A (sg13g2_buf_8)
     5    0.018966    0.037800    0.144831    6.365172 ^ _085104_/X (sg13g2_buf_8)
                                                         _024293_ (net)
                      0.037806    0.001111    6.366283 ^ _085230_/B (sg13g2_or4_1)
     1    0.002969    0.040071    0.129781    6.496064 ^ _085230_/X (sg13g2_or4_1)
                                                         _024419_ (net)
                      0.040071    0.000218    6.496282 ^ _085231_/A (sg13g2_buf_1)
     1    0.004076    0.041322    0.104607    6.600888 ^ _085231_/X (sg13g2_buf_1)
                                                         _024420_ (net)
                      0.041323    0.000333    6.601222 ^ _085236_/A1 (sg13g2_mux2_1)
     1    0.009281    0.079095    0.180918    6.782139 ^ _085236_/X (sg13g2_mux2_1)
                                                         _024425_ (net)
                      0.079095    0.000406    6.782545 ^ _085237_/A (sg13g2_buf_8)
     1    0.003705    0.026610    0.125455    6.908000 ^ _085237_/X (sg13g2_buf_8)
                                                         _024426_ (net)
                      0.026610    0.000155    6.908154 ^ _085546_/A2 (sg13g2_a22oi_1)
     1    0.013143    0.159253    0.170708    7.078863 v _085546_/Y (sg13g2_a22oi_1)
                                                         _024735_ (net)
                      0.159266    0.001207    7.080070 v _085547_/A (sg13g2_buf_8)
     3    0.012704    0.036369    0.177593    7.257664 v _085547_/X (sg13g2_buf_8)
                                                         _024736_ (net)
                      0.036372    0.000711    7.258374 v _085565_/A2 (sg13g2_o21ai_1)
     1    0.017559    0.304884    0.286290    7.544664 ^ _085565_/Y (sg13g2_o21ai_1)
                                                         _024754_ (net)
                      0.304886    0.000757    7.545421 ^ _085566_/A (sg13g2_buf_16)
     3    0.037196    0.049433    0.224921    7.770342 ^ _085566_/X (sg13g2_buf_16)
                                                         _024755_ (net)
                      0.049518    0.003923    7.774265 ^ _088787_/A (sg13g2_nand3_1)
     1    0.005659    0.116276    0.133817    7.908082 v _088787_/Y (sg13g2_nand3_1)
                                                         _027970_ (net)
                      0.116276    0.000396    7.908478 v _088788_/A (sg13g2_buf_4)
     1    0.003758    0.031151    0.153099    8.061577 v _088788_/X (sg13g2_buf_4)
                                                         _027971_ (net)
                      0.031152    0.000307    8.061884 v _088794_/B2 (sg13g2_a221oi_1)
     1    0.013687    0.352692    0.362743    8.424626 ^ _088794_/Y (sg13g2_a221oi_1)
                                                         _027977_ (net)
                      0.352698    0.001213    8.425839 ^ _088795_/A (sg13g2_buf_8)
     2    0.029031    0.058023    0.246821    8.672661 ^ _088795_/X (sg13g2_buf_8)
                                                         _027978_ (net)
                      0.058078    0.003818    8.676479 ^ _088800_/A (sg13g2_nor2_2)
     1    0.017022    0.063948    0.089600    8.766080 v _088800_/Y (sg13g2_nor2_2)
                                                         _027983_ (net)
                      0.063993    0.001443    8.767523 v _088801_/A (sg13g2_buf_16)
     4    0.024105    0.032608    0.129241    8.896764 v _088801_/X (sg13g2_buf_16)
                                                         _027984_ (net)
                      0.032641    0.002087    8.898850 v _089337_/S (sg13g2_mux2_2)
     1    0.004435    0.060875    0.223044    9.121895 v _089337_/X (sg13g2_mux2_2)
                                                         _028518_ (net)
                      0.060876    0.000336    9.122231 v _089338_/A (sg13g2_buf_4)
     1    0.003833    0.029610    0.123641    9.245871 v _089338_/X (sg13g2_buf_4)
                                                         _028519_ (net)
                      0.029610    0.000305    9.246176 v _089343_/A2 (sg13g2_o21ai_1)
     1    0.035251    0.561517    0.479062    9.725238 ^ _089343_/Y (sg13g2_o21ai_1)
                                                         _028524_ (net)
                      0.561603    0.006072    9.731309 ^ _089344_/A (sg13g2_buf_8)
     1    0.003680    0.052169    0.279464   10.010774 ^ _089344_/X (sg13g2_buf_8)
                                                         _028525_ (net)
                      0.052169    0.000153   10.010926 ^ _089376_/A (sg13g2_nand4_1)
     1    0.025112    0.489798    0.441985   10.452911 v _089376_/Y (sg13g2_nand4_1)
                                                         _028557_ (net)
                      0.489834    0.003689   10.456600 v _089377_/A (sg13g2_buf_4)
     1    0.004018    0.050149    0.273960   10.730560 v _089377_/X (sg13g2_buf_4)
                                                         _028558_ (net)
                      0.050149    0.000296   10.730856 v _089378_/C1 (sg13g2_a221oi_1)
     1    0.015659    0.389212    0.289979   11.020834 ^ _089378_/Y (sg13g2_a221oi_1)
                                                         _028559_ (net)
                      0.389214    0.000815   11.021649 ^ _089379_/A (sg13g2_buf_8)
     2    0.006020    0.045239    0.240503   11.262153 ^ _089379_/X (sg13g2_buf_8)
                                                         _028560_ (net)
                      0.045239    0.000399   11.262551 ^ _089695_/A (sg13g2_nand4_1)
     1    0.004082    0.135806    0.148854   11.411406 v _089695_/Y (sg13g2_nand4_1)
                                                         _028873_ (net)
                      0.135806    0.000335   11.411740 v _089696_/A (sg13g2_buf_4)
     1    0.006088    0.034771    0.165069   11.576809 v _089696_/X (sg13g2_buf_4)
                                                         _028874_ (net)
                      0.034771    0.000258   11.577067 v _089697_/B1 (sg13g2_a21oi_2)
     1    0.022181    0.174509    0.171946   11.749014 ^ _089697_/Y (sg13g2_a21oi_2)
                                                         _028875_ (net)
                      0.174542    0.002030   11.751044 ^ _089698_/A (sg13g2_buf_16)
     4    0.020713    0.036703    0.174571   11.925615 ^ _089698_/X (sg13g2_buf_16)
                                                         _028876_ (net)
                      0.036717    0.001426   11.927041 ^ _090022_/A (sg13g2_nand4_1)
     1    0.004813    0.146886    0.155787   12.082829 v _090022_/Y (sg13g2_nand4_1)
                                                         _029197_ (net)
                      0.146886    0.000354   12.083182 v _090023_/A (sg13g2_buf_4)
     1    0.006165    0.035450    0.170359   12.253542 v _090023_/X (sg13g2_buf_4)
                                                         _029198_ (net)
                      0.035452    0.000512   12.254054 v _090024_/B (sg13g2_xor2_1)
     1    0.008059    0.106585    0.170798   12.424852 v _090024_/X (sg13g2_xor2_1)
                                                         _029199_ (net)
                      0.106626    0.000617   12.425470 v _090025_/A1 (sg13g2_mux2_2)
     1    0.006617    0.065814    0.245419   12.670889 v _090025_/X (sg13g2_mux2_2)
                                                         _029200_ (net)
                      0.065814    0.000536   12.671424 v _090026_/A (sg13g2_buf_4)
     1    0.002161    0.027726    0.124496   12.795920 v _090026_/X (sg13g2_buf_4)
                                                         _000499_ (net)
                      0.027726    0.000165   12.796085 v _129761_/D (sg13g2_dfrbpq_1)
                                             12.796085   data arrival time

                                  7.992000    7.992000   clock clk (rise edge)
                                  0.000000    7.992000   clock source latency
     1    0.161319    0.257078    0.236856    8.228856 ^ clk (in)
                                                         clk (net)
                      0.353407    0.000000    8.228856 ^ clkbuf_0_clk/A (sg13g2_buf_16)
     2    0.021301    0.046708    0.211935    8.440791 ^ clkbuf_0_clk/X (sg13g2_buf_16)
                                                         clknet_0_clk (net)
                      0.046720    0.001508    8.442300 ^ clkbuf_1_0_0_clk/A (sg13g2_buf_8)
     1    0.027454    0.041786    0.108598    8.550897 ^ clkbuf_1_0_0_clk/X (sg13g2_buf_8)
                                                         clknet_1_0_0_clk (net)
                      0.042238    0.004467    8.555364 ^ clkbuf_1_0_1_clk/A (sg13g2_buf_8)
     1    0.032573    0.044953    0.108223    8.663587 ^ clkbuf_1_0_1_clk/X (sg13g2_buf_8)
                                                         clknet_1_0_1_clk (net)
                      0.046917    0.007582    8.671169 ^ clkbuf_1_0_2_clk/A (sg13g2_buf_8)
     2    0.034723    0.046357    0.111450    8.782619 ^ clkbuf_1_0_2_clk/X (sg13g2_buf_8)
                                                         clknet_1_0_2_clk (net)
                      0.048356    0.006816    8.789434 ^ clkbuf_2_1_0_clk/A (sg13g2_buf_8)
     1    0.032112    0.044854    0.111306    8.900740 ^ clkbuf_2_1_0_clk/X (sg13g2_buf_8)
                                                         clknet_2_1_0_clk (net)
                      0.046381    0.006529    8.907269 ^ clkbuf_2_1_1_clk/A (sg13g2_buf_8)
     1    0.027039    0.041407    0.107864    9.015133 ^ clkbuf_2_1_1_clk/X (sg13g2_buf_8)
                                                         clknet_2_1_1_clk (net)
                      0.042457    0.006344    9.021477 ^ clkbuf_2_1_2_clk/A (sg13g2_buf_8)
     2    0.032365    0.044737    0.108515    9.129992 ^ clkbuf_2_1_2_clk/X (sg13g2_buf_8)
                                                         clknet_2_1_2_clk (net)
                      0.045794    0.005377    9.135369 ^ clkbuf_3_2_0_clk/A (sg13g2_buf_8)
     2    0.038137    0.048520    0.111860    9.247229 ^ clkbuf_3_2_0_clk/X (sg13g2_buf_8)
                                                         clknet_3_2_0_clk (net)
                      0.052407    0.009805    9.257033 ^ clkbuf_4_5_0_clk/A (sg13g2_buf_8)
     2    0.038256    0.049266    0.117636    9.374669 ^ clkbuf_4_5_0_clk/X (sg13g2_buf_8)
                                                         clknet_4_5_0_clk (net)
                      0.049745    0.003301    9.377971 ^ clkbuf_5_11_0_clk/A (sg13g2_buf_8)
     2    0.032468    0.045376    0.113536    9.491507 ^ clkbuf_5_11_0_clk/X (sg13g2_buf_8)
                                                         clknet_5_11_0_clk (net)
                      0.045500    0.002322    9.493828 ^ clkbuf_6_22_0_clk/A (sg13g2_buf_8)
     2    0.027933    0.042180    0.108695    9.602524 ^ clkbuf_6_22_0_clk/X (sg13g2_buf_8)
                                                         clknet_6_22_0_clk (net)
                      0.042280    0.002721    9.605245 ^ clkbuf_7_45_0_clk/A (sg13g2_buf_8)
     6    0.071673    0.074366    0.129194    9.734439 ^ clkbuf_7_45_0_clk/X (sg13g2_buf_8)
                                                         clknet_7_45_0_clk (net)
                      0.075424    0.006611    9.741049 ^ clkbuf_leaf_574_clk/A (sg13g2_buf_8)
     8    0.030091    0.044647    0.126389    9.867437 ^ clkbuf_leaf_574_clk/X (sg13g2_buf_8)
                                                         clknet_leaf_574_clk (net)
                      0.044647    0.000314    9.867751 ^ _129761_/CLK (sg13g2_dfrbpq_1)
                                 -0.250000    9.617751   clock uncertainty
                                  0.136567    9.754318   clock reconvergence pessimism
                                 -0.173700    9.580618   library setup time
                                              9.580618   data required time
---------------------------------------------------------------------------------------------
                                              9.580618   data required time
                                            -12.796085   data arrival time
---------------------------------------------------------------------------------------------
                                             -3.215467   slack (VIOLATED)


Startpoint: _134432_ (rising edge-triggered flip-flop clocked by clk_w)
Endpoint: _132394_ (rising edge-triggered flip-flop clocked by clk_w)
Path Group: clk_w
Path Type: max

Fanout         Cap        Slew       Delay        Time   Description
---------------------------------------------------------------------------------------------
                                  0.000000    0.000000   clock clk_w (rise edge)
                                  0.000000    0.000000   clock source latency
     1    0.052674    0.104470    0.075727    0.075727 ^ clk_w (in)
                                                         clk_w (net)
                      0.105830    0.000000    0.075727 ^ clkbuf_0_clk_w/A (sg13g2_buf_16)
     2    0.024418    0.034059    0.145089    0.220816 ^ clkbuf_0_clk_w/X (sg13g2_buf_16)
                                                         clknet_0_clk_w (net)
                      0.034083    0.001866    0.222681 ^ clkbuf_1_0_0_clk_w/A (sg13g2_buf_8)
     2    0.037352    0.047946    0.117072    0.339754 ^ clkbuf_1_0_0_clk_w/X (sg13g2_buf_8)
                                                         clknet_1_0_0_clk_w (net)
                      0.050034    0.007846    0.347600 ^ clkbuf_2_0_0_clk_w/A (sg13g2_buf_8)
     2    0.053846    0.060684    0.138011    0.485611 ^ clkbuf_2_0_0_clk_w/X (sg13g2_buf_8)
                                                         clknet_2_0_0_clk_w (net)
                      0.061084    0.003971    0.489582 ^ clkbuf_3_1__f_clk_w/A (sg13g2_buf_16)
     6    0.091600    0.055122    0.139295    0.628877 ^ clkbuf_3_1__f_clk_w/X (sg13g2_buf_16)
                                                         clknet_3_1__leaf_clk_w (net)
                      0.057782    0.010146    0.639023 ^ clkbuf_leaf_11_clk_w/A (sg13g2_buf_8)
     8    0.075473    0.077522    0.154646    0.793669 ^ clkbuf_leaf_11_clk_w/X (sg13g2_buf_8)
                                                         clknet_leaf_11_clk_w (net)
                      0.078451    0.007013    0.800682 ^ _134432_/CLK (sg13g2_dfrbpq_1)
     1    0.002661    0.030609    0.295182    1.095864 v _134432_/Q (sg13g2_dfrbpq_1)
                                                         lm.sit.fifo.wdata[34] (net)
                      0.030609    0.000210    1.096074 v _113694_/A (sg13g2_buf_1)
     2    0.067876    0.355181    0.345142    1.441215 v _113694_/X (sg13g2_buf_1)
                                                         _050555_ (net)
                      0.355253    0.004535    1.445751 v _113697_/A2 (sg13g2_a22oi_1)
     1    0.002928    0.122528    0.234284    1.680035 ^ _113697_/Y (sg13g2_a22oi_1)
                                                         _050558_ (net)
                      0.122528    0.000120    1.680155 ^ _113698_/A (sg13g2_buf_1)
     2    0.007279    0.062132    0.161473    1.841628 ^ _113698_/X (sg13g2_buf_1)
                                                         _050559_ (net)
                      0.062133    0.000401    1.842028 ^ _113699_/B (sg13g2_nand2_1)
     1    0.032454    0.312741    0.301409    2.143437 v _113699_/Y (sg13g2_nand2_1)
                                                         _050560_ (net)
                      0.312836    0.004807    2.148244 v _113700_/A (sg13g2_buf_1)
     2    0.009304    0.068780    0.231045    2.379289 v _113700_/X (sg13g2_buf_1)
                                                         _050561_ (net)
                      0.068784    0.000604    2.379893 v _113723_/A1 (sg13g2_o21ai_1)
     1    0.002873    0.099724    0.145934    2.525827 ^ _113723_/Y (sg13g2_o21ai_1)
                                                         _050584_ (net)
                      0.099724    0.000118    2.525944 ^ _113724_/A (sg13g2_buf_1)
     4    0.015796    0.112450    0.193082    2.719027 ^ _113724_/X (sg13g2_buf_1)
                                                         _050585_ (net)
                      0.112450    0.000467    2.719494 ^ _113725_/A (sg13g2_inv_1)
     1    0.002357    0.039933    0.068207    2.787701 v _113725_/Y (sg13g2_inv_1)
                                                         _050586_ (net)
                      0.039933    0.000098    2.787799 v _113726_/A (sg13g2_buf_1)
     2    0.006471    0.047901    0.116329    2.904128 v _113726_/X (sg13g2_buf_1)
                                                         _050587_ (net)
                      0.047901    0.000202    2.904330 v _113727_/A (sg13g2_buf_1)
     7    0.029109    0.158294    0.213476    3.117806 v _113727_/X (sg13g2_buf_1)
                                                         _050588_ (net)
                      0.158307    0.001597    3.119404 v _119405_/C (sg13g2_nand4_1)
     1    0.006779    0.095389    0.145232    3.264636 ^ _119405_/Y (sg13g2_nand4_1)
                                                         _055519_ (net)
                      0.095389    0.000243    3.264879 ^ _119406_/A (sg13g2_buf_1)
     3    0.013823    0.100431    0.181719    3.446598 ^ _119406_/X (sg13g2_buf_1)
                                                         _055520_ (net)
                      0.100435    0.000762    3.447360 ^ _119407_/A (sg13g2_buf_1)
     5    0.051482    0.331906    0.356597    3.803957 ^ _119407_/X (sg13g2_buf_1)
                                                         _055521_ (net)
                      0.331955    0.003559    3.807517 ^ _119438_/A (sg13g2_buf_1)
     7    0.070389    0.449656    0.520994    4.328511 ^ _119438_/X (sg13g2_buf_1)
                                                         _055538_ (net)
                      0.449821    0.007558    4.336070 ^ _119445_/S (sg13g2_mux2_1)
     1    0.003771    0.062558    0.386980    4.723050 v _119445_/X (sg13g2_mux2_1)
                                                         _055542_ (net)
                      0.062558    0.000257    4.723307 v _119446_/A (sg13g2_buf_1)
     1    0.002346    0.029818    0.110801    4.834107 v _119446_/X (sg13g2_buf_1)
                                                         _003373_ (net)
                      0.029818    0.000095    4.834203 v _132394_/D (sg13g2_dfrbpq_1)
                                              4.834203   data arrival time

                                  7.992000    7.992000   clock clk_w (rise edge)
                                  0.000000    7.992000   clock source latency
     1    0.050351    0.100856    0.065476    8.057476 ^ clk_w (in)
                                                         clk_w (net)
                      0.102072    0.000000    8.057476 ^ clkbuf_0_clk_w/A (sg13g2_buf_16)
     2    0.022238    0.033087    0.129148    8.186625 ^ clkbuf_0_clk_w/X (sg13g2_buf_16)
                                                         clknet_0_clk_w (net)
                      0.033095    0.000942    8.187567 ^ clkbuf_1_1_0_clk_w/A (sg13g2_buf_8)
     2    0.038039    0.048435    0.106156    8.293722 ^ clkbuf_1_1_0_clk_w/X (sg13g2_buf_8)
                                                         clknet_1_1_0_clk_w (net)
                      0.050433    0.007139    8.300861 ^ clkbuf_2_2_0_clk_w/A (sg13g2_buf_8)
     2    0.046493    0.055137    0.122146    8.423007 ^ clkbuf_2_2_0_clk_w/X (sg13g2_buf_8)
                                                         clknet_2_2_0_clk_w (net)
                      0.055317    0.002007    8.425014 ^ clkbuf_3_4__f_clk_w/A (sg13g2_buf_16)
     6    0.071251    0.047932    0.117941    8.542956 ^ clkbuf_3_4__f_clk_w/X (sg13g2_buf_16)
                                                         clknet_3_4__leaf_clk_w (net)
                      0.048414    0.003602    8.546558 ^ clkbuf_leaf_41_clk_w/A (sg13g2_buf_8)
     8    0.031144    0.044468    0.112460    8.659019 ^ clkbuf_leaf_41_clk_w/X (sg13g2_buf_8)
                                                         clknet_leaf_41_clk_w (net)
                      0.044471    0.000622    8.659640 ^ _132394_/CLK (sg13g2_dfrbpq_1)
                                 -0.250000    8.409640   clock uncertainty
                                  0.026192    8.435833   clock reconvergence pessimism
                                 -0.174709    8.261125   library setup time
                                              8.261125   data required time
---------------------------------------------------------------------------------------------
                                              8.261125   data required time
                                             -4.834203   data arrival time
---------------------------------------------------------------------------------------------
                                              3.426922   slack (MET)




===========================================================================
report_checks --slack_max -0.01
============================================================================
======================= nom_slow_1p08V_125C Corner ===================================

Startpoint: _132972_ (rising edge-triggered flip-flop clocked by clk)
Endpoint: _129761_ (rising edge-triggered flip-flop clocked by clk)
Path Group: clk
Path Type: max

Fanout         Cap        Slew       Delay        Time   Description
---------------------------------------------------------------------------------------------
                                  0.000000    0.000000   clock clk (rise edge)
                                  0.000000    0.000000   clock source latency
     1    0.163642    0.260139    0.265840    0.265840 ^ clk (in)
                                                         clk (net)
                      0.359921    0.000000    0.265840 ^ clkbuf_0_clk/A (sg13g2_buf_16)
     2    0.023480    0.047738    0.236497    0.502337 ^ clkbuf_0_clk/X (sg13g2_buf_16)
                                                         clknet_0_clk (net)
                      0.047753    0.001864    0.504201 ^ clkbuf_1_0_0_clk/A (sg13g2_buf_8)
     1    0.028544    0.042522    0.121220    0.625421 ^ clkbuf_1_0_0_clk/X (sg13g2_buf_8)
                                                         clknet_1_0_0_clk (net)
                      0.043090    0.005226    0.630647 ^ clkbuf_1_0_1_clk/A (sg13g2_buf_8)
     1    0.033663    0.045656    0.120628    0.751275 ^ clkbuf_1_0_1_clk/X (sg13g2_buf_8)
                                                         clknet_1_0_1_clk (net)
                      0.047912    0.008812    0.760087 ^ clkbuf_1_0_2_clk/A (sg13g2_buf_8)
     2    0.036902    0.047909    0.124822    0.884909 ^ clkbuf_1_0_2_clk/X (sg13g2_buf_8)
                                                         clknet_1_0_2_clk (net)
                      0.050174    0.008053    0.892962 ^ clkbuf_2_1_0_clk/A (sg13g2_buf_8)
     1    0.033202    0.045600    0.124644    1.017606 ^ clkbuf_2_1_0_clk/X (sg13g2_buf_8)
                                                         clknet_2_1_0_clk (net)
                      0.047345    0.007553    1.025159 ^ clkbuf_2_1_1_clk/A (sg13g2_buf_8)
     1    0.028128    0.042113    0.120310    1.145469 ^ clkbuf_2_1_1_clk/X (sg13g2_buf_8)
                                                         clknet_2_1_1_clk (net)
                      0.043399    0.007469    1.152938 ^ clkbuf_2_1_2_clk/A (sg13g2_buf_8)
     2    0.034545    0.046130    0.121621    1.274559 ^ clkbuf_2_1_2_clk/X (sg13g2_buf_8)
                                                         clknet_2_1_2_clk (net)
                      0.047473    0.006311    1.280870 ^ clkbuf_3_3_0_clk/A (sg13g2_buf_8)
     2    0.038336    0.049114    0.126230    1.407100 ^ clkbuf_3_3_0_clk/X (sg13g2_buf_8)
                                                         clknet_3_3_0_clk (net)
                      0.050567    0.006610    1.413710 ^ clkbuf_4_7_0_clk/A (sg13g2_buf_8)
     2    0.041448    0.051565    0.129495    1.543204 ^ clkbuf_4_7_0_clk/X (sg13g2_buf_8)
                                                         clknet_4_7_0_clk (net)
                      0.053379    0.007666    1.550870 ^ clkbuf_5_14_0_clk/A (sg13g2_buf_8)
     2    0.034149    0.046456    0.128079    1.678949 ^ clkbuf_5_14_0_clk/X (sg13g2_buf_8)
                                                         clknet_5_14_0_clk (net)
                      0.047076    0.004618    1.683568 ^ clkbuf_6_29_0_clk/A (sg13g2_buf_8)
     2    0.033468    0.045945    0.124430    1.807998 ^ clkbuf_6_29_0_clk/X (sg13g2_buf_8)
                                                         clknet_6_29_0_clk (net)
                      0.046117    0.002586    1.810584 ^ clkbuf_7_58_0_clk/A (sg13g2_buf_8)
     6    0.138545    0.126871    0.182254    1.992838 ^ clkbuf_7_58_0_clk/X (sg13g2_buf_8)
                                                         clknet_7_58_0_clk (net)
                      0.129510    0.015304    2.008142 ^ clkbuf_leaf_510_clk/A (sg13g2_buf_8)
     8    0.054632    0.063750    0.181584    2.189726 ^ clkbuf_leaf_510_clk/X (sg13g2_buf_8)
                                                         clknet_leaf_510_clk (net)
                      0.064183    0.003797    2.193522 ^ _132972_/CLK (sg13g2_dfrbpq_2)
     2    0.045590    0.136071    0.397854    2.591377 v _132972_/Q (sg13g2_dfrbpq_2)
                                                         net176 (net)
                      0.136407    0.006167    2.597544 v _082600_/A (sg13g2_buf_8)
     2    0.023085    0.040837    0.172784    2.770328 v _082600_/X (sg13g2_buf_8)
                                                         _021861_ (net)
                      0.040852    0.001799    2.772126 v _082601_/A (sg13g2_buf_16)
     2    0.027135    0.033080    0.117121    2.889247 v _082601_/X (sg13g2_buf_16)
                                                         _021862_ (net)
                      0.033121    0.002314    2.891561 v _082602_/A (sg13g2_buf_16)
     2    0.034098    0.034918    0.114602    3.006163 v _082602_/X (sg13g2_buf_16)
                                                         _021863_ (net)
                      0.035019    0.003374    3.009537 v _082609_/A (sg13g2_buf_16)
     5    0.060327    0.041968    0.122327    3.131864 v _082609_/X (sg13g2_buf_16)
                                                         _021870_ (net)
                      0.042139    0.003011    3.134876 v _084743_/A2 (sg13g2_o21ai_1)
     1    0.003458    0.106436    0.128447    3.263322 ^ _084743_/Y (sg13g2_o21ai_1)
                                                         _023932_ (net)
                      0.106436    0.000269    3.263592 ^ _084744_/A (sg13g2_buf_2)
     2    0.018424    0.075177    0.182492    3.446083 ^ _084744_/X (sg13g2_buf_2)
                                                         _023933_ (net)
                      0.075197    0.001243    3.447326 ^ _084745_/B (sg13g2_nand2_2)
     1    0.009175    0.074962    0.107573    3.554899 v _084745_/Y (sg13g2_nand2_2)
                                                         _023934_ (net)
                      0.074963    0.000397    3.555296 v _084746_/A (sg13g2_buf_8)
     3    0.025319    0.039688    0.143390    3.698686 v _084746_/X (sg13g2_buf_8)
                                                         _023935_ (net)
                      0.039689    0.000997    3.699683 v _085013_/S (sg13g2_mux2_1)
     1    0.004115    0.050172    0.216038    3.915721 ^ _085013_/X (sg13g2_mux2_1)
                                                         _024202_ (net)
                      0.050180    0.000328    3.916049 ^ _085014_/A (sg13g2_buf_2)
     1    0.004878    0.035270    0.116916    4.032965 ^ _085014_/X (sg13g2_buf_2)
                                                         _024203_ (net)
                      0.035270    0.000351    4.033316 ^ _085020_/C (sg13g2_nand4_1)
     1    0.014856    0.313784    0.329274    4.362590 v _085020_/Y (sg13g2_nand4_1)
                                                         _024209_ (net)
                      0.313793    0.001469    4.364059 v _085021_/A (sg13g2_buf_4)
     1    0.006749    0.045002    0.233590    4.597649 v _085021_/X (sg13g2_buf_4)
                                                         _024210_ (net)
                      0.045004    0.000446    4.598094 v _085045_/A2 (sg13g2_o21ai_1)
     1    0.029075    0.471543    0.418505    5.016600 ^ _085045_/Y (sg13g2_o21ai_1)
                                                         _024234_ (net)
                      0.471584    0.003833    5.020433 ^ _085046_/A (sg13g2_buf_8)
     4    0.015622    0.055305    0.266621    5.287055 ^ _085046_/X (sg13g2_buf_8)
                                                         _024235_ (net)
                      0.055309    0.000950    5.288004 ^ _085086_/C1 (sg13g2_a221oi_1)
     1    0.004785    0.121059    0.069839    5.357843 v _085086_/Y (sg13g2_a221oi_1)
                                                         _024275_ (net)
                      0.121059    0.000377    5.358221 v _085087_/A (sg13g2_buf_4)
     1    0.006338    0.034255    0.158361    5.516582 v _085087_/X (sg13g2_buf_4)
                                                         _024276_ (net)
                      0.034257    0.000522    5.517104 v _085089_/B (sg13g2_nor4_2)
     1    0.009836    0.214497    0.263606    5.780711 ^ _085089_/Y (sg13g2_nor4_2)
                                                         _024278_ (net)
                      0.214497    0.000443    5.781154 ^ _085090_/A (sg13g2_buf_8)
     2    0.006888    0.036341    0.186876    5.968030 ^ _085090_/X (sg13g2_buf_8)
                                                         _024279_ (net)
                      0.036341    0.000210    5.968240 ^ _085103_/A (sg13g2_and4_1)
     1    0.009252    0.095562    0.251332    6.219572 ^ _085103_/X (sg13g2_and4_1)
                                                         _024292_ (net)
                      0.095566    0.000769    6.220341 ^ _085104_/A (sg13g2_buf_8)
     5    0.018966    0.037800    0.144831    6.365172 ^ _085104_/X (sg13g2_buf_8)
                                                         _024293_ (net)
                      0.037806    0.001111    6.366283 ^ _085230_/B (sg13g2_or4_1)
     1    0.002969    0.040071    0.129781    6.496064 ^ _085230_/X (sg13g2_or4_1)
                                                         _024419_ (net)
                      0.040071    0.000218    6.496282 ^ _085231_/A (sg13g2_buf_1)
     1    0.004076    0.041322    0.104607    6.600888 ^ _085231_/X (sg13g2_buf_1)
                                                         _024420_ (net)
                      0.041323    0.000333    6.601222 ^ _085236_/A1 (sg13g2_mux2_1)
     1    0.009281    0.079095    0.180918    6.782139 ^ _085236_/X (sg13g2_mux2_1)
                                                         _024425_ (net)
                      0.079095    0.000406    6.782545 ^ _085237_/A (sg13g2_buf_8)
     1    0.003705    0.026610    0.125455    6.908000 ^ _085237_/X (sg13g2_buf_8)
                                                         _024426_ (net)
                      0.026610    0.000155    6.908154 ^ _085546_/A2 (sg13g2_a22oi_1)
     1    0.013143    0.159253    0.170708    7.078863 v _085546_/Y (sg13g2_a22oi_1)
                                                         _024735_ (net)
                      0.159266    0.001207    7.080070 v _085547_/A (sg13g2_buf_8)
     3    0.012704    0.036369    0.177593    7.257664 v _085547_/X (sg13g2_buf_8)
                                                         _024736_ (net)
                      0.036372    0.000711    7.258374 v _085565_/A2 (sg13g2_o21ai_1)
     1    0.017559    0.304884    0.286290    7.544664 ^ _085565_/Y (sg13g2_o21ai_1)
                                                         _024754_ (net)
                      0.304886    0.000757    7.545421 ^ _085566_/A (sg13g2_buf_16)
     3    0.037196    0.049433    0.224921    7.770342 ^ _085566_/X (sg13g2_buf_16)
                                                         _024755_ (net)
                      0.049518    0.003923    7.774265 ^ _088787_/A (sg13g2_nand3_1)
     1    0.005659    0.116276    0.133817    7.908082 v _088787_/Y (sg13g2_nand3_1)
                                                         _027970_ (net)
                      0.116276    0.000396    7.908478 v _088788_/A (sg13g2_buf_4)
     1    0.003758    0.031151    0.153099    8.061577 v _088788_/X (sg13g2_buf_4)
                                                         _027971_ (net)
                      0.031152    0.000307    8.061884 v _088794_/B2 (sg13g2_a221oi_1)
     1    0.013687    0.352692    0.362743    8.424626 ^ _088794_/Y (sg13g2_a221oi_1)
                                                         _027977_ (net)
                      0.352698    0.001213    8.425839 ^ _088795_/A (sg13g2_buf_8)
     2    0.029031    0.058023    0.246821    8.672661 ^ _088795_/X (sg13g2_buf_8)
                                                         _027978_ (net)
                      0.058078    0.003818    8.676479 ^ _088800_/A (sg13g2_nor2_2)
     1    0.017022    0.063948    0.089600    8.766080 v _088800_/Y (sg13g2_nor2_2)
                                                         _027983_ (net)
                      0.063993    0.001443    8.767523 v _088801_/A (sg13g2_buf_16)
     4    0.024105    0.032608    0.129241    8.896764 v _088801_/X (sg13g2_buf_16)
                                                         _027984_ (net)
                      0.032641    0.002087    8.898850 v _089337_/S (sg13g2_mux2_2)
     1    0.004435    0.060875    0.223044    9.121895 v _089337_/X (sg13g2_mux2_2)
                                                         _028518_ (net)
                      0.060876    0.000336    9.122231 v _089338_/A (sg13g2_buf_4)
     1    0.003833    0.029610    0.123641    9.245871 v _089338_/X (sg13g2_buf_4)
                                                         _028519_ (net)
                      0.029610    0.000305    9.246176 v _089343_/A2 (sg13g2_o21ai_1)
     1    0.035251    0.561517    0.479062    9.725238 ^ _089343_/Y (sg13g2_o21ai_1)
                                                         _028524_ (net)
                      0.561603    0.006072    9.731309 ^ _089344_/A (sg13g2_buf_8)
     1    0.003680    0.052169    0.279464   10.010774 ^ _089344_/X (sg13g2_buf_8)
                                                         _028525_ (net)
                      0.052169    0.000153   10.010926 ^ _089376_/A (sg13g2_nand4_1)
     1    0.025112    0.489798    0.441985   10.452911 v _089376_/Y (sg13g2_nand4_1)
                                                         _028557_ (net)
                      0.489834    0.003689   10.456600 v _089377_/A (sg13g2_buf_4)
     1    0.004018    0.050149    0.273960   10.730560 v _089377_/X (sg13g2_buf_4)
                                                         _028558_ (net)
                      0.050149    0.000296   10.730856 v _089378_/C1 (sg13g2_a221oi_1)
     1    0.015659    0.389212    0.289979   11.020834 ^ _089378_/Y (sg13g2_a221oi_1)
                                                         _028559_ (net)
                      0.389214    0.000815   11.021649 ^ _089379_/A (sg13g2_buf_8)
     2    0.006020    0.045239    0.240503   11.262153 ^ _089379_/X (sg13g2_buf_8)
                                                         _028560_ (net)
                      0.045239    0.000399   11.262551 ^ _089695_/A (sg13g2_nand4_1)
     1    0.004082    0.135806    0.148854   11.411406 v _089695_/Y (sg13g2_nand4_1)
                                                         _028873_ (net)
                      0.135806    0.000335   11.411740 v _089696_/A (sg13g2_buf_4)
     1    0.006088    0.034771    0.165069   11.576809 v _089696_/X (sg13g2_buf_4)
                                                         _028874_ (net)
                      0.034771    0.000258   11.577067 v _089697_/B1 (sg13g2_a21oi_2)
     1    0.022181    0.174509    0.171946   11.749014 ^ _089697_/Y (sg13g2_a21oi_2)
                                                         _028875_ (net)
                      0.174542    0.002030   11.751044 ^ _089698_/A (sg13g2_buf_16)
     4    0.020713    0.036703    0.174571   11.925615 ^ _089698_/X (sg13g2_buf_16)
                                                         _028876_ (net)
                      0.036717    0.001426   11.927041 ^ _090022_/A (sg13g2_nand4_1)
     1    0.004813    0.146886    0.155787   12.082829 v _090022_/Y (sg13g2_nand4_1)
                                                         _029197_ (net)
                      0.146886    0.000354   12.083182 v _090023_/A (sg13g2_buf_4)
     1    0.006165    0.035450    0.170359   12.253542 v _090023_/X (sg13g2_buf_4)
                                                         _029198_ (net)
                      0.035452    0.000512   12.254054 v _090024_/B (sg13g2_xor2_1)
     1    0.008059    0.106585    0.170798   12.424852 v _090024_/X (sg13g2_xor2_1)
                                                         _029199_ (net)
                      0.106626    0.000617   12.425470 v _090025_/A1 (sg13g2_mux2_2)
     1    0.006617    0.065814    0.245419   12.670889 v _090025_/X (sg13g2_mux2_2)
                                                         _029200_ (net)
                      0.065814    0.000536   12.671424 v _090026_/A (sg13g2_buf_4)
     1    0.002161    0.027726    0.124496   12.795920 v _090026_/X (sg13g2_buf_4)
                                                         _000499_ (net)
                      0.027726    0.000165   12.796085 v _129761_/D (sg13g2_dfrbpq_1)
                                             12.796085   data arrival time

                                  7.992000    7.992000   clock clk (rise edge)
                                  0.000000    7.992000   clock source latency
     1    0.161319    0.257078    0.236856    8.228856 ^ clk (in)
                                                         clk (net)
                      0.353407    0.000000    8.228856 ^ clkbuf_0_clk/A (sg13g2_buf_16)
     2    0.021301    0.046708    0.211935    8.440791 ^ clkbuf_0_clk/X (sg13g2_buf_16)
                                                         clknet_0_clk (net)
                      0.046720    0.001508    8.442300 ^ clkbuf_1_0_0_clk/A (sg13g2_buf_8)
     1    0.027454    0.041786    0.108598    8.550897 ^ clkbuf_1_0_0_clk/X (sg13g2_buf_8)
                                                         clknet_1_0_0_clk (net)
                      0.042238    0.004467    8.555364 ^ clkbuf_1_0_1_clk/A (sg13g2_buf_8)
     1    0.032573    0.044953    0.108223    8.663587 ^ clkbuf_1_0_1_clk/X (sg13g2_buf_8)
                                                         clknet_1_0_1_clk (net)
                      0.046917    0.007582    8.671169 ^ clkbuf_1_0_2_clk/A (sg13g2_buf_8)
     2    0.034723    0.046357    0.111450    8.782619 ^ clkbuf_1_0_2_clk/X (sg13g2_buf_8)
                                                         clknet_1_0_2_clk (net)
                      0.048356    0.006816    8.789434 ^ clkbuf_2_1_0_clk/A (sg13g2_buf_8)
     1    0.032112    0.044854    0.111306    8.900740 ^ clkbuf_2_1_0_clk/X (sg13g2_buf_8)
                                                         clknet_2_1_0_clk (net)
                      0.046381    0.006529    8.907269 ^ clkbuf_2_1_1_clk/A (sg13g2_buf_8)
     1    0.027039    0.041407    0.107864    9.015133 ^ clkbuf_2_1_1_clk/X (sg13g2_buf_8)
                                                         clknet_2_1_1_clk (net)
                      0.042457    0.006344    9.021477 ^ clkbuf_2_1_2_clk/A (sg13g2_buf_8)
     2    0.032365    0.044737    0.108515    9.129992 ^ clkbuf_2_1_2_clk/X (sg13g2_buf_8)
                                                         clknet_2_1_2_clk (net)
                      0.045794    0.005377    9.135369 ^ clkbuf_3_2_0_clk/A (sg13g2_buf_8)
     2    0.038137    0.048520    0.111860    9.247229 ^ clkbuf_3_2_0_clk/X (sg13g2_buf_8)
                                                         clknet_3_2_0_clk (net)
                      0.052407    0.009805    9.257033 ^ clkbuf_4_5_0_clk/A (sg13g2_buf_8)
     2    0.038256    0.049266    0.117636    9.374669 ^ clkbuf_4_5_0_clk/X (sg13g2_buf_8)
                                                         clknet_4_5_0_clk (net)
                      0.049745    0.003301    9.377971 ^ clkbuf_5_11_0_clk/A (sg13g2_buf_8)
     2    0.032468    0.045376    0.113536    9.491507 ^ clkbuf_5_11_0_clk/X (sg13g2_buf_8)
                                                         clknet_5_11_0_clk (net)
                      0.045500    0.002322    9.493828 ^ clkbuf_6_22_0_clk/A (sg13g2_buf_8)
     2    0.027933    0.042180    0.108695    9.602524 ^ clkbuf_6_22_0_clk/X (sg13g2_buf_8)
                                                         clknet_6_22_0_clk (net)
                      0.042280    0.002721    9.605245 ^ clkbuf_7_45_0_clk/A (sg13g2_buf_8)
     6    0.071673    0.074366    0.129194    9.734439 ^ clkbuf_7_45_0_clk/X (sg13g2_buf_8)
                                                         clknet_7_45_0_clk (net)
                      0.075424    0.006611    9.741049 ^ clkbuf_leaf_574_clk/A (sg13g2_buf_8)
     8    0.030091    0.044647    0.126389    9.867437 ^ clkbuf_leaf_574_clk/X (sg13g2_buf_8)
                                                         clknet_leaf_574_clk (net)
                      0.044647    0.000314    9.867751 ^ _129761_/CLK (sg13g2_dfrbpq_1)
                                 -0.250000    9.617751   clock uncertainty
                                  0.136567    9.754318   clock reconvergence pessimism
                                 -0.173700    9.580618   library setup time
                                              9.580618   data required time
---------------------------------------------------------------------------------------------
                                              9.580618   data required time
                                            -12.796085   data arrival time
---------------------------------------------------------------------------------------------
                                             -3.215467   slack (VIOLATED)




===========================================================================
 report_check_types -max_slew -max_cap -max_fanout -violators
============================================================================
======================= nom_slow_1p08V_125C Corner ===================================

max fanout

Pin                                   Limit Fanout  Slack
---------------------------------------------------------
_065381_/X                                8     12     -4 (VIOLATED)
_096748_/X                                8      9        (VIOLATED)



===========================================================================
report_parasitic_annotation -report_unannotated
============================================================================
Found 120 unannotated drivers.
 statut_phy[0]
 statut_phy[10]
 statut_phy[11]
 statut_phy[1]
 statut_phy[2]
 statut_phy[3]
 statut_phy[4]
 statut_phy[5]
 statut_phy[6]
 statut_phy[7]
 statut_phy[8]
 statut_phy[9]
 tx_pix_data[104]
 tx_pix_data[105]
 tx_pix_data[106]
 tx_pix_data[107]
 tx_pix_data[108]
 tx_pix_data[109]
 tx_pix_data[110]
 tx_pix_data[111]
 tx_pix_data[62]
 tx_pix_data[63]
 tx_pix_data[64]
 tx_pix_data[65]
 tx_pix_data[66]
 tx_pix_data[67]
 tx_pix_data[68]
 tx_pix_data[69]
 tx_pix_data[76]
 tx_pix_data[77]
 tx_pix_data[78]
 tx_pix_data[79]
 tx_pix_data[80]
 tx_pix_data[81]
 tx_pix_data[82]
 tx_pix_data[83]
 tx_pix_data[90]
 tx_pix_data[91]
 tx_pix_data[92]
 tx_pix_data[93]
 tx_pix_data[94]
 tx_pix_data[95]
 tx_pix_data[96]
 tx_pix_data[97]
 clkload0/X
 clkload1/X
 clkload10/X
 clkload11/X
 clkload12/X
 clkload13/X
 clkload14/X
 clkload15/X
 clkload16/X
 clkload17/X
 clkload18/X
 clkload19/X
 clkload2/X
 clkload20/X
 clkload21/X
 clkload22/X
 clkload23/X
 clkload24/X
 clkload25/X
 clkload26/X
 clkload27/X
 clkload28/X
 clkload29/X
 clkload3/X
 clkload30/X
 clkload31/X
 clkload32/X
 clkload33/X
 clkload34/X
 clkload35/X
 clkload36/X
 clkload37/X
 clkload38/X
 clkload39/X
 clkload4/X
 clkload40/X
 clkload41/X
 clkload42/X
 clkload43/X
 clkload44/X
 clkload45/X
 clkload46/X
 clkload47/X
 clkload48/X
 clkload49/X
 clkload5/X
 clkload50/X
 clkload51/X
 clkload52/X
 clkload53/X
 clkload54/X
 clkload55/X
 clkload56/X
 clkload57/X
 clkload58/Y
 clkload59/Y
 clkload6/X
 clkload60/Y
 clkload61/Y
 clkload62/Y
 clkload63/Y
 clkload64/Y
 clkload65/Y
 clkload66/Y
 clkload67/Y
 clkload68/X
 clkload69/Y
 clkload7/X
 clkload70/X
 clkload71/X
 clkload72/X
 clkload73/X
 clkload74/Y
 clkload75/Y
 clkload8/X
 clkload9/X
Found 0 partially unannotated drivers.

===========================================================================
max slew violation count 0
max fanout violation count 2
max cap violation count 0
============================================================================

===========================================================================
check_setup -verbose -unconstrained_endpoints -multiple_clock -no_clock -no_input_delay -loops -generated_clocks
===========================================================================
Warning: There are 6 input ports missing set_input_delay.
  cnt_gel
  hspr[0]
  hspr[1]
  hspr[2]
  hspr[3]
  rst_n
Warning: There are 13 unconstrained endpoints.
  _134233_/D
  _134237_/D
  _134241_/D
  _134245_/D
  _134255_/D
  _134256_/D
  _134257_/D
  _134258_/D
  _134295_/D
  _134296_/D
  _134297_/D
  _134298_/D
  _134682_/D
