Clock: clk
Sources: clk 
Generated: no
Virtual: yes
Propagated: no
Period: 7.992000

===========================================================================
report_clock_properties
============================================================================
Clock                   Period          Waveform
----------------------------------------------------
clk                   7.992000    0.000000  3.996000

===========================================================================
report_clock_latency
============================================================================
Clock clk
rise -> rise
    min     max
0.000000 0.000000 source latency
1.832719         network latency _133672_/CLK
        2.206826 network latency _129689_/CLK
---------------
1.832719 2.206826 latency
        0.374107 skew

fall -> fall
    min     max
0.000000 0.000000 source latency
1.870135         network latency _133672_/CLK
        2.233479 network latency _129689_/CLK
---------------
1.870135 2.233479 latency
        0.363344 skew



===========================================================================
report_clock_min_period
============================================================================
clk period_min = 11.21 fmax = 89.23
Clock: clk_w
Sources: clk_w 
Generated: no
Virtual: yes
Propagated: no
Period: 7.992000

===========================================================================
report_clock_properties
============================================================================
Clock                   Period          Waveform
----------------------------------------------------
clk_w                 7.992000    0.000000  3.996000

===========================================================================
report_clock_latency
============================================================================
Clock clk_w
rise -> rise
    min     max
0.000000 0.000000 source latency
0.662973         network latency _132429_/CLK
        0.802959 network latency _132223_/CLK
---------------
0.662973 0.802959 latency
        0.139986 skew

fall -> fall
    min     max
0.000000 0.000000 source latency
0.671498         network latency _132429_/CLK
        0.805983 network latency _132223_/CLK
---------------
0.671498 0.805983 latency
        0.134485 skew



===========================================================================
report_clock_min_period
============================================================================
clk_w period_min = 4.57 fmax = 219.05
