
===========================================================================
 report_power
============================================================================
======================= nom_slow_1p08V_125C Corner ===================================

Group                    Internal    Switching      Leakage        Total
                            Power        Power        Power        Power (Watts)
------------------------------------------------------------------------
Sequential           3.486130e-02 2.775248e-04 1.298588e-05 3.515181e-02  53.7%
Combinational        7.196531e-03 8.332500e-03 4.221562e-05 1.557125e-02  23.8%
Clock                7.917880e-03 6.752681e-03 1.529874e-05 1.468586e-02  22.5%
Macro                0.000000e+00 0.000000e+00 0.000000e+00 0.000000e+00   0.0%
Pad                  0.000000e+00 0.000000e+00 0.000000e+00 0.000000e+00   0.0%
------------------------------------------------------------------------
Total                4.997640e-02 1.536265e-02 7.049013e-05 6.540955e-02 100.0%
                            76.4%        23.5%         0.1%

