
===========================================================================
report_checks -unconstrained
===========================================================================
======================= nom_fast_1p32V_m40C Corner ===================================

Startpoint: _134681_ (rising edge-triggered flip-flop clocked by clk)
Endpoint: _133031_ (recovery check against rising-edge clock clk)
Path Group: asynchronous
Path Type: max

Fanout         Cap        Slew       Delay        Time   Description
---------------------------------------------------------------------------------------------
                                  0.000000    0.000000   clock clk (rise edge)
                                  0.000000    0.000000   clock source latency
     1    0.166438    0.072508    0.161182    0.161182 ^ clk (in)
                                                         clk (net)
                      0.260201    0.000000    0.161182 ^ clkbuf_0_clk/A (sg13g2_buf_16)
     2    0.026283    0.024736    0.111077    0.272259 ^ clkbuf_0_clk/X (sg13g2_buf_16)
                                                         clknet_0_clk (net)
                      0.024776    0.002070    0.274329 ^ clkbuf_1_1_0_clk/A (sg13g2_buf_8)
     1    0.030714    0.018906    0.051657    0.325986 ^ clkbuf_1_1_0_clk/X (sg13g2_buf_8)
                                                         clknet_1_1_0_clk (net)
                      0.021016    0.005571    0.331557 ^ clkbuf_1_1_1_clk/A (sg13g2_buf_8)
     1    0.033284    0.019317    0.050581    0.382138 ^ clkbuf_1_1_1_clk/X (sg13g2_buf_8)
                                                         clknet_1_1_1_clk (net)
                      0.022500    0.006733    0.388871 ^ clkbuf_1_1_2_clk/A (sg13g2_buf_8)
     2    0.036654    0.020378    0.052080    0.440950 ^ clkbuf_1_1_2_clk/X (sg13g2_buf_8)
                                                         clknet_1_1_2_clk (net)
                      0.022244    0.004832    0.445782 ^ clkbuf_2_2_0_clk/A (sg13g2_buf_8)
     1    0.032019    0.019056    0.050828    0.496610 ^ clkbuf_2_2_0_clk/X (sg13g2_buf_8)
                                                         clknet_2_2_0_clk (net)
                      0.022073    0.006630    0.503240 ^ clkbuf_2_2_1_clk/A (sg13g2_buf_8)
     1    0.027065    0.017932    0.050253    0.553493 ^ clkbuf_2_2_1_clk/X (sg13g2_buf_8)
                                                         clknet_2_2_1_clk (net)
                      0.018734    0.003832    0.557325 ^ clkbuf_2_2_2_clk/A (sg13g2_buf_8)
     2    0.034578    0.019359    0.049563    0.606888 ^ clkbuf_2_2_2_clk/X (sg13g2_buf_8)
                                                         clknet_2_2_2_clk (net)
                      0.022873    0.006665    0.613553 ^ clkbuf_3_4_0_clk/A (sg13g2_buf_8)
     2    0.038809    0.020806    0.052319    0.665872 ^ clkbuf_3_4_0_clk/X (sg13g2_buf_8)
                                                         clknet_3_4_0_clk (net)
                      0.024064    0.006552    0.672424 ^ clkbuf_4_8_0_clk/A (sg13g2_buf_8)
     2    0.037295    0.020718    0.053065    0.725489 ^ clkbuf_4_8_0_clk/X (sg13g2_buf_8)
                                                         clknet_4_8_0_clk (net)
                      0.021913    0.003801    0.729290 ^ clkbuf_5_17_0_clk/A (sg13g2_buf_8)
     2    0.031017    0.019045    0.051513    0.780802 ^ clkbuf_5_17_0_clk/X (sg13g2_buf_8)
                                                         clknet_5_17_0_clk (net)
                      0.019284    0.002168    0.782971 ^ clkbuf_6_34_0_clk/A (sg13g2_buf_8)
     2    0.031106    0.018899    0.050359    0.833330 ^ clkbuf_6_34_0_clk/X (sg13g2_buf_8)
                                                         clknet_6_34_0_clk (net)
                      0.019318    0.002633    0.835963 ^ clkbuf_7_69_0_clk/A (sg13g2_buf_8)
     6    0.086819    0.036466    0.063769    0.899732 ^ clkbuf_7_69_0_clk/X (sg13g2_buf_8)
                                                         clknet_7_69_0_clk (net)
                      0.038152    0.006459    0.906191 ^ clkbuf_leaf_189_clk/A (sg13g2_buf_8)
     8    0.039210    0.022051    0.059931    0.966121 ^ clkbuf_leaf_189_clk/X (sg13g2_buf_8)
                                                         clknet_leaf_189_clk (net)
                      0.022419    0.002186    0.968307 ^ _134681_/CLK (sg13g2_dfrbpq_1)
     2    0.043000    0.115051    0.190680    1.158987 ^ _134681_/Q (sg13g2_dfrbpq_1)
                                                         llp.u_rx.rst_n (net)
                      0.115498    0.006111    1.165098 ^ fanout568/A (sg13g2_buf_1)
     4    0.119683    0.315171    0.280968    1.446066 ^ fanout568/X (sg13g2_buf_1)
                                                         net568 (net)
                      0.317172    0.021410    1.467475 ^ fanout567/A (sg13g2_buf_1)
     5    0.146581    0.385990    0.335554    1.803029 ^ fanout567/X (sg13g2_buf_1)
                                                         net567 (net)
                      0.404233    0.069017    1.872046 ^ fanout465/A (sg13g2_buf_1)
     4    0.070712    0.188912    0.240130    2.112176 ^ fanout465/X (sg13g2_buf_1)
                                                         net465 (net)
                      0.189970    0.011990    2.124166 ^ fanout428/A (sg13g2_buf_1)
     4    0.064249    0.171691    0.199231    2.323397 ^ fanout428/X (sg13g2_buf_1)
                                                         net428 (net)
                      0.171753    0.002886    2.326283 ^ fanout415/A (sg13g2_buf_1)
     5    0.062066    0.166276    0.191728    2.518011 ^ fanout415/X (sg13g2_buf_1)
                                                         net415 (net)
                      0.167220    0.010672    2.528683 ^ fanout414/A (sg13g2_buf_1)
     6    0.057755    0.154881    0.185105    2.713789 ^ fanout414/X (sg13g2_buf_1)
                                                         net414 (net)
                      0.154897    0.001410    2.715198 ^ fanout413/A (sg13g2_buf_1)
     8    0.061333    0.163874    0.189946    2.905145 ^ fanout413/X (sg13g2_buf_1)
                                                         net413 (net)
                      0.163946    0.002995    2.908140 ^ fanout412/A (sg13g2_buf_1)
     8    0.064878    0.172800    0.198645    3.106785 ^ fanout412/X (sg13g2_buf_1)
                                                         net412 (net)
                      0.172955    0.004476    3.111260 ^ _133031_/RESET_B (sg13g2_dfrbpq_1)
                                              3.111260   data arrival time

                                  7.992000    7.992000   clock clk (rise edge)
                                  0.000000    7.992000   clock source latency
     1    0.163181    0.072595    0.141917    8.133917 ^ clk (in)
                                                         clk (net)
                      0.252353    0.000000    8.133917 ^ clkbuf_0_clk/A (sg13g2_buf_16)
     2    0.023149    0.024006    0.098902    8.232820 ^ clkbuf_0_clk/X (sg13g2_buf_16)
                                                         clknet_0_clk (net)
                      0.024035    0.001658    8.234477 ^ clkbuf_1_0_0_clk/A (sg13g2_buf_8)
     1    0.028379    0.018262    0.046119    8.280596 ^ clkbuf_1_0_0_clk/X (sg13g2_buf_8)
                                                         clknet_1_0_0_clk (net)
                      0.019909    0.004550    8.285146 ^ clkbuf_1_0_1_clk/A (sg13g2_buf_8)
     1    0.033498    0.019047    0.045016    8.330162 ^ clkbuf_1_0_1_clk/X (sg13g2_buf_8)
                                                         clknet_1_0_1_clk (net)
                      0.023880    0.007415    8.337576 ^ clkbuf_1_0_2_clk/A (sg13g2_buf_8)
     2    0.036571    0.019788    0.046557    8.384133 ^ clkbuf_1_0_2_clk/X (sg13g2_buf_8)
                                                         clknet_1_0_2_clk (net)
                      0.024438    0.006837    8.390971 ^ clkbuf_2_1_0_clk/A (sg13g2_buf_8)
     1    0.033036    0.019228    0.046571    8.437542 ^ clkbuf_2_1_0_clk/X (sg13g2_buf_8)
                                                         clknet_2_1_0_clk (net)
                      0.023007    0.006447    8.443989 ^ clkbuf_2_1_1_clk/A (sg13g2_buf_8)
     1    0.027963    0.017951    0.045347    8.489336 ^ clkbuf_2_1_1_clk/X (sg13g2_buf_8)
                                                         clknet_2_1_1_clk (net)
                      0.021257    0.006340    8.495675 ^ clkbuf_2_1_2_clk/A (sg13g2_buf_8)
     2    0.034214    0.019497    0.045863    8.541538 ^ clkbuf_2_1_2_clk/X (sg13g2_buf_8)
                                                         clknet_2_1_2_clk (net)
                      0.022352    0.005521    8.547059 ^ clkbuf_3_2_0_clk/A (sg13g2_buf_8)
     2    0.039985    0.019956    0.046026    8.593085 ^ clkbuf_3_2_0_clk/X (sg13g2_buf_8)
                                                         clknet_3_2_0_clk (net)
                      0.029012    0.009855    8.602941 ^ clkbuf_4_4_0_clk/A (sg13g2_buf_8)
     2    0.046813    0.023749    0.051120    8.654060 ^ clkbuf_4_4_0_clk/X (sg13g2_buf_8)
                                                         clknet_4_4_0_clk (net)
                      0.026298    0.005439    8.659500 ^ clkbuf_5_9_0_clk/A (sg13g2_buf_8)
     2    0.032065    0.019476    0.047980    8.707480 ^ clkbuf_5_9_0_clk/X (sg13g2_buf_8)
                                                         clknet_5_9_0_clk (net)
                      0.020035    0.002623    8.710103 ^ clkbuf_6_18_0_clk/A (sg13g2_buf_8)
     2    0.031473    0.019043    0.045933    8.756036 ^ clkbuf_6_18_0_clk/X (sg13g2_buf_8)
                                                         clknet_6_18_0_clk (net)
                      0.019441    0.002321    8.758357 ^ clkbuf_7_36_0_clk/A (sg13g2_buf_8)
     6    0.089932    0.037839    0.057306    8.815663 ^ clkbuf_7_36_0_clk/X (sg13g2_buf_8)
                                                         clknet_7_36_0_clk (net)
                      0.039035    0.004977    8.820641 ^ clkbuf_leaf_548_clk/A (sg13g2_buf_8)
     8    0.035628    0.021171    0.053963    8.874603 ^ clkbuf_leaf_548_clk/X (sg13g2_buf_8)
                                                         clknet_leaf_548_clk (net)
                      0.021224    0.000920    8.875524 ^ _133031_/CLK (sg13g2_dfrbpq_1)
                                 -0.250000    8.625524   clock uncertainty
                                  0.031440    8.656964   clock reconvergence pessimism
                                 -0.116428    8.540537   library recovery time
                                              8.540537   data required time
---------------------------------------------------------------------------------------------
                                              8.540537   data required time
                                             -3.111260   data arrival time
---------------------------------------------------------------------------------------------
                                              5.429276   slack (MET)


Startpoint: _132232_ (rising edge-triggered flip-flop clocked by clk_w)
Endpoint: _131967_ (rising edge-triggered flip-flop clocked by clk)
Path Group: path delay
Path Type: max

Fanout         Cap        Slew       Delay        Time   Description
---------------------------------------------------------------------------------------------
                      0.022057    0.000000    0.000000 ^ _132232_/CLK (sg13g2_dfrbpq_1)
     1    0.003211    0.013976    0.116405    0.116405 v _132232_/Q (sg13g2_dfrbpq_1)
                                                         lm.sit.fifo.mem[0][3] (net)
                      0.013976    0.000256    0.116661 v _115385_/A (sg13g2_buf_1)
     2    0.011893    0.030685    0.056128    0.172789 v _115385_/X (sg13g2_buf_1)
                                                         _051950_ (net)
                      0.030691    0.000461    0.173250 v _115387_/A2 (sg13g2_a22oi_1)
     1    0.003212    0.061579    0.055658    0.228908 ^ _115387_/Y (sg13g2_a22oi_1)
                                                         _051952_ (net)
                      0.061579    0.000250    0.229157 ^ _115388_/A (sg13g2_buf_1)
     1    0.005637    0.022754    0.060824    0.289981 ^ _115388_/X (sg13g2_buf_1)
                                                         _051953_ (net)
                      0.022767    0.000387    0.290368 ^ _115393_/C (sg13g2_and4_1)
     1    0.012220    0.048344    0.128720    0.419088 ^ _115393_/X (sg13g2_and4_1)
                                                         _051958_ (net)
                      0.048363    0.000963    0.420051 ^ _115394_/A (sg13g2_buf_1)
     3    0.039508    0.107176    0.120316    0.540368 ^ _115394_/X (sg13g2_buf_1)
                                                         _051959_ (net)
                      0.107228    0.002049    0.542417 ^ _115944_/A (sg13g2_and2_1)
     1    0.003845    0.022691    0.083971    0.626388 ^ _115944_/X (sg13g2_and2_1)
                                                         _052469_ (net)
                      0.022691    0.000163    0.626550 ^ _115945_/A (sg13g2_buf_1)
     2    0.008442    0.028152    0.053336    0.679886 ^ _115945_/X (sg13g2_buf_1)
                                                         _052470_ (net)
                      0.028167    0.000623    0.680509 ^ _115946_/B (sg13g2_nand2_1)
     1    0.003515    0.036488    0.036711    0.717220 v _115946_/Y (sg13g2_nand2_1)
                                                         _052471_ (net)
                      0.036489    0.000284    0.717504 v _115947_/A (sg13g2_buf_1)
     2    0.007821    0.023145    0.056525    0.774029 v _115947_/X (sg13g2_buf_1)
                                                         _052472_ (net)
                      0.023147    0.000243    0.774272 v _115948_/B (sg13g2_nor2_1)
     1    0.003123    0.035331    0.035333    0.809605 ^ _115948_/Y (sg13g2_nor2_1)
                                                         _052473_ (net)
                      0.035332    0.000130    0.809735 ^ _115949_/A (sg13g2_buf_1)
     2    0.007782    0.026948    0.056387    0.866121 ^ _115949_/X (sg13g2_buf_1)
                                                         _052474_ (net)
                      0.026949    0.000240    0.866361 ^ _115950_/B (sg13g2_and2_1)
     1    0.003131    0.020297    0.059423    0.925784 ^ _115950_/X (sg13g2_and2_1)
                                                         _052475_ (net)
                      0.020297    0.000130    0.925914 ^ _115951_/A (sg13g2_buf_1)
     3    0.015800    0.046589    0.067051    0.992965 ^ _115951_/X (sg13g2_buf_1)
                                                         _052476_ (net)
                      0.046612    0.000443    0.993408 ^ _115964_/B1 (sg13g2_o21ai_1)
     1    0.003531    0.042760    0.037750    1.031158 v _115964_/Y (sg13g2_o21ai_1)
                                                         _052488_ (net)
                      0.042760    0.000275    1.031433 v _115965_/A (sg13g2_buf_1)
     1    0.004294    0.016710    0.052463    1.083896 v _115965_/X (sg13g2_buf_1)
                                                         _052489_ (net)
                      0.016711    0.000181    1.084077 v _115973_/A2 (sg13g2_a21oi_1)
     1    0.007417    0.059574    0.063755    1.147832 ^ _115973_/Y (sg13g2_a21oi_1)
                                                         _052497_ (net)
                      0.059603    0.000618    1.148449 ^ _115977_/A2 (sg13g2_o21ai_1)
     1    0.004786    0.058517    0.050794    1.199243 v _115977_/Y (sg13g2_o21ai_1)
                                                         _052501_ (net)
                      0.058517    0.000177    1.199420 v _115978_/A (sg13g2_buf_1)
     1    0.004560    0.017798    0.058031    1.257451 v _115978_/X (sg13g2_buf_1)
                                                         _052502_ (net)
                      0.017799    0.000194    1.257646 v _115980_/A2 (sg13g2_a21oi_1)
     1    0.004119    0.054533    0.051430    1.309075 ^ _115980_/Y (sg13g2_a21oi_1)
                                                         _052504_ (net)
                      0.054533    0.000174    1.309249 ^ _115981_/B (sg13g2_nor2_1)
     1    0.002234    0.022682    0.026868    1.336117 v _115981_/Y (sg13g2_nor2_1)
                                                         _002946_ (net)
                      0.022683    0.000090    1.336207 v _131967_/D (sg13g2_dfrbpq_1)
                                              1.336207   data arrival time

                                  7.992000    7.992000   max_delay
                                 -0.069038    7.922963   library setup time
                                              7.922963   data required time
---------------------------------------------------------------------------------------------
                                              7.922963   data required time
                                             -1.336207   data arrival time
---------------------------------------------------------------------------------------------
                                              6.586756   slack (MET)


Startpoint: _132972_ (rising edge-triggered flip-flop clocked by clk)
Endpoint: _129761_ (rising edge-triggered flip-flop clocked by clk)
Path Group: clk
Path Type: max

Fanout         Cap        Slew       Delay        Time   Description
---------------------------------------------------------------------------------------------
                                  0.000000    0.000000   clock clk (rise edge)
                                  0.000000    0.000000   clock source latency
     1    0.166438    0.072508    0.161182    0.161182 ^ clk (in)
                                                         clk (net)
                      0.260201    0.000000    0.161182 ^ clkbuf_0_clk/A (sg13g2_buf_16)
     2    0.026283    0.024736    0.111077    0.272259 ^ clkbuf_0_clk/X (sg13g2_buf_16)
                                                         clknet_0_clk (net)
                      0.024778    0.002114    0.274373 ^ clkbuf_1_0_0_clk/A (sg13g2_buf_8)
     1    0.029946    0.018671    0.051523    0.325896 ^ clkbuf_1_0_0_clk/X (sg13g2_buf_8)
                                                         clknet_1_0_0_clk (net)
                      0.020655    0.005415    0.331312 ^ clkbuf_1_0_1_clk/A (sg13g2_buf_8)
     1    0.035065    0.019371    0.050225    0.381537 ^ clkbuf_1_0_1_clk/X (sg13g2_buf_8)
                                                         clknet_1_0_1_clk (net)
                      0.024907    0.008731    0.390268 ^ clkbuf_1_0_2_clk/A (sg13g2_buf_8)
     2    0.039706    0.020537    0.052248    0.442516 ^ clkbuf_1_0_2_clk/X (sg13g2_buf_8)
                                                         clknet_1_0_2_clk (net)
                      0.026024    0.008225    0.450741 ^ clkbuf_2_1_0_clk/A (sg13g2_buf_8)
     1    0.034603    0.019642    0.052314    0.503055 ^ clkbuf_2_1_0_clk/X (sg13g2_buf_8)
                                                         clknet_2_1_0_clk (net)
                      0.023916    0.007560    0.510615 ^ clkbuf_2_1_1_clk/A (sg13g2_buf_8)
     1    0.029530    0.018324    0.050671    0.561286 ^ clkbuf_2_1_1_clk/X (sg13g2_buf_8)
                                                         clknet_2_1_1_clk (net)
                      0.022277    0.007585    0.568871 ^ clkbuf_2_1_2_clk/A (sg13g2_buf_8)
     2    0.037348    0.020269    0.051572    0.620443 ^ clkbuf_2_1_2_clk/X (sg13g2_buf_8)
                                                         clknet_2_1_2_clk (net)
                      0.023737    0.006626    0.627069 ^ clkbuf_3_3_0_clk/A (sg13g2_buf_8)
     2    0.041139    0.021411    0.052919    0.679988 ^ clkbuf_3_3_0_clk/X (sg13g2_buf_8)
                                                         clknet_3_3_0_clk (net)
                      0.025081    0.006914    0.686902 ^ clkbuf_4_7_0_clk/A (sg13g2_buf_8)
     2    0.044251    0.022558    0.053707    0.740609 ^ clkbuf_4_7_0_clk/X (sg13g2_buf_8)
                                                         clknet_4_7_0_clk (net)
                      0.026970    0.007843    0.748452 ^ clkbuf_5_14_0_clk/A (sg13g2_buf_8)
     2    0.036953    0.020747    0.054112    0.802564 ^ clkbuf_5_14_0_clk/X (sg13g2_buf_8)
                                                         clknet_5_14_0_clk (net)
                      0.022550    0.004917    0.807481 ^ clkbuf_6_29_0_clk/A (sg13g2_buf_8)
     2    0.036271    0.020504    0.052767    0.860248 ^ clkbuf_6_29_0_clk/X (sg13g2_buf_8)
                                                         clknet_6_29_0_clk (net)
                      0.021125    0.002802    0.863050 ^ clkbuf_7_58_0_clk/A (sg13g2_buf_8)
     6    0.146955    0.056591    0.072849    0.935899 ^ clkbuf_7_58_0_clk/X (sg13g2_buf_8)
                                                         clknet_7_58_0_clk (net)
                      0.063261    0.015368    0.951267 ^ clkbuf_leaf_510_clk/A (sg13g2_buf_8)
     8    0.058396    0.029054    0.073994    1.025261 ^ clkbuf_leaf_510_clk/X (sg13g2_buf_8)
                                                         clknet_leaf_510_clk (net)
                      0.029982    0.004098    1.029359 ^ _132972_/CLK (sg13g2_dfrbpq_2)
     2    0.047580    0.056725    0.165274    1.194633 v _132972_/Q (sg13g2_dfrbpq_2)
                                                         net176 (net)
                      0.057794    0.006492    1.201125 v _082600_/A (sg13g2_buf_8)
     2    0.026642    0.018708    0.067832    1.268958 v _082600_/X (sg13g2_buf_8)
                                                         _021861_ (net)
                      0.018794    0.002083    1.271041 v _082601_/A (sg13g2_buf_16)
     2    0.030692    0.014764    0.050304    1.321344 v _082601_/X (sg13g2_buf_16)
                                                         _021862_ (net)
                      0.014945    0.002632    1.323976 v _082602_/A (sg13g2_buf_16)
     2    0.037705    0.015420    0.049370    1.373346 v _082602_/X (sg13g2_buf_16)
                                                         _021863_ (net)
                      0.016040    0.003704    1.377050 v _082609_/A (sg13g2_buf_16)
     5    0.067684    0.018590    0.052222    1.429272 v _082609_/X (sg13g2_buf_16)
                                                         _021870_ (net)
                      0.022139    0.006799    1.436071 v _082610_/A (sg13g2_buf_16)
     6    0.040756    0.016065    0.052635    1.488706 v _082610_/X (sg13g2_buf_16)
                                                         _021871_ (net)
                      0.016184    0.002309    1.491016 v _084992_/C (sg13g2_nand3_1)
     1    0.004911    0.025877    0.030885    1.521901 ^ _084992_/Y (sg13g2_nand3_1)
                                                         _024181_ (net)
                      0.025878    0.000398    1.522298 ^ _084993_/A (sg13g2_buf_4)
     1    0.007963    0.017901    0.060579    1.582878 ^ _084993_/X (sg13g2_buf_4)
                                                         _024182_ (net)
                      0.017906    0.000647    1.583525 ^ _084994_/A2 (sg13g2_a21oi_2)
     1    0.012170    0.038808    0.048310    1.631835 v _084994_/Y (sg13g2_a21oi_2)
                                                         _024183_ (net)
                      0.038849    0.000974    1.632809 v _084995_/A (sg13g2_buf_8)
     2    0.009547    0.013885    0.056459    1.689269 v _084995_/X (sg13g2_buf_8)
                                                         _024184_ (net)
                      0.013898    0.000889    1.690158 v _085004_/A1 (sg13g2_o21ai_1)
     1    0.005340    0.057214    0.067703    1.757861 ^ _085004_/Y (sg13g2_o21ai_1)
                                                         _024193_ (net)
                      0.057215    0.000405    1.758266 ^ _085005_/A (sg13g2_buf_2)
     1    0.005014    0.017124    0.061596    1.819863 ^ _085005_/X (sg13g2_buf_2)
                                                         _024194_ (net)
                      0.017125    0.000373    1.820235 ^ _085020_/B (sg13g2_nand4_1)
     1    0.015660    0.140622    0.137475    1.957710 v _085020_/Y (sg13g2_nand4_1)
                                                         _024209_ (net)
                      0.140647    0.001595    1.959305 v _085021_/A (sg13g2_buf_4)
     1    0.007131    0.019803    0.089498    2.048803 v _085021_/X (sg13g2_buf_4)
                                                         _024210_ (net)
                      0.019806    0.000481    2.049285 v _085045_/A2 (sg13g2_o21ai_1)
     1    0.030476    0.211700    0.181169    2.230454 ^ _085045_/Y (sg13g2_o21ai_1)
                                                         _024234_ (net)
                      0.211808    0.004103    2.234557 ^ _085046_/A (sg13g2_buf_8)
     4    0.017461    0.023885    0.103936    2.338493 ^ _085046_/X (sg13g2_buf_8)
                                                         _024235_ (net)
                      0.023896    0.001080    2.339572 ^ _085086_/C1 (sg13g2_a221oi_1)
     1    0.005588    0.056646    0.029148    2.368720 v _085086_/Y (sg13g2_a221oi_1)
                                                         _024275_ (net)
                      0.056647    0.000449    2.369169 v _085087_/A (sg13g2_buf_4)
     1    0.007296    0.015841    0.063928    2.433096 v _085087_/X (sg13g2_buf_4)
                                                         _024276_ (net)
                      0.015847    0.000604    2.433701 v _085089_/B (sg13g2_nor4_2)
     1    0.011237    0.097029    0.112571    2.546272 ^ _085089_/Y (sg13g2_nor4_2)
                                                         _024278_ (net)
                      0.097030    0.000510    2.546782 ^ _085090_/A (sg13g2_buf_8)
     2    0.007675    0.016260    0.075324    2.622106 ^ _085090_/X (sg13g2_buf_8)
                                                         _024279_ (net)
                      0.016260    0.000235    2.622341 ^ _085103_/A (sg13g2_and4_1)
     1    0.010653    0.044143    0.106135    2.728476 ^ _085103_/X (sg13g2_and4_1)
                                                         _024292_ (net)
                      0.044161    0.000889    2.729365 ^ _085104_/A (sg13g2_buf_8)
     5    0.021823    0.017614    0.058208    2.787574 ^ _085104_/X (sg13g2_buf_8)
                                                         _024293_ (net)
                      0.017641    0.001286    2.788860 ^ _085230_/B (sg13g2_or4_1)
     1    0.003335    0.018154    0.054551    2.843411 ^ _085230_/X (sg13g2_or4_1)
                                                         _024419_ (net)
                      0.018154    0.000249    2.843660 ^ _085231_/A (sg13g2_buf_1)
     1    0.004602    0.018627    0.044391    2.888051 ^ _085231_/X (sg13g2_buf_1)
                                                         _024420_ (net)
                      0.018637    0.000379    2.888430 ^ _085236_/A1 (sg13g2_mux2_1)
     1    0.010683    0.038388    0.076463    2.964893 ^ _085236_/X (sg13g2_mux2_1)
                                                         _024425_ (net)
                      0.038393    0.000469    2.965362 ^ _085237_/A (sg13g2_buf_8)
     1    0.004148    0.012206    0.051392    3.016754 ^ _085237_/X (sg13g2_buf_8)
                                                         _024426_ (net)
                      0.012206    0.000174    3.016928 ^ _085546_/A2 (sg13g2_a22oi_1)
     1    0.014710    0.073871    0.076284    3.093212 v _085546_/Y (sg13g2_a22oi_1)
                                                         _024735_ (net)
                      0.073908    0.001373    3.094585 v _085547_/A (sg13g2_buf_8)
     3    0.014042    0.016582    0.071348    3.165933 v _085547_/X (sg13g2_buf_8)
                                                         _024736_ (net)
                      0.016591    0.000790    3.166723 v _085565_/A2 (sg13g2_o21ai_1)
     1    0.020354    0.149123    0.133641    3.300364 ^ _085565_/Y (sg13g2_o21ai_1)
                                                         _024754_ (net)
                      0.149130    0.000878    3.301242 ^ _085566_/A (sg13g2_buf_16)
     3    0.040759    0.022476    0.091681    3.392923 ^ _085566_/X (sg13g2_buf_16)
                                                         _024755_ (net)
                      0.022812    0.004237    3.397160 ^ _088787_/A (sg13g2_nand3_1)
     1    0.006463    0.053748    0.058956    3.456116 v _088787_/Y (sg13g2_nand3_1)
                                                         _027970_ (net)
                      0.053754    0.000469    3.456585 v _088788_/A (sg13g2_buf_4)
     1    0.004190    0.014257    0.061311    3.517896 v _088788_/X (sg13g2_buf_4)
                                                         _027971_ (net)
                      0.014257    0.000345    3.518241 v _088794_/B2 (sg13g2_a221oi_1)
     1    0.015089    0.158655    0.155016    3.673257 ^ _088794_/Y (sg13g2_a221oi_1)
                                                         _027977_ (net)
                      0.158672    0.001352    3.674609 ^ _088795_/A (sg13g2_buf_8)
     2    0.030403    0.025229    0.096646    3.771255 ^ _088795_/X (sg13g2_buf_8)
                                                         _027978_ (net)
                      0.025601    0.004054    3.775309 ^ _088800_/A (sg13g2_nor2_2)
     1    0.020156    0.030393    0.038173    3.813482 v _088800_/Y (sg13g2_nor2_2)
                                                         _027983_ (net)
                      0.030528    0.001706    3.815188 v _088801_/A (sg13g2_buf_16)
     4    0.026397    0.014771    0.054492    3.869680 v _088801_/X (sg13g2_buf_16)
                                                         _027984_ (net)
                      0.014895    0.002288    3.871967 v _089337_/S (sg13g2_mux2_2)
     1    0.005239    0.026170    0.093821    3.965788 v _089337_/X (sg13g2_mux2_2)
                                                         _028518_ (net)
                      0.026172    0.000405    3.966193 v _089338_/A (sg13g2_buf_4)
     1    0.004216    0.012954    0.050569    4.016762 v _089338_/X (sg13g2_buf_4)
                                                         _028519_ (net)
                      0.012955    0.000338    4.017100 v _089343_/A2 (sg13g2_o21ai_1)
     1    0.036653    0.249400    0.205720    4.222820 ^ _089343_/Y (sg13g2_o21ai_1)
                                                         _028524_ (net)
                      0.249624    0.006430    4.229250 ^ _089344_/A (sg13g2_buf_8)
     1    0.004002    0.021674    0.106388    4.335638 ^ _089344_/X (sg13g2_buf_8)
                                                         _028525_ (net)
                      0.021674    0.000167    4.335805 ^ _089376_/A (sg13g2_nand4_1)
     1    0.025916    0.215603    0.187690    4.523495 v _089376_/Y (sg13g2_nand4_1)
                                                         _028557_ (net)
                      0.215695    0.003860    4.527354 v _089377_/A (sg13g2_buf_4)
     1    0.004434    0.022005    0.101649    4.629003 v _089377_/X (sg13g2_buf_4)
                                                         _028558_ (net)
                      0.022006    0.000332    4.629335 v _089378_/C1 (sg13g2_a221oi_1)
     1    0.017060    0.173748    0.123010    4.752345 ^ _089378_/Y (sg13g2_a221oi_1)
                                                         _028559_ (net)
                      0.173755    0.000913    4.753258 ^ _089379_/A (sg13g2_buf_8)
     2    0.006708    0.019566    0.094448    4.847706 ^ _089379_/X (sg13g2_buf_8)
                                                         _028560_ (net)
                      0.019566    0.000442    4.848149 ^ _089695_/A (sg13g2_nand4_1)
     1    0.004885    0.063986    0.065704    4.913853 v _089695_/Y (sg13g2_nand4_1)
                                                         _028873_ (net)
                      0.063987    0.000404    4.914257 v _089696_/A (sg13g2_buf_4)
     1    0.007095    0.016087    0.066742    4.980999 v _089696_/X (sg13g2_buf_4)
                                                         _028874_ (net)
                      0.016088    0.000302    4.981301 v _089697_/B1 (sg13g2_a21oi_2)
     1    0.024976    0.080169    0.075189    5.056490 ^ _089697_/Y (sg13g2_a21oi_2)
                                                         _028875_ (net)
                      0.080265    0.002311    5.058802 ^ _089698_/A (sg13g2_buf_16)
     4    0.022573    0.016735    0.069946    5.128748 ^ _089698_/X (sg13g2_buf_16)
                                                         _028876_ (net)
                      0.016772    0.001558    5.130306 ^ _090022_/A (sg13g2_nand4_1)
     1    0.005616    0.068805    0.069100    5.199406 v _090022_/Y (sg13g2_nand4_1)
                                                         _029197_ (net)
                      0.068806    0.000425    5.199831 v _090023_/A (sg13g2_buf_4)
     1    0.006889    0.016226    0.068484    5.268315 v _090023_/X (sg13g2_buf_4)
                                                         _029198_ (net)
                      0.016231    0.000575    5.268890 v _090024_/B (sg13g2_xor2_1)
     1    0.008467    0.048027    0.070216    5.339107 v _090024_/X (sg13g2_xor2_1)
                                                         _029199_ (net)
                      0.048041    0.000658    5.339765 v _090025_/A1 (sg13g2_mux2_2)
     1    0.007421    0.029019    0.102024    5.441789 v _090025_/X (sg13g2_mux2_2)
                                                         _029200_ (net)
                      0.029020    0.000616    5.442404 v _090026_/A (sg13g2_buf_4)
     1    0.002300    0.012168    0.050758    5.493163 v _090026_/X (sg13g2_buf_4)
                                                         _000499_ (net)
                      0.012168    0.000177    5.493339 v _129761_/D (sg13g2_dfrbpq_1)
                                              5.493339   data arrival time

                                  7.992000    7.992000   clock clk (rise edge)
                                  0.000000    7.992000   clock source latency
     1    0.163181    0.072595    0.141917    8.133917 ^ clk (in)
                                                         clk (net)
                      0.252353    0.000000    8.133917 ^ clkbuf_0_clk/A (sg13g2_buf_16)
     2    0.023149    0.024006    0.098902    8.232820 ^ clkbuf_0_clk/X (sg13g2_buf_16)
                                                         clknet_0_clk (net)
                      0.024035    0.001658    8.234477 ^ clkbuf_1_0_0_clk/A (sg13g2_buf_8)
     1    0.028379    0.018262    0.046119    8.280596 ^ clkbuf_1_0_0_clk/X (sg13g2_buf_8)
                                                         clknet_1_0_0_clk (net)
                      0.019909    0.004550    8.285146 ^ clkbuf_1_0_1_clk/A (sg13g2_buf_8)
     1    0.033498    0.019047    0.045016    8.330162 ^ clkbuf_1_0_1_clk/X (sg13g2_buf_8)
                                                         clknet_1_0_1_clk (net)
                      0.023880    0.007415    8.337576 ^ clkbuf_1_0_2_clk/A (sg13g2_buf_8)
     2    0.036571    0.019788    0.046557    8.384133 ^ clkbuf_1_0_2_clk/X (sg13g2_buf_8)
                                                         clknet_1_0_2_clk (net)
                      0.024438    0.006837    8.390971 ^ clkbuf_2_1_0_clk/A (sg13g2_buf_8)
     1    0.033036    0.019228    0.046571    8.437542 ^ clkbuf_2_1_0_clk/X (sg13g2_buf_8)
                                                         clknet_2_1_0_clk (net)
                      0.023007    0.006447    8.443989 ^ clkbuf_2_1_1_clk/A (sg13g2_buf_8)
     1    0.027963    0.017951    0.045347    8.489336 ^ clkbuf_2_1_1_clk/X (sg13g2_buf_8)
                                                         clknet_2_1_1_clk (net)
                      0.021257    0.006340    8.495675 ^ clkbuf_2_1_2_clk/A (sg13g2_buf_8)
     2    0.034214    0.019497    0.045863    8.541538 ^ clkbuf_2_1_2_clk/X (sg13g2_buf_8)
                                                         clknet_2_1_2_clk (net)
                      0.022352    0.005521    8.547059 ^ clkbuf_3_2_0_clk/A (sg13g2_buf_8)
     2    0.039985    0.019956    0.046026    8.593085 ^ clkbuf_3_2_0_clk/X (sg13g2_buf_8)
                                                         clknet_3_2_0_clk (net)
                      0.028507    0.009502    8.602588 ^ clkbuf_4_5_0_clk/A (sg13g2_buf_8)
     2    0.040104    0.021767    0.050260    8.652847 ^ clkbuf_4_5_0_clk/X (sg13g2_buf_8)
                                                         clknet_4_5_0_clk (net)
                      0.022920    0.003444    8.656292 ^ clkbuf_5_11_0_clk/A (sg13g2_buf_8)
     2    0.034316    0.019930    0.047525    8.703816 ^ clkbuf_5_11_0_clk/X (sg13g2_buf_8)
                                                         clknet_5_11_0_clk (net)
                      0.020429    0.002466    8.706283 ^ clkbuf_6_22_0_clk/A (sg13g2_buf_8)
     2    0.029781    0.018567    0.045605    8.751887 ^ clkbuf_6_22_0_clk/X (sg13g2_buf_8)
                                                         clknet_6_22_0_clk (net)
                      0.019146    0.002873    8.754761 ^ clkbuf_7_45_0_clk/A (sg13g2_buf_8)
     6    0.077218    0.033673    0.053343    8.808104 ^ clkbuf_7_45_0_clk/X (sg13g2_buf_8)
                                                         clknet_7_45_0_clk (net)
                      0.036377    0.006901    8.815005 ^ clkbuf_leaf_574_clk/A (sg13g2_buf_8)
     8    0.032609    0.020225    0.052326    8.867332 ^ clkbuf_leaf_574_clk/X (sg13g2_buf_8)
                                                         clknet_leaf_574_clk (net)
                      0.020225    0.000343    8.867674 ^ _129761_/CLK (sg13g2_dfrbpq_1)
                                 -0.250000    8.617674   clock uncertainty
                                  0.070905    8.688579   clock reconvergence pessimism
                                 -0.066437    8.622143   library setup time
                                              8.622143   data required time
---------------------------------------------------------------------------------------------
                                              8.622143   data required time
                                             -5.493339   data arrival time
---------------------------------------------------------------------------------------------
                                              3.128803   slack (MET)


Startpoint: _134432_ (rising edge-triggered flip-flop clocked by clk_w)
Endpoint: _132394_ (rising edge-triggered flip-flop clocked by clk_w)
Path Group: clk_w
Path Type: max

Fanout         Cap        Slew       Delay        Time   Description
---------------------------------------------------------------------------------------------
                                  0.000000    0.000000   clock clk_w (rise edge)
                                  0.000000    0.000000   clock source latency
     1    0.055470    0.046620    0.036697    0.036697 ^ clk_w (in)
                                                         clk_w (net)
                      0.050224    0.000000    0.036697 ^ clkbuf_0_clk_w/A (sg13g2_buf_16)
     2    0.027221    0.015930    0.058830    0.095526 ^ clkbuf_0_clk_w/X (sg13g2_buf_16)
                                                         clknet_0_clk_w (net)
                      0.016025    0.002114    0.097640 ^ clkbuf_1_0_0_clk_w/A (sg13g2_buf_8)
     2    0.040155    0.020521    0.049011    0.146651 ^ clkbuf_1_0_0_clk_w/X (sg13g2_buf_8)
                                                         clknet_1_0_0_clk_w (net)
                      0.025669    0.008038    0.154690 ^ clkbuf_2_0_0_clk_w/A (sg13g2_buf_8)
     2    0.059437    0.028017    0.058846    0.213536 ^ clkbuf_2_0_0_clk_w/X (sg13g2_buf_8)
                                                         clknet_2_0_0_clk_w (net)
                      0.029112    0.004406    0.217942 ^ clkbuf_3_1__f_clk_w/A (sg13g2_buf_16)
     6    0.100010    0.024944    0.058290    0.276231 ^ clkbuf_3_1__f_clk_w/X (sg13g2_buf_16)
                                                         clknet_3_1__leaf_clk_w (net)
                      0.030945    0.010225    0.286456 ^ clkbuf_leaf_11_clk_w/A (sg13g2_buf_8)
     8    0.079282    0.034700    0.064534    0.350991 ^ clkbuf_leaf_11_clk_w/X (sg13g2_buf_8)
                                                         clknet_leaf_11_clk_w (net)
                      0.037042    0.007219    0.358210 ^ _134432_/CLK (sg13g2_dfrbpq_1)
     1    0.003084    0.013823    0.122034    0.480244 v _134432_/Q (sg13g2_dfrbpq_1)
                                                         lm.sit.fifo.wdata[34] (net)
                      0.013823    0.000246    0.480490 v _113694_/A (sg13g2_buf_1)
     2    0.068807    0.149801    0.136479    0.616969 v _113694_/X (sg13g2_buf_1)
                                                         _050555_ (net)
                      0.149975    0.004598    0.621568 v _113697_/A2 (sg13g2_a22oi_1)
     1    0.003294    0.053868    0.083780    0.705347 ^ _113697_/Y (sg13g2_a22oi_1)
                                                         _050558_ (net)
                      0.053868    0.000137    0.705484 ^ _113698_/A (sg13g2_buf_1)
     2    0.008105    0.028337    0.063183    0.768667 ^ _113698_/X (sg13g2_buf_1)
                                                         _050559_ (net)
                      0.028344    0.000448    0.769116 ^ _113699_/B (sg13g2_nand2_1)
     1    0.032877    0.134317    0.124129    0.893245 v _113699_/Y (sg13g2_nand2_1)
                                                         _050560_ (net)
                      0.134555    0.004910    0.898155 v _113700_/A (sg13g2_buf_1)
     2    0.010154    0.030522    0.087329    0.985484 v _113700_/X (sg13g2_buf_1)
                                                         _050561_ (net)
                      0.030537    0.000663    0.986147 v _113723_/A1 (sg13g2_o21ai_1)
     1    0.003239    0.046747    0.062608    1.048755 ^ _113723_/Y (sg13g2_o21ai_1)
                                                         _050584_ (net)
                      0.046748    0.000134    1.048889 ^ _113724_/A (sg13g2_buf_1)
     4    0.018218    0.053346    0.080743    1.129633 ^ _113724_/X (sg13g2_buf_1)
                                                         _050585_ (net)
                      0.053373    0.000540    1.130172 ^ _113725_/A (sg13g2_inv_1)
     1    0.002780    0.017450    0.025757    1.155929 v _113725_/Y (sg13g2_inv_1)
                                                         _050586_ (net)
                      0.017450    0.000116    1.156045 v _113726_/A (sg13g2_buf_1)
     2    0.007549    0.021995    0.049869    1.205914 v _113726_/X (sg13g2_buf_1)
                                                         _050587_ (net)
                      0.021997    0.000238    1.206152 v _113727_/A (sg13g2_buf_1)
     7    0.033996    0.075833    0.094336    1.300487 v _113727_/X (sg13g2_buf_1)
                                                         _050588_ (net)
                      0.075892    0.001849    1.302336 v _119405_/C (sg13g2_nand4_1)
     1    0.007145    0.044267    0.057917    1.360254 ^ _119405_/Y (sg13g2_nand4_1)
                                                         _055519_ (net)
                      0.044267    0.000264    1.360517 ^ _119406_/A (sg13g2_buf_1)
     3    0.014921    0.044881    0.073410    1.433927 ^ _119406_/X (sg13g2_buf_1)
                                                         _055520_ (net)
                      0.044920    0.000831    1.434757 ^ _119407_/A (sg13g2_buf_1)
     5    0.054187    0.145055    0.145958    1.580716 ^ _119407_/X (sg13g2_buf_1)
                                                         _055521_ (net)
                      0.145184    0.003750    1.584466 ^ _119438_/A (sg13g2_buf_1)
     7    0.076013    0.201778    0.212633    1.797099 ^ _119438_/X (sg13g2_buf_1)
                                                         _055538_ (net)
                      0.202221    0.008158    1.805256 ^ _119445_/S (sg13g2_mux2_1)
     1    0.004194    0.026957    0.150443    1.955699 v _119445_/X (sg13g2_mux2_1)
                                                         _055542_ (net)
                      0.026957    0.000294    1.955993 v _119446_/A (sg13g2_buf_1)
     1    0.002485    0.012790    0.044223    2.000216 v _119446_/X (sg13g2_buf_1)
                                                         _003373_ (net)
                      0.012790    0.000101    2.000318 v _132394_/D (sg13g2_dfrbpq_1)
                                              2.000318   data arrival time

                                  7.992000    7.992000   clock clk_w (rise edge)
                                  0.000000    7.992000   clock source latency
     1    0.052214    0.044360    0.031274    8.023273 ^ clk_w (in)
                                                         clk_w (net)
                      0.047479    0.000000    8.023273 ^ clkbuf_0_clk_w/A (sg13g2_buf_16)
     2    0.024087    0.015334    0.051914    8.075188 ^ clkbuf_0_clk_w/X (sg13g2_buf_16)
                                                         clknet_0_clk_w (net)
                      0.015357    0.001027    8.076215 ^ clkbuf_1_1_0_clk_w/A (sg13g2_buf_8)
     2    0.039888    0.020563    0.044546    8.120760 ^ clkbuf_1_1_0_clk_w/X (sg13g2_buf_8)
                                                         clknet_1_1_0_clk_w (net)
                      0.025313    0.007158    8.127918 ^ clkbuf_2_2_0_clk_w/A (sg13g2_buf_8)
     2    0.050218    0.024878    0.052398    8.180316 ^ clkbuf_2_2_0_clk_w/X (sg13g2_buf_8)
                                                         clknet_2_2_0_clk_w (net)
                      0.025235    0.002198    8.182514 ^ clkbuf_3_4__f_clk_w/A (sg13g2_buf_16)
     6    0.076797    0.021561    0.049447    8.231961 ^ clkbuf_3_4__f_clk_w/X (sg13g2_buf_16)
                                                         clknet_3_4__leaf_clk_w (net)
                      0.022848    0.003813    8.235774 ^ clkbuf_leaf_41_clk_w/A (sg13g2_buf_8)
     8    0.033663    0.019894    0.047790    8.283565 ^ clkbuf_leaf_41_clk_w/X (sg13g2_buf_8)
                                                         clknet_leaf_41_clk_w (net)
                      0.019912    0.000675    8.284240 ^ _132394_/CLK (sg13g2_dfrbpq_1)
                                 -0.250000    8.034239   clock uncertainty
                                  0.012339    8.046577   clock reconvergence pessimism
                                 -0.066662    7.979916   library setup time
                                              7.979916   data required time
---------------------------------------------------------------------------------------------
                                              7.979916   data required time
                                             -2.000318   data arrival time
---------------------------------------------------------------------------------------------
                                              5.979599   slack (MET)




===========================================================================
report_checks --slack_max -0.01
============================================================================
======================= nom_fast_1p32V_m40C Corner ===================================

No paths found.


===========================================================================
 report_check_types -max_slew -max_cap -max_fanout -violators
============================================================================
======================= nom_fast_1p32V_m40C Corner ===================================

max fanout

Pin                                   Limit Fanout  Slack
---------------------------------------------------------
_065381_/X                                8     12     -4 (VIOLATED)
_096748_/X                                8      9        (VIOLATED)



===========================================================================
report_parasitic_annotation -report_unannotated
============================================================================
Found 120 unannotated drivers.
 statut_phy[0]
 statut_phy[10]
 statut_phy[11]
 statut_phy[1]
 statut_phy[2]
 statut_phy[3]
 statut_phy[4]
 statut_phy[5]
 statut_phy[6]
 statut_phy[7]
 statut_phy[8]
 statut_phy[9]
 tx_pix_data[104]
 tx_pix_data[105]
 tx_pix_data[106]
 tx_pix_data[107]
 tx_pix_data[108]
 tx_pix_data[109]
 tx_pix_data[110]
 tx_pix_data[111]
 tx_pix_data[62]
 tx_pix_data[63]
 tx_pix_data[64]
 tx_pix_data[65]
 tx_pix_data[66]
 tx_pix_data[67]
 tx_pix_data[68]
 tx_pix_data[69]
 tx_pix_data[76]
 tx_pix_data[77]
 tx_pix_data[78]
 tx_pix_data[79]
 tx_pix_data[80]
 tx_pix_data[81]
 tx_pix_data[82]
 tx_pix_data[83]
 tx_pix_data[90]
 tx_pix_data[91]
 tx_pix_data[92]
 tx_pix_data[93]
 tx_pix_data[94]
 tx_pix_data[95]
 tx_pix_data[96]
 tx_pix_data[97]
 clkload0/X
 clkload1/X
 clkload10/X
 clkload11/X
 clkload12/X
 clkload13/X
 clkload14/X
 clkload15/X
 clkload16/X
 clkload17/X
 clkload18/X
 clkload19/X
 clkload2/X
 clkload20/X
 clkload21/X
 clkload22/X
 clkload23/X
 clkload24/X
 clkload25/X
 clkload26/X
 clkload27/X
 clkload28/X
 clkload29/X
 clkload3/X
 clkload30/X
 clkload31/X
 clkload32/X
 clkload33/X
 clkload34/X
 clkload35/X
 clkload36/X
 clkload37/X
 clkload38/X
 clkload39/X
 clkload4/X
 clkload40/X
 clkload41/X
 clkload42/X
 clkload43/X
 clkload44/X
 clkload45/X
 clkload46/X
 clkload47/X
 clkload48/X
 clkload49/X
 clkload5/X
 clkload50/X
 clkload51/X
 clkload52/X
 clkload53/X
 clkload54/X
 clkload55/X
 clkload56/X
 clkload57/X
 clkload58/Y
 clkload59/Y
 clkload6/X
 clkload60/Y
 clkload61/Y
 clkload62/Y
 clkload63/Y
 clkload64/Y
 clkload65/Y
 clkload66/Y
 clkload67/Y
 clkload68/X
 clkload69/Y
 clkload7/X
 clkload70/X
 clkload71/X
 clkload72/X
 clkload73/X
 clkload74/Y
 clkload75/Y
 clkload8/X
 clkload9/X
Found 0 partially unannotated drivers.

===========================================================================
max slew violation count 0
max fanout violation count 2
max cap violation count 0
============================================================================

===========================================================================
check_setup -verbose -unconstrained_endpoints -multiple_clock -no_clock -no_input_delay -loops -generated_clocks
===========================================================================
Warning: There are 6 input ports missing set_input_delay.
  cnt_gel
  hspr[0]
  hspr[1]
  hspr[2]
  hspr[3]
  rst_n
Warning: There are 13 unconstrained endpoints.
  _134233_/D
  _134237_/D
  _134241_/D
  _134245_/D
  _134255_/D
  _134256_/D
  _134257_/D
  _134258_/D
  _134295_/D
  _134296_/D
  _134297_/D
  _134298_/D
  _134682_/D
