Clock: clk
Sources: clk 
Generated: no
Virtual: yes
Propagated: no
Period: 7.992000

===========================================================================
report_clock_properties
============================================================================
Clock                   Period          Waveform
----------------------------------------------------
clk                   7.992000    0.000000  3.996000

===========================================================================
report_clock_latency
============================================================================
Clock clk
rise -> rise
    min     max
0.000000 0.000000 source latency
0.849226         network latency _133672_/CLK
        1.060675 network latency _129689_/CLK
---------------
0.849226 1.060675 latency
        0.211449 skew

fall -> fall
    min     max
0.000000 0.000000 source latency
0.866018         network latency _133672_/CLK
        1.076354 network latency _129689_/CLK
---------------
0.866018 1.076354 latency
        0.210336 skew



===========================================================================
report_clock_min_period
============================================================================
clk period_min = 4.86 fmax = 205.63
Clock: clk_w
Sources: clk_w 
Generated: no
Virtual: yes
Propagated: no
Period: 7.992000

===========================================================================
report_clock_properties
============================================================================
Clock                   Period          Waveform
----------------------------------------------------
clk_w                 7.992000    0.000000  3.996000

===========================================================================
report_clock_latency
============================================================================
Clock clk_w
rise -> rise
    min     max
0.000000 0.000000 source latency
0.288213         network latency _132429_/CLK
        0.360502 network latency _132223_/CLK
---------------
0.288213 0.360502 latency
        0.072289 skew

fall -> fall
    min     max
0.000000 0.000000 source latency
0.292499         network latency _132429_/CLK
        0.362879 network latency _132223_/CLK
---------------
0.292499 0.362879 latency
        0.070380 skew



===========================================================================
report_clock_min_period
============================================================================
clk_w period_min = 2.01 fmax = 496.92
