
===========================================================================
 report_power
============================================================================
======================= nom_fast_1p32V_m40C Corner ===================================

Group                    Internal    Switching      Leakage        Total
                            Power        Power        Power        Power (Watts)
------------------------------------------------------------------------
Sequential           5.268647e-02 4.562431e-04 6.028056e-06 5.314874e-02  52.2%
Combinational        1.103440e-02 1.358332e-02 2.062071e-05 2.463834e-02  24.2%
Clock                1.289947e-02 1.103064e-02 1.741108e-04 2.410423e-02  23.7%
Macro                0.000000e+00 0.000000e+00 0.000000e+00 0.000000e+00   0.0%
Pad                  0.000000e+00 0.000000e+00 0.000000e+00 0.000000e+00   0.0%
------------------------------------------------------------------------
Total                7.662021e-02 2.507018e-02 2.008046e-04 1.018912e-01 100.0%
                            75.2%        24.6%         0.2%

