┏━━━━━━━━━━━━━━━━━━━━━━┳━━━━━━━━━━┳━━━━━━━━━━┳━━━━━━━━━━┳━━━━━━━━━━┳━━━━━━━━━━━┳━━━━━━━━━━┳━━━━━━━━━━━┳━━━━━━━━━━┳━━━━━━━━━━━┳━━━━━━━━━━┳━━━━━━━━━━━┳━━━━━━━━━━┓
┃                      ┃ Hold     ┃ Reg to   ┃          ┃          ┃ of which  ┃ Setup    ┃           ┃          ┃           ┃ of which ┃           ┃          ┃
┃                      ┃ Worst    ┃ Reg      ┃          ┃ Hold Vio ┃ reg to    ┃ Worst    ┃ Reg to    ┃ Setup    ┃ Setup Vio ┃ reg to   ┃ Max Cap   ┃ Max Slew ┃
┃ Corner/Group         ┃ Slack    ┃ Paths    ┃ Hold TNS ┃ Count    ┃ reg       ┃ Slack    ┃ Reg Paths ┃ TNS      ┃ Count     ┃ reg      ┃ Violatio… ┃ Violati… ┃
┡━━━━━━━━━━━━━━━━━━━━━━╇━━━━━━━━━━╇━━━━━━━━━━╇━━━━━━━━━━╇━━━━━━━━━━╇━━━━━━━━━━━╇━━━━━━━━━━╇━━━━━━━━━━━╇━━━━━━━━━━╇━━━━━━━━━━━╇━━━━━━━━━━╇━━━━━━━━━━━╇━━━━━━━━━━┩
│ Overall              │ 0.0975   │ 0.0975   │ 0.0000   │ 0        │ 0         │ -3.2155  │ -3.2155   │ -355.97… │ 475       │ 475      │ 0         │ 0        │
│ nom_fast_1p32V_m40C  │ 0.0975   │ 0.0975   │ 0.0000   │ 0        │ 0         │ 3.1288   │ 3.1288    │ 0.0000   │ 0         │ 0        │ 0         │ 0        │
│ nom_slow_1p08V_125C  │ 0.1624   │ 0.3292   │ 0.0000   │ 0        │ 0         │ -3.2155  │ -3.2155   │ -355.97… │ 475       │ 475      │ 0         │ 0        │
│ nom_typ_1p20V_25C    │ 0.1847   │ 0.1847   │ 0.0000   │ 0        │ 0         │ 0.8028   │ 0.8028    │ 0.0000   │ 0         │ 0        │ 0         │ 0        │
└──────────────────────┴──────────┴──────────┴──────────┴──────────┴───────────┴──────────┴───────────┴──────────┴───────────┴──────────┴───────────┴──────────┘
