max_delay/setup group clk

                                     Required   Actual
Endpoint                                Delay    Delay    Slack
---------------------------------------------------------------
_129761_/D (sg13g2_dfrbpq_1)            9.602   13.405   -3.803 (VIOLATED)
_129760_/D (sg13g2_dfrbpq_1)            9.585   13.363   -3.778 (VIOLATED)
_129759_/D (sg13g2_dfrbpq_1)            9.603   13.292   -3.690 (VIOLATED)
_129495_/D (sg13g2_dfrbpq_1)            9.346   13.024   -3.678 (VIOLATED)
_129758_/D (sg13g2_dfrbpq_1)            9.586   13.144   -3.558 (VIOLATED)
_129757_/D (sg13g2_dfrbpq_1)            9.595   13.083   -3.488 (VIOLATED)
_129756_/D (sg13g2_dfrbpq_1)            9.595   13.083   -3.488 (VIOLATED)
_134100_/D (sg13g2_dfrbpq_1)            9.656   13.068   -3.412 (VIOLATED)
_129755_/D (sg13g2_dfrbpq_1)            9.591   12.687   -3.097 (VIOLATED)
_134105_/D (sg13g2_dfrbpq_1)            9.661   12.722   -3.061 (VIOLATED)

max_delay/setup group asynchronous

                                     Required   Actual
Endpoint                                Delay    Delay    Slack
---------------------------------------------------------------
_133031_/RESET_B (sg13g2_dfrbpq_1)      9.308    7.600    1.708 (MET)
_133049_/RESET_B (sg13g2_dfrbpq_1)      9.308    7.600    1.708 (MET)
_133030_/RESET_B (sg13g2_dfrbpq_1)      9.308    7.599    1.709 (MET)
_133027_/RESET_B (sg13g2_dfrbpq_1)      9.310    7.599    1.711 (MET)
_133026_/RESET_B (sg13g2_dfrbpq_1)      9.310    7.599    1.711 (MET)
_133032_/RESET_B (sg13g2_dfrbpq_1)      9.309    7.597    1.712 (MET)
_133029_/RESET_B (sg13g2_dfrbpq_1)      9.311    7.598    1.712 (MET)
_133025_/RESET_B (sg13g2_dfrbpq_1)      9.310    7.597    1.713 (MET)
_131261_/RESET_B (sg13g2_dfrbpq_1)      9.291    7.512    1.779 (MET)
_131260_/RESET_B (sg13g2_dfrbpq_1)      9.291    7.511    1.779 (MET)

max_delay/setup group clk_w

                                     Required   Actual
Endpoint                                Delay    Delay    Slack
---------------------------------------------------------------
_132394_/D (sg13g2_dfrbpq_1)            8.247    5.064    3.182 (MET)
_132391_/D (sg13g2_dfrbpq_1)            8.247    5.059    3.188 (MET)
_132392_/D (sg13g2_dfrbpq_1)            8.246    5.056    3.191 (MET)
_132397_/D (sg13g2_dfrbpq_1)            8.251    5.060    3.192 (MET)
_132395_/D (sg13g2_dfrbpq_1)            8.264    5.066    3.198 (MET)
_132396_/D (sg13g2_dfrbpq_1)            8.266    5.056    3.210 (MET)
_132393_/D (sg13g2_dfrbpq_1)            8.266    5.052    3.214 (MET)
_132390_/D (sg13g2_dfrbpq_1)            8.248    5.022    3.226 (MET)
_132428_/D (sg13g2_dfrbpq_1)            8.245    5.016    3.229 (MET)
_132429_/D (sg13g2_dfrbpq_1)            8.242    5.012    3.229 (MET)

max_delay/setup group path delay

                                     Required   Actual
Endpoint                                Delay    Delay    Slack
---------------------------------------------------------------
_131967_/D (sg13g2_dfrbpq_1)            7.808    3.414    4.395 (MET)
_132207_/D (sg13g2_dfrbpq_1)            7.805    3.338    4.467 (MET)
_131923_/D (sg13g2_dfrbpq_1)            7.820    3.306    4.515 (MET)
_131929_/D (sg13g2_dfrbpq_1)            7.818    3.303    4.515 (MET)
_131927_/D (sg13g2_dfrbpq_1)            7.820    3.303    4.517 (MET)
_131926_/D (sg13g2_dfrbpq_1)            7.819    3.300    4.519 (MET)
_132047_/D (sg13g2_dfrbpq_1)            7.808    3.288    4.520 (MET)
_131928_/D (sg13g2_dfrbpq_1)            7.821    3.300    4.521 (MET)
_131925_/D (sg13g2_dfrbpq_1)            7.821    3.300    4.521 (MET)
_131930_/D (sg13g2_dfrbpq_1)            7.819    3.291    4.528 (MET)

