Startpoint: _134597_ (rising edge-triggered flip-flop clocked by clk)
Endpoint: _134034_ (rising edge-triggered flip-flop clocked by clk)
Path Group: clk
Path Type: max

Fanout    Delay     Time   Description
-----------------------------------------------------------------
          0.000    0.000   clock clk (rise edge)
          2.201    2.201   clock network delay (propagated)
          0.000    2.201 ^ _134597_/CLK (sg13g2_dfrbpq_1)
     1    0.297    2.498 ^ _134597_/Q (sg13g2_dfrbpq_1)
     4    0.294    2.792 ^ _065429_/X (sg13g2_buf_2)
     6    0.296    3.088 ^ _096313_/X (sg13g2_buf_2)
     6    0.286    3.375 ^ _096314_/X (sg13g2_buf_2)
     1    0.165    3.540 v _128503_/X (sg13g2_xor2_1)
     1    0.085    3.625 ^ _128504_/Y (sg13g2_o21ai_1)
     1    0.148    3.773 ^ _128505_/X (sg13g2_buf_1)
     1    0.073    3.846 v _128506_/Y (sg13g2_o21ai_1)
     1    0.138    3.984 v _128507_/X (sg13g2_buf_1)
     1    0.228    4.212 v _128508_/X (sg13g2_mux2_1)
     7    0.224    4.436 v _128509_/X (sg13g2_buf_2)
     1    0.174    4.610 v _128510_/Y (sg13g2_nand2b_1)
     3    0.161    4.771 v _128511_/X (sg13g2_buf_2)
     1    0.074    4.845 ^ _128512_/Y (sg13g2_nand2_1)
     1    0.119    4.963 v _128517_/Y (sg13g2_a22oi_1)
     1    0.187    5.150 v _128518_/X (sg13g2_buf_1)
     1    0.130    5.280 ^ _128526_/Y (sg13g2_o21ai_1)
     4    0.194    5.474 ^ _128527_/X (sg13g2_buf_2)
     1    0.064    5.539 v _128530_/Y (sg13g2_inv_1)
     2    0.126    5.664 v _128531_/X (sg13g2_buf_2)
     1    0.146    5.811 ^ _128534_/Y (sg13g2_o21ai_1)
     1    0.149    5.959 ^ _128535_/X (sg13g2_buf_1)
     1    0.072    6.031 v _128536_/Y (sg13g2_o21ai_1)
     1    0.121    6.152 v _128537_/X (sg13g2_buf_1)
     1    0.183    6.335 ^ _128548_/Y (sg13g2_o21ai_1)
     4    0.215    6.550 ^ _128549_/X (sg13g2_buf_2)
     1    0.079    6.629 v _128583_/Y (sg13g2_nor2_1)
     2    0.135    6.764 v _128584_/X (sg13g2_buf_2)
     1    0.072    6.836 ^ _128587_/Y (sg13g2_nand3_1)
     1    0.121    6.957 ^ _128588_/X (sg13g2_buf_1)
     1    0.112    7.070 v _128614_/Y (sg13g2_a21oi_1)
     1    0.620    7.690 ^ _128623_/Y (sg13g2_nor4_1)
     1    0.207    7.897 v _128624_/Y (sg13g2_nor4_1)
     1    0.541    8.438 ^ _128626_/Y (sg13g2_o21ai_1)
     1    0.278    8.716 ^ _128627_/X (sg13g2_buf_1)
     1    0.101    8.817 v _128629_/Y (sg13g2_o21ai_1)
     1    0.136    8.953 v _128630_/X (sg13g2_buf_1)
          0.000    8.953 v _134034_/D (sg13g2_dfrbpq_1)
                   8.953   data arrival time

          7.992    7.992   clock clk (rise edge)
          1.776    9.768   clock network delay (propagated)
         -0.250    9.518   clock uncertainty
          0.281    9.798   clock reconvergence pessimism
                   9.798 ^ _134034_/CLK (sg13g2_dfrbpq_1)
         -0.174    9.624   library setup time
                   9.624   data required time
-----------------------------------------------------------------
                   9.624   data required time
                  -8.953   data arrival time
-----------------------------------------------------------------
                   0.671   slack (MET)


