Startpoint: _134662_ (rising edge-triggered flip-flop clocked by clk)
Endpoint: _134617_ (rising edge-triggered flip-flop clocked by clk)
Path Group: clk
Path Type: max

Fanout    Delay     Time   Description
-----------------------------------------------------------------
          0.000    0.000   clock clk (rise edge)
          2.091    2.091   clock network delay (propagated)
          0.000    2.091 ^ _134662_/CLK (sg13g2_dfrbpq_1)
     2    0.290    2.381 v _134662_/Q (sg13g2_dfrbpq_1)
     1    0.103    2.484 v _068001_/X (sg13g2_buf_1)
     1    0.359    2.843 ^ _068005_/Y (sg13g2_nor4_1)
     1    0.385    3.228 v _068011_/Y (sg13g2_nand4_1)
     2    0.218    3.446 v _068012_/X (sg13g2_buf_1)
     1    0.097    3.543 ^ _068013_/Y (sg13g2_nor2_1)
     2    0.148    3.690 ^ _068014_/X (sg13g2_buf_1)
     1    0.152    3.842 ^ _068015_/X (sg13g2_and2_1)
     3    0.152    3.994 ^ _068016_/X (sg13g2_buf_1)
     1    0.107    4.101 v _068017_/Y (sg13g2_nand2b_1)
     1    0.111    4.212 v _068018_/X (sg13g2_buf_1)
     1    0.111    4.323 v _068019_/X (sg13g2_and2_1)
     2    0.118    4.441 v _068020_/X (sg13g2_buf_1)
     1    0.127    4.567 ^ _068024_/Y (sg13g2_a21oi_1)
     2    0.165    4.732 ^ _068025_/X (sg13g2_buf_1)
     5    0.194    4.926 ^ _068027_/X (sg13g2_buf_1)
     7    0.399    5.325 ^ _068070_/X (sg13g2_buf_1)
     1    0.442    5.766 ^ _068288_/X (sg13g2_mux4_1)
     1    0.146    5.913 ^ _068289_/X (sg13g2_buf_1)
     1    0.054    5.967 v _068290_/Y (sg13g2_nor2_1)
     1    0.101    6.068 ^ _068291_/Y (sg13g2_a21oi_1)
     2    0.130    6.198 ^ _068292_/X (sg13g2_buf_1)
     1    0.149    6.347 ^ _100894_/Y (sg13g2_nor2b_1)
     1    0.133    6.480 ^ _100895_/X (sg13g2_buf_1)
     1    0.281    6.761 v _100896_/Y (sg13g2_nand4_1)
     1    0.188    6.948 v _100897_/X (sg13g2_buf_1)
     1    0.611    7.560 ^ _100902_/Y (sg13g2_nor4_1)
     1    0.243    7.803 v _100905_/Y (sg13g2_a22oi_1)
     1    0.155    7.958 v _100906_/X (sg13g2_buf_1)
          0.000    7.958 v _134617_/D (sg13g2_dfrbpq_1)
                   7.958   data arrival time

          7.992    7.992   clock clk (rise edge)
          1.864    9.856   clock network delay (propagated)
         -0.250    9.606   clock uncertainty
          0.193    9.800   clock reconvergence pessimism
                   9.800 ^ _134617_/CLK (sg13g2_dfrbpq_1)
         -0.175    9.624   library setup time
                   9.624   data required time
-----------------------------------------------------------------
                   9.624   data required time
                  -7.958   data arrival time
-----------------------------------------------------------------
                   1.666   slack (MET)


