Startpoint: _132972_ (rising edge-triggered flip-flop clocked by clk)
Endpoint: _129761_ (rising edge-triggered flip-flop clocked by clk)
Path Group: clk
Path Type: max

Fanout    Delay     Time   Description
-----------------------------------------------------------------
          0.000    0.000   clock clk (rise edge)
          2.194    2.194   clock network delay (propagated)
          0.000    2.194 ^ _132972_/CLK (sg13g2_dfrbpq_2)
     2    0.398    2.591 v _132972_/Q (sg13g2_dfrbpq_2)
     2    0.179    2.770 v _082600_/X (sg13g2_buf_8)
     2    0.119    2.889 v _082601_/X (sg13g2_buf_16)
     2    0.117    3.006 v _082602_/X (sg13g2_buf_16)
     5    0.126    3.132 v _082609_/X (sg13g2_buf_16)
     1    0.131    3.263 ^ _084743_/Y (sg13g2_o21ai_1)
     2    0.183    3.446 ^ _084744_/X (sg13g2_buf_2)
     1    0.109    3.555 v _084745_/Y (sg13g2_nand2_2)
     3    0.144    3.699 v _084746_/X (sg13g2_buf_8)
     1    0.217    3.916 ^ _085013_/X (sg13g2_mux2_1)
     1    0.117    4.033 ^ _085014_/X (sg13g2_buf_2)
     1    0.330    4.363 v _085020_/Y (sg13g2_nand4_1)
     1    0.235    4.598 v _085021_/X (sg13g2_buf_4)
     1    0.419    5.017 ^ _085045_/Y (sg13g2_o21ai_1)
     4    0.270    5.287 ^ _085046_/X (sg13g2_buf_8)
     1    0.071    5.358 v _085086_/Y (sg13g2_a221oi_1)
     1    0.159    5.517 v _085087_/X (sg13g2_buf_4)
     1    0.264    5.781 ^ _085089_/Y (sg13g2_nor4_2)
     2    0.187    5.968 ^ _085090_/X (sg13g2_buf_8)
     1    0.252    6.220 ^ _085103_/X (sg13g2_and4_1)
     5    0.146    6.365 ^ _085104_/X (sg13g2_buf_8)
     1    0.131    6.496 ^ _085230_/X (sg13g2_or4_1)
     1    0.105    6.601 ^ _085231_/X (sg13g2_buf_1)
     1    0.181    6.782 ^ _085236_/X (sg13g2_mux2_1)
     1    0.126    6.908 ^ _085237_/X (sg13g2_buf_8)
     1    0.171    7.079 v _085546_/Y (sg13g2_a22oi_1)
     3    0.179    7.258 v _085547_/X (sg13g2_buf_8)
     1    0.287    7.545 ^ _085565_/Y (sg13g2_o21ai_1)
     3    0.226    7.770 ^ _085566_/X (sg13g2_buf_16)
     1    0.138    7.908 v _088787_/Y (sg13g2_nand3_1)
     1    0.153    8.062 v _088788_/X (sg13g2_buf_4)
     1    0.363    8.425 ^ _088794_/Y (sg13g2_a221oi_1)
     2    0.248    8.673 ^ _088795_/X (sg13g2_buf_8)
     1    0.093    8.766 v _088800_/Y (sg13g2_nor2_2)
     4    0.131    8.897 v _088801_/X (sg13g2_buf_16)
     1    0.225    9.122 v _089337_/X (sg13g2_mux2_2)
     1    0.124    9.246 v _089338_/X (sg13g2_buf_4)
     1    0.479    9.725 ^ _089343_/Y (sg13g2_o21ai_1)
     1    0.286   10.011 ^ _089344_/X (sg13g2_buf_8)
     1    0.442   10.453 v _089376_/Y (sg13g2_nand4_1)
     1    0.278   10.731 v _089377_/X (sg13g2_buf_4)
     1    0.290   11.021 ^ _089378_/Y (sg13g2_a221oi_1)
     2    0.241   11.262 ^ _089379_/X (sg13g2_buf_8)
     1    0.149   11.411 v _089695_/Y (sg13g2_nand4_1)
     1    0.165   11.577 v _089696_/X (sg13g2_buf_4)
     1    0.172   11.749 ^ _089697_/Y (sg13g2_a21oi_2)
     4    0.177   11.926 ^ _089698_/X (sg13g2_buf_16)
     1    0.157   12.083 v _090022_/Y (sg13g2_nand4_1)
     1    0.171   12.254 v _090023_/X (sg13g2_buf_4)
     1    0.171   12.425 v _090024_/X (sg13g2_xor2_1)
     1    0.246   12.671 v _090025_/X (sg13g2_mux2_2)
     1    0.125   12.796 v _090026_/X (sg13g2_buf_4)
          0.000   12.796 v _129761_/D (sg13g2_dfrbpq_1)
                  12.796   data arrival time

          7.992    7.992   clock clk (rise edge)
          1.876    9.868   clock network delay (propagated)
         -0.250    9.618   clock uncertainty
          0.137    9.754   clock reconvergence pessimism
                   9.754 ^ _129761_/CLK (sg13g2_dfrbpq_1)
         -0.174    9.581   library setup time
                   9.581   data required time
-----------------------------------------------------------------
                   9.581   data required time
                 -12.796   data arrival time
-----------------------------------------------------------------
                  -3.215   slack (VIOLATED)


Startpoint: _134681_ (rising edge-triggered flip-flop clocked by clk)
Endpoint: _133031_ (recovery check against rising-edge clock clk)
Path Group: asynchronous
Path Type: max

Fanout    Delay     Time   Description
-----------------------------------------------------------------
          0.000    0.000   clock clk (rise edge)
          2.067    2.067   clock network delay (propagated)
          0.000    2.067 ^ _134681_/CLK (sg13g2_dfrbpq_1)
     2    0.462    2.529 ^ _134681_/Q (sg13g2_dfrbpq_1)
     4    0.720    3.249 ^ fanout568/X (sg13g2_buf_1)
     5    0.930    4.179 ^ fanout567/X (sg13g2_buf_1)
     4    0.697    4.875 ^ fanout465/X (sg13g2_buf_1)
     4    0.519    5.394 ^ fanout428/X (sg13g2_buf_1)
     5    0.484    5.879 ^ fanout415/X (sg13g2_buf_1)
     6    0.461    6.340 ^ fanout414/X (sg13g2_buf_1)
     8    0.448    6.788 ^ fanout413/X (sg13g2_buf_1)
     8    0.463    7.250 ^ fanout412/X (sg13g2_buf_1)
          0.004    7.254 ^ _133031_/RESET_B (sg13g2_dfrbpq_1)
                   7.254   data arrival time

          7.992    7.992   clock clk (rise edge)
          1.896    9.888   clock network delay (propagated)
         -0.250    9.638   clock uncertainty
          0.054    9.692   clock reconvergence pessimism
                   9.692 ^ _133031_/CLK (sg13g2_dfrbpq_1)
         -0.332    9.360   library recovery time
                   9.360   data required time
-----------------------------------------------------------------
                   9.360   data required time
                  -7.254   data arrival time
-----------------------------------------------------------------
                   2.106   slack (MET)


Startpoint: _134432_ (rising edge-triggered flip-flop clocked by clk_w)
Endpoint: _132394_ (rising edge-triggered flip-flop clocked by clk_w)
Path Group: clk_w
Path Type: max

Fanout    Delay     Time   Description
-----------------------------------------------------------------
          0.000    0.000   clock clk_w (rise edge)
          0.801    0.801   clock network delay (propagated)
          0.000    0.801 ^ _134432_/CLK (sg13g2_dfrbpq_1)
     1    0.295    1.096 v _134432_/Q (sg13g2_dfrbpq_1)
     2    0.345    1.441 v _113694_/X (sg13g2_buf_1)
     1    0.239    1.680 ^ _113697_/Y (sg13g2_a22oi_1)
     2    0.162    1.842 ^ _113698_/X (sg13g2_buf_1)
     1    0.302    2.143 v _113699_/Y (sg13g2_nand2_1)
     2    0.236    2.379 v _113700_/X (sg13g2_buf_1)
     1    0.147    2.526 ^ _113723_/Y (sg13g2_o21ai_1)
     4    0.193    2.719 ^ _113724_/X (sg13g2_buf_1)
     1    0.069    2.788 v _113725_/Y (sg13g2_inv_1)
     2    0.116    2.904 v _113726_/X (sg13g2_buf_1)
     7    0.214    3.118 v _113727_/X (sg13g2_buf_1)
     1    0.147    3.265 ^ _119405_/Y (sg13g2_nand4_1)
     3    0.182    3.447 ^ _119406_/X (sg13g2_buf_1)
     5    0.357    3.804 ^ _119407_/X (sg13g2_buf_1)
     7    0.525    4.329 ^ _119438_/X (sg13g2_buf_1)
     1    0.395    4.723 v _119445_/X (sg13g2_mux2_1)
     1    0.111    4.834 v _119446_/X (sg13g2_buf_1)
          0.000    4.834 v _132394_/D (sg13g2_dfrbpq_1)
                   4.834   data arrival time

          7.992    7.992   clock clk_w (rise edge)
          0.668    8.660   clock network delay (propagated)
         -0.250    8.410   clock uncertainty
          0.026    8.436   clock reconvergence pessimism
                   8.436 ^ _132394_/CLK (sg13g2_dfrbpq_1)
         -0.175    8.261   library setup time
                   8.261   data required time
-----------------------------------------------------------------
                   8.261   data required time
                  -4.834   data arrival time
-----------------------------------------------------------------
                   3.427   slack (MET)


Startpoint: _132232_ (rising edge-triggered flip-flop clocked by clk_w)
Endpoint: _131967_ (rising edge-triggered flip-flop clocked by clk)
Path Group: path delay
Path Type: max

Fanout    Delay     Time   Description
-----------------------------------------------------------------
          0.000    0.000 ^ _132232_/CLK (sg13g2_dfrbpq_1)
     1    0.278    0.278 v _132232_/Q (sg13g2_dfrbpq_1)
     2    0.131    0.409 v _115385_/X (sg13g2_buf_1)
     1    0.139    0.548 ^ _115387_/Y (sg13g2_a22oi_1)
     1    0.159    0.707 ^ _115388_/X (sg13g2_buf_1)
     1    0.310    1.017 ^ _115393_/X (sg13g2_and4_1)
     3    0.300    1.317 ^ _115394_/X (sg13g2_buf_1)
     1    0.214    1.531 ^ _115944_/X (sg13g2_and2_1)
     2    0.126    1.657 ^ _115945_/X (sg13g2_buf_1)
     1    0.089    1.746 v _115946_/Y (sg13g2_nand2_1)
     2    0.141    1.887 v _115947_/X (sg13g2_buf_1)
     1    0.085    1.971 ^ _115948_/Y (sg13g2_nor2_1)
     2    0.139    2.110 ^ _115949_/X (sg13g2_buf_1)
     1    0.144    2.254 ^ _115950_/X (sg13g2_and2_1)
     3    0.155    2.409 ^ _115951_/X (sg13g2_buf_1)
     1    0.095    2.504 v _115964_/Y (sg13g2_o21ai_1)
     1    0.134    2.638 v _115965_/X (sg13g2_buf_1)
     1    0.148    2.786 ^ _115973_/Y (sg13g2_a21oi_1)
     1    0.130    2.916 v _115977_/Y (sg13g2_o21ai_1)
     1    0.150    3.067 v _115978_/X (sg13g2_buf_1)
     1    0.118    3.185 ^ _115980_/Y (sg13g2_a21oi_1)
     1    0.074    3.258 v _115981_/Y (sg13g2_nor2_1)
          0.000    3.259 v _131967_/D (sg13g2_dfrbpq_1)
                   3.259   data arrival time

          7.992    7.992   max_delay
         -0.184    7.808   library setup time
                   7.808   data required time
-----------------------------------------------------------------
                   7.808   data required time
                  -3.259   data arrival time
-----------------------------------------------------------------
                   4.550   slack (MET)


