Startpoint: _132972_ (rising edge-triggered flip-flop clocked by clk)
Endpoint: _129761_ (rising edge-triggered flip-flop clocked by clk)
Path Group: clk
Path Type: max

Fanout    Delay     Time   Description
-----------------------------------------------------------------
          0.000    0.000   clock clk (rise edge)
          2.298    2.298   clock network delay (propagated)
          0.000    2.298 ^ _132972_/CLK (sg13g2_dfrbpq_2)
     2    0.417    2.715 v _132972_/Q (sg13g2_dfrbpq_2)
     2    0.187    2.902 v _082600_/X (sg13g2_buf_8)
     2    0.125    3.027 v _082601_/X (sg13g2_buf_16)
     2    0.122    3.149 v _082602_/X (sg13g2_buf_16)
     5    0.132    3.281 v _082609_/X (sg13g2_buf_16)
     1    0.138    3.419 ^ _084743_/Y (sg13g2_o21ai_1)
     2    0.191    3.610 ^ _084744_/X (sg13g2_buf_2)
     1    0.114    3.724 v _084745_/Y (sg13g2_nand2_2)
     3    0.151    3.875 v _084746_/X (sg13g2_buf_8)
     1    0.227    4.102 ^ _085013_/X (sg13g2_mux2_1)
     1    0.123    4.225 ^ _085014_/X (sg13g2_buf_2)
     1    0.345    4.570 v _085020_/Y (sg13g2_nand4_1)
     1    0.246    4.817 v _085021_/X (sg13g2_buf_4)
     1    0.439    5.255 ^ _085045_/Y (sg13g2_o21ai_1)
     4    0.283    5.539 ^ _085046_/X (sg13g2_buf_8)
     1    0.074    5.613 v _085086_/Y (sg13g2_a221oi_1)
     1    0.166    5.779 v _085087_/X (sg13g2_buf_4)
     1    0.277    6.056 ^ _085089_/Y (sg13g2_nor4_2)
     2    0.196    6.252 ^ _085090_/X (sg13g2_buf_8)
     1    0.264    6.516 ^ _085103_/X (sg13g2_and4_1)
     5    0.153    6.668 ^ _085104_/X (sg13g2_buf_8)
     1    0.137    6.805 ^ _085230_/X (sg13g2_or4_1)
     1    0.110    6.915 ^ _085231_/X (sg13g2_buf_1)
     1    0.190    7.105 ^ _085236_/X (sg13g2_mux2_1)
     1    0.132    7.237 ^ _085237_/X (sg13g2_buf_8)
     1    0.179    7.416 v _085546_/Y (sg13g2_a22oi_1)
     3    0.187    7.603 v _085547_/X (sg13g2_buf_8)
     1    0.301    7.904 ^ _085565_/Y (sg13g2_o21ai_1)
     3    0.236    8.140 ^ _085566_/X (sg13g2_buf_16)
     1    0.144    8.285 v _088787_/Y (sg13g2_nand3_1)
     1    0.161    8.445 v _088788_/X (sg13g2_buf_4)
     1    0.380    8.826 ^ _088794_/Y (sg13g2_a221oi_1)
     2    0.260    9.086 ^ _088795_/X (sg13g2_buf_8)
     1    0.098    9.184 v _088800_/Y (sg13g2_nor2_2)
     4    0.137    9.320 v _088801_/X (sg13g2_buf_16)
     1    0.236    9.556 v _089337_/X (sg13g2_mux2_2)
     1    0.130    9.686 v _089338_/X (sg13g2_buf_4)
     1    0.502   10.188 ^ _089343_/Y (sg13g2_o21ai_1)
     1    0.299   10.487 ^ _089344_/X (sg13g2_buf_8)
     1    0.463   10.951 v _089376_/Y (sg13g2_nand4_1)
     1    0.291   11.242 v _089377_/X (sg13g2_buf_4)
     1    0.304   11.546 ^ _089378_/Y (sg13g2_a221oi_1)
     2    0.253   11.798 ^ _089379_/X (sg13g2_buf_8)
     1    0.156   11.955 v _089695_/Y (sg13g2_nand4_1)
     1    0.173   12.128 v _089696_/X (sg13g2_buf_4)
     1    0.180   12.308 ^ _089697_/Y (sg13g2_a21oi_2)
     4    0.185   12.494 ^ _089698_/X (sg13g2_buf_16)
     1    0.165   12.658 v _090022_/Y (sg13g2_nand4_1)
     1    0.179   12.837 v _090023_/X (sg13g2_buf_4)
     1    0.179   13.017 v _090024_/X (sg13g2_xor2_1)
     1    0.258   13.274 v _090025_/X (sg13g2_mux2_2)
     1    0.131   13.405 v _090026_/X (sg13g2_buf_4)
          0.000   13.405 v _129761_/D (sg13g2_dfrbpq_1)
                  13.405   data arrival time

          7.992    7.992   clock clk (rise edge)
          1.777    9.769   clock network delay (propagated)
         -0.250    9.519   clock uncertainty
          0.257    9.776   clock reconvergence pessimism
                   9.776 ^ _129761_/CLK (sg13g2_dfrbpq_1)
         -0.174    9.602   library setup time
                   9.602   data required time
-----------------------------------------------------------------
                   9.602   data required time
                 -13.405   data arrival time
-----------------------------------------------------------------
                  -3.803   slack (VIOLATED)


Startpoint: _134681_ (rising edge-triggered flip-flop clocked by clk)
Endpoint: _133031_ (recovery check against rising-edge clock clk)
Path Group: asynchronous
Path Type: max

Fanout    Delay     Time   Description
-----------------------------------------------------------------
          0.000    0.000   clock clk (rise edge)
          2.165    2.165   clock network delay (propagated)
          0.000    2.165 ^ _134681_/CLK (sg13g2_dfrbpq_1)
     2    0.484    2.649 ^ _134681_/Q (sg13g2_dfrbpq_1)
     4    0.754    3.403 ^ fanout568/X (sg13g2_buf_1)
     5    0.974    4.378 ^ fanout567/X (sg13g2_buf_1)
     4    0.730    5.108 ^ fanout465/X (sg13g2_buf_1)
     4    0.544    5.651 ^ fanout428/X (sg13g2_buf_1)
     5    0.507    6.159 ^ fanout415/X (sg13g2_buf_1)
     6    0.483    6.642 ^ fanout414/X (sg13g2_buf_1)
     8    0.469    7.111 ^ fanout413/X (sg13g2_buf_1)
     8    0.485    7.596 ^ fanout412/X (sg13g2_buf_1)
          0.004    7.600 ^ _133031_/RESET_B (sg13g2_dfrbpq_1)
                   7.600   data arrival time

          7.992    7.992   clock clk (rise edge)
          1.796    9.788   clock network delay (propagated)
         -0.250    9.538   clock uncertainty
          0.101    9.639   clock reconvergence pessimism
                   9.639 ^ _133031_/CLK (sg13g2_dfrbpq_1)
         -0.332    9.308   library recovery time
                   9.308   data required time
-----------------------------------------------------------------
                   9.308   data required time
                  -7.600   data arrival time
-----------------------------------------------------------------
                   1.708   slack (MET)


Startpoint: _134432_ (rising edge-triggered flip-flop clocked by clk_w)
Endpoint: _132394_ (rising edge-triggered flip-flop clocked by clk_w)
Path Group: clk_w
Path Type: max

Fanout    Delay     Time   Description
-----------------------------------------------------------------
          0.000    0.000   clock clk_w (rise edge)
          0.839    0.839   clock network delay (propagated)
          0.000    0.839 ^ _134432_/CLK (sg13g2_dfrbpq_1)
     1    0.309    1.148 v _134432_/Q (sg13g2_dfrbpq_1)
     2    0.362    1.510 v _113694_/X (sg13g2_buf_1)
     1    0.250    1.760 ^ _113697_/Y (sg13g2_a22oi_1)
     2    0.169    1.929 ^ _113698_/X (sg13g2_buf_1)
     1    0.316    2.246 v _113699_/Y (sg13g2_nand2_1)
     2    0.247    2.493 v _113700_/X (sg13g2_buf_1)
     1    0.154    2.646 ^ _113723_/Y (sg13g2_o21ai_1)
     4    0.202    2.849 ^ _113724_/X (sg13g2_buf_1)
     1    0.072    2.920 v _113725_/Y (sg13g2_inv_1)
     2    0.122    3.042 v _113726_/X (sg13g2_buf_1)
     7    0.224    3.266 v _113727_/X (sg13g2_buf_1)
     1    0.154    3.420 ^ _119405_/Y (sg13g2_nand4_1)
     3    0.191    3.611 ^ _119406_/X (sg13g2_buf_1)
     5    0.374    3.985 ^ _119407_/X (sg13g2_buf_1)
     7    0.550    4.535 ^ _119438_/X (sg13g2_buf_1)
     1    0.413    4.948 v _119445_/X (sg13g2_mux2_1)
     1    0.116    5.064 v _119446_/X (sg13g2_buf_1)
          0.000    5.064 v _132394_/D (sg13g2_dfrbpq_1)
                   5.064   data arrival time

          7.992    7.992   clock clk_w (rise edge)
          0.633    8.625   clock network delay (propagated)
         -0.250    8.375   clock uncertainty
          0.047    8.421   clock reconvergence pessimism
                   8.421 ^ _132394_/CLK (sg13g2_dfrbpq_1)
         -0.175    8.247   library setup time
                   8.247   data required time
-----------------------------------------------------------------
                   8.247   data required time
                  -5.064   data arrival time
-----------------------------------------------------------------
                   3.182   slack (MET)


Startpoint: _132232_ (rising edge-triggered flip-flop clocked by clk_w)
Endpoint: _131967_ (rising edge-triggered flip-flop clocked by clk)
Path Group: path delay
Path Type: max

Fanout    Delay     Time   Description
-----------------------------------------------------------------
          0.000    0.000 ^ _132232_/CLK (sg13g2_dfrbpq_1)
     1    0.291    0.291 v _132232_/Q (sg13g2_dfrbpq_1)
     2    0.137    0.428 v _115385_/X (sg13g2_buf_1)
     1    0.146    0.574 ^ _115387_/Y (sg13g2_a22oi_1)
     1    0.167    0.741 ^ _115388_/X (sg13g2_buf_1)
     1    0.325    1.066 ^ _115393_/X (sg13g2_and4_1)
     3    0.314    1.380 ^ _115394_/X (sg13g2_buf_1)
     1    0.224    1.604 ^ _115944_/X (sg13g2_and2_1)
     2    0.132    1.736 ^ _115945_/X (sg13g2_buf_1)
     1    0.093    1.829 v _115946_/Y (sg13g2_nand2_1)
     2    0.148    1.976 v _115947_/X (sg13g2_buf_1)
     1    0.089    2.065 ^ _115948_/Y (sg13g2_nor2_1)
     2    0.145    2.210 ^ _115949_/X (sg13g2_buf_1)
     1    0.151    2.361 ^ _115950_/X (sg13g2_and2_1)
     3    0.163    2.524 ^ _115951_/X (sg13g2_buf_1)
     1    0.099    2.623 v _115964_/Y (sg13g2_o21ai_1)
     1    0.140    2.763 v _115965_/X (sg13g2_buf_1)
     1    0.155    2.918 ^ _115973_/Y (sg13g2_a21oi_1)
     1    0.137    3.055 v _115977_/Y (sg13g2_o21ai_1)
     1    0.158    3.213 v _115978_/X (sg13g2_buf_1)
     1    0.124    3.337 ^ _115980_/Y (sg13g2_a21oi_1)
     1    0.077    3.414 v _115981_/Y (sg13g2_nor2_1)
          0.000    3.414 v _131967_/D (sg13g2_dfrbpq_1)
                   3.414   data arrival time

          7.992    7.992   max_delay
         -0.184    7.808   library setup time
                   7.808   data required time
-----------------------------------------------------------------
                   7.808   data required time
                  -3.414   data arrival time
-----------------------------------------------------------------
                   4.395   slack (MET)


