Startpoint: _135218_ (rising edge-triggered flip-flop clocked by clk)
Endpoint: _131271_ (rising edge-triggered flip-flop clocked by clk)
Path Group: clk
Path Type: max

Fanout    Delay     Time   Description
-----------------------------------------------------------------
          0.000    0.000   clock clk (rise edge)
          2.145    2.145   clock network delay (propagated)
          0.000    2.145 ^ _135218_/CLK (sg13g2_dfrbpq_1)
     1    0.279    2.424 ^ _135218_/Q (sg13g2_dfrbpq_1)
     2    0.137    2.561 ^ _071009_/X (sg13g2_buf_1)
     1    0.227    2.788 ^ _071019_/X (sg13g2_and3_2)
     3    0.146    2.934 ^ _071020_/X (sg13g2_buf_2)
     4    0.256    3.190 ^ _080766_/X (sg13g2_buf_1)
     4    0.286    3.476 ^ _080767_/X (sg13g2_buf_1)
     6    0.323    3.800 ^ _081440_/X (sg13g2_buf_1)
     7    0.442    4.242 ^ _081441_/X (sg13g2_buf_1)
     1    0.154    4.396 v _110370_/Y (sg13g2_a21oi_1)
     1    0.088    4.484 ^ _110371_/Y (sg13g2_o21ai_1)
     1    0.151    4.635 ^ _110372_/X (sg13g2_buf_1)
          0.000    4.635 ^ _131271_/D (sg13g2_dfrbpq_1)
                   4.635   data arrival time

          7.992    7.992   clock clk (rise edge)
          1.901    9.893   clock network delay (propagated)
         -0.250    9.643   clock uncertainty
          0.137    9.780   clock reconvergence pessimism
                   9.780 ^ _131271_/CLK (sg13g2_dfrbpq_1)
         -0.191    9.589   library setup time
                   9.589   data required time
-----------------------------------------------------------------
                   9.589   data required time
                  -4.635   data arrival time
-----------------------------------------------------------------
                   4.954   slack (MET)


