Startpoint: _134095_ (rising edge-triggered flip-flop clocked by clk)
Endpoint: _135401_ (rising edge-triggered flip-flop clocked by clk)
Path Group: clk
Path Type: max

Fanout    Delay     Time   Description
-----------------------------------------------------------------
          0.000    0.000   clock clk (rise edge)
          2.137    2.137   clock network delay (propagated)
          0.000    2.137 ^ _134095_/CLK (sg13g2_dfrbpq_1)
     1    0.287    2.424 ^ _134095_/Q (sg13g2_dfrbpq_1)
     3    0.580    3.005 ^ _080491_/X (sg13g2_buf_1)
     1    0.202    3.207 v _080582_/Y (sg13g2_inv_1)
     1    0.224    3.431 v _080584_/X (sg13g2_mux2_1)
     2    0.135    3.566 v _080585_/X (sg13g2_buf_4)
     6    0.128    3.693 v _080586_/X (sg13g2_buf_8)
     1    0.216    3.909 ^ _080639_/Y (sg13g2_nor4_1)
     1    0.119    4.028 v _080640_/Y (sg13g2_a221oi_1)
     3    0.173    4.201 v _080641_/X (sg13g2_buf_4)
     1    0.126    4.327 ^ _080644_/Y (sg13g2_o21ai_1)
     3    0.162    4.489 ^ _080645_/X (sg13g2_buf_2)
     1    0.234    4.723 ^ _080650_/X (sg13g2_and3_2)
     1    0.111    4.834 ^ _080651_/X (sg13g2_buf_1)
     1    0.062    4.896 v _080652_/Y (sg13g2_a21oi_1)
     3    0.157    5.053 v _080653_/X (sg13g2_buf_4)
     1    0.127    5.180 ^ _080656_/Y (sg13g2_o21ai_1)
     3    0.177    5.357 ^ _080657_/X (sg13g2_buf_1)
     1    0.141    5.497 v _080659_/Y (sg13g2_nand3_1)
     1    0.128    5.625 v _080660_/X (sg13g2_buf_1)
     1    0.066    5.692 ^ _080661_/Y (sg13g2_o21ai_1)
     3    0.203    5.895 ^ _080662_/X (sg13g2_buf_4)
     1    0.103    5.998 v _080664_/Y (sg13g2_o21ai_1)
     1    0.130    6.128 v _080665_/X (sg13g2_buf_2)
     1    0.077    6.205 ^ _080666_/Y (sg13g2_o21ai_1)
     3    0.214    6.419 ^ _080667_/X (sg13g2_buf_4)
     1    0.173    6.592 ^ _080668_/X (sg13g2_a21o_1)
     1    0.113    6.705 ^ _080669_/X (sg13g2_buf_2)
     1    0.078    6.783 v _080670_/Y (sg13g2_o21ai_1)
     2    0.145    6.928 v _080671_/X (sg13g2_buf_4)
     1    0.178    7.106 ^ _080673_/Y (sg13g2_a21oi_1)
     5    0.179    7.286 ^ _080674_/X (sg13g2_buf_8)
     1    0.090    7.376 v _080675_/Y (sg13g2_nand2_1)
     1    0.179    7.555 ^ _080676_/Y (sg13g2_a21oi_1)
     1    0.099    7.654 v _080677_/Y (sg13g2_a221oi_1)
     1    0.153    7.807 v _080678_/X (sg13g2_buf_2)
     1    0.162    7.970 ^ _080679_/Y (sg13g2_nor2_1)
     1    0.156    8.125 v _080726_/Y (sg13g2_o21ai_1)
     1    0.134    8.260 v _080727_/X (sg13g2_buf_2)
     1    0.108    8.367 v _080738_/X (sg13g2_and2_1)
     2    0.137    8.504 v _080739_/X (sg13g2_buf_4)
     1    0.629    9.133 ^ _080740_/Y (sg13g2_nor2_1)
          0.016    9.149 ^ _135401_/D (sg13g2_dfrbpq_1)
                   9.149   data arrival time

          7.992    7.992   clock clk (rise edge)
          1.951    9.943   clock network delay (propagated)
         -0.250    9.693   clock uncertainty
          0.137    9.830   clock reconvergence pessimism
                   9.830 ^ _135401_/CLK (sg13g2_dfrbpq_1)
         -0.451    9.379   library setup time
                   9.379   data required time
-----------------------------------------------------------------
                   9.379   data required time
                  -9.149   data arrival time
-----------------------------------------------------------------
                   0.229   slack (MET)


