Startpoint: _134097_ (rising edge-triggered flip-flop clocked by clk)
Endpoint: _135402_ (rising edge-triggered flip-flop clocked by clk)
Path Group: clk
Path Type: max

Fanout    Delay     Time   Description
-----------------------------------------------------------------
          0.000    0.000   clock clk (rise edge)
          2.226    2.226   clock network delay (propagated)
          0.000    2.226 ^ _134097_/CLK (sg13g2_dfrbpq_1)
     1    0.293    2.518 v _134097_/Q (sg13g2_dfrbpq_1)
     3    0.368    2.887 v _080482_/X (sg13g2_buf_1)
     1    0.336    3.223 v _080484_/X (sg13g2_mux2_1)
     4    0.165    3.388 v _080485_/X (sg13g2_buf_4)
     6    0.146    3.534 v _080486_/X (sg13g2_buf_8)
     1    0.196    3.730 ^ _080512_/Y (sg13g2_nor3_1)
     2    0.221    3.951 ^ _080513_/X (sg13g2_buf_4)
     1    0.079    4.029 v _080514_/Y (sg13g2_a221oi_1)
     3    0.184    4.214 v _080515_/X (sg13g2_buf_4)
     1    0.132    4.346 ^ _080524_/Y (sg13g2_o21ai_1)
     3    0.189    4.535 ^ _080525_/X (sg13g2_buf_1)
     1    0.160    4.695 v _080526_/Y (sg13g2_nand3_1)
     1    0.149    4.844 v _080527_/X (sg13g2_buf_2)
     1    0.193    5.036 v _080530_/X (sg13g2_a21o_1)
     3    0.139    5.175 v _080531_/X (sg13g2_buf_4)
     1    0.131    5.307 ^ _080535_/Y (sg13g2_o21ai_1)
     3    0.183    5.490 ^ _080536_/X (sg13g2_buf_1)
     1    0.157    5.647 v _080537_/Y (sg13g2_nand3_1)
     1    0.150    5.797 v _080538_/X (sg13g2_buf_2)
     1    0.190    5.987 v _080541_/X (sg13g2_a21o_1)
     3    0.139    6.126 v _080542_/X (sg13g2_buf_4)
     1    0.197    6.322 v _080544_/X (sg13g2_a21o_1)
     1    0.122    6.445 v _080545_/X (sg13g2_buf_2)
     1    0.091    6.536 ^ _080546_/Y (sg13g2_o21ai_1)
     3    0.190    6.726 ^ _080547_/X (sg13g2_buf_8)
     1    0.109    6.835 v _080550_/Y (sg13g2_a21oi_1)
     1    0.141    6.976 ^ _080551_/Y (sg13g2_nor2_1)
     3    0.203    7.179 ^ _080552_/X (sg13g2_buf_4)
     1    0.109    7.288 v _080553_/Y (sg13g2_nand2_1)
     2    0.144    7.432 v _080554_/X (sg13g2_buf_4)
     1    0.131    7.564 ^ _080557_/Y (sg13g2_a21oi_1)
     1    0.167    7.731 v _080558_/Y (sg13g2_a21oi_1)
     2    0.165    7.896 v _080559_/X (sg13g2_buf_4)
     1    0.246    8.142 ^ _080677_/Y (sg13g2_a221oi_1)
     1    0.186    8.329 ^ _080678_/X (sg13g2_buf_2)
     1    0.088    8.416 v _080679_/Y (sg13g2_nor2_1)
     1    0.169    8.585 ^ _080726_/Y (sg13g2_o21ai_1)
     1    0.154    8.739 ^ _080727_/X (sg13g2_buf_2)
     1    0.138    8.877 ^ _080738_/X (sg13g2_and2_1)
     2    0.174    9.051 ^ _080739_/X (sg13g2_buf_4)
     1    0.109    9.160 v _082533_/Y (sg13g2_nand2_1)
     2    0.163    9.323 v _082534_/X (sg13g2_buf_4)
     1    0.069    9.392 ^ _082544_/Y (sg13g2_nand2_1)
     2    0.149    9.540 ^ _082545_/X (sg13g2_buf_4)
     1    0.052    9.593 v _084306_/Y (sg13g2_nor2b_1)
     1    0.114    9.707 v _084307_/X (sg13g2_buf_2)
          0.000    9.707 v _135402_/D (sg13g2_dfrbpq_1)
                   9.707   data arrival time

          7.992    7.992   clock clk (rise edge)
          1.804    9.796   clock network delay (propagated)
         -0.250    9.546   clock uncertainty
          0.101    9.647   clock reconvergence pessimism
                   9.647 ^ _135402_/CLK (sg13g2_dfrbpq_1)
         -0.173    9.473   library setup time
                   9.473   data required time
-----------------------------------------------------------------
                   9.473   data required time
                  -9.707   data arrival time
-----------------------------------------------------------------
                  -0.234   slack (VIOLATED)


