Startpoint: _135218_ (rising edge-triggered flip-flop clocked by clk)
Endpoint: _131271_ (rising edge-triggered flip-flop clocked by clk)
Path Group: clk
Path Type: max

Fanout    Delay     Time   Description
-----------------------------------------------------------------
          0.000    0.000   clock clk (rise edge)
          2.247    2.247   clock network delay (propagated)
          0.000    2.247 ^ _135218_/CLK (sg13g2_dfrbpq_1)
     1    0.293    2.539 ^ _135218_/Q (sg13g2_dfrbpq_1)
     2    0.144    2.683 ^ _071009_/X (sg13g2_buf_1)
     1    0.237    2.921 ^ _071019_/X (sg13g2_and3_2)
     3    0.153    3.074 ^ _071020_/X (sg13g2_buf_2)
     4    0.268    3.342 ^ _080766_/X (sg13g2_buf_1)
     4    0.300    3.642 ^ _080767_/X (sg13g2_buf_1)
     6    0.339    3.980 ^ _081440_/X (sg13g2_buf_1)
     7    0.463    4.444 ^ _081441_/X (sg13g2_buf_1)
     1    0.161    4.605 v _110370_/Y (sg13g2_a21oi_1)
     1    0.093    4.698 ^ _110371_/Y (sg13g2_o21ai_1)
     1    0.158    4.856 ^ _110372_/X (sg13g2_buf_1)
          0.000    4.856 ^ _131271_/D (sg13g2_dfrbpq_1)
                   4.856   data arrival time

          7.992    7.992   clock clk (rise edge)
          1.801    9.793   clock network delay (propagated)
         -0.250    9.543   clock uncertainty
          0.257    9.800   clock reconvergence pessimism
                   9.800 ^ _131271_/CLK (sg13g2_dfrbpq_1)
         -0.191    9.609   library setup time
                   9.609   data required time
-----------------------------------------------------------------
                   9.609   data required time
                  -4.856   data arrival time
-----------------------------------------------------------------
                   4.754   slack (MET)


