Startpoint: _134587_ (rising edge-triggered flip-flop clocked by clk)
Endpoint: _134753_ (rising edge-triggered flip-flop clocked by clk)
Path Group: clk
Path Type: max

Fanout    Delay     Time   Description
-----------------------------------------------------------------
          0.000    0.000   clock clk (rise edge)
          2.095    2.095   clock network delay (propagated)
          0.000    2.095 ^ _134587_/CLK (sg13g2_dfrbpq_1)
     2    0.331    2.426 ^ _134587_/Q (sg13g2_dfrbpq_1)
     4    0.213    2.639 ^ _065171_/X (sg13g2_buf_8)
     6    0.232    2.871 ^ _065172_/X (sg13g2_buf_4)
     6    0.258    3.129 ^ _065173_/X (sg13g2_buf_4)
     6    0.388    3.517 ^ _065174_/X (sg13g2_buf_4)
     6    0.595    4.112 ^ _065175_/X (sg13g2_buf_2)
     6    0.501    4.613 ^ _067310_/X (sg13g2_buf_4)
     1    0.142    4.755 v _071096_/Y (sg13g2_nand2b_1)
     2    0.225    4.980 v _071097_/X (sg13g2_buf_1)
     6    0.240    5.220 v _071098_/X (sg13g2_buf_2)
     6    0.360    5.580 v _071105_/X (sg13g2_buf_2)
     1    0.259    5.839 ^ _071139_/Y (sg13g2_nor3_1)
     2    0.665    6.504 ^ _071140_/X (sg13g2_buf_1)
     1    0.207    6.711 v _071141_/Y (sg13g2_a21oi_1)
     6    0.260    6.972 v _071142_/X (sg13g2_buf_1)
     1    0.129    7.101 ^ _073131_/Y (sg13g2_nor2_1)
     3    0.180    7.281 ^ _073132_/X (sg13g2_buf_1)
     1    0.122    7.403 v _073140_/Y (sg13g2_nand2b_1)
     7    0.342    7.745 v _073141_/X (sg13g2_buf_1)
     1    0.172    7.917 ^ _073175_/Y (sg13g2_nor2_1)
     3    0.269    8.186 ^ _073176_/X (sg13g2_buf_1)
     8    0.522    8.708 ^ _073177_/X (sg13g2_buf_1)
     1    0.351    9.058 v _073211_/Y (sg13g2_nor3_1)
     1    0.296    9.354 ^ _073234_/Y (sg13g2_a21oi_1)
     2    0.384    9.738 ^ _073235_/X (sg13g2_buf_1)
     1    0.249    9.987 ^ _073257_/X (sg13g2_or3_1)
     1    0.100   10.087 ^ _073258_/X (sg13g2_buf_1)
          0.000   10.087 ^ _134753_/D (sg13g2_dfrbpq_1)
                  10.087   data arrival time

          7.992    7.992   clock clk (rise edge)
          1.954    9.946   clock network delay (propagated)
         -0.250    9.696   clock uncertainty
          0.054    9.749   clock reconvergence pessimism
                   9.749 ^ _134753_/CLK (sg13g2_dfrbpq_1)
         -0.188    9.561   library setup time
                   9.561   data required time
-----------------------------------------------------------------
                   9.561   data required time
                 -10.087   data arrival time
-----------------------------------------------------------------
                  -0.525   slack (VIOLATED)


