Startpoint: _135402_ (rising edge-triggered flip-flop clocked by clk)
Endpoint: tx_req_ready (output port clocked by clk)
Path Group: clk
Path Type: max

Fanout    Delay     Time   Description
-----------------------------------------------------------------
          0.000    0.000   clock clk (rise edge)
          2.245    2.245   clock network delay (propagated)
          0.000    2.245 ^ _135402_/CLK (sg13g2_dfrbpq_1)
     1    0.296    2.541 ^ _135402_/Q (sg13g2_dfrbpq_1)
     4    0.299    2.840 ^ _065165_/X (sg13g2_buf_1)
     2    0.804    3.644 ^ _071558_/X (sg13g2_and2_1)
     1    0.355    3.999 ^ _071559_/X (sg13g2_buf_1)
     1    0.140    4.139 ^ output235/X (sg13g2_buf_1)
          0.000    4.140 ^ tx_req_ready (out)
                   4.140   data arrival time

          7.992    7.992   clock clk (rise edge)
          0.000    7.992   clock network delay (propagated)
         -0.250    7.742   clock uncertainty
          0.000    7.742   clock reconvergence pessimism
         -1.598    6.144   output external delay
                   6.144   data required time
-----------------------------------------------------------------
                   6.144   data required time
                  -4.140   data arrival time
-----------------------------------------------------------------
                   2.004   slack (MET)


