Startpoint: _133976_ (rising edge-triggered flip-flop clocked by clk)
Endpoint: _135102_ (rising edge-triggered flip-flop clocked by clk)
Path Group: clk
Path Type: max

Fanout    Delay     Time   Description
-----------------------------------------------------------------
          0.000    0.000   clock clk (rise edge)
          2.103    2.103   clock network delay (propagated)
          0.000    2.103 ^ _133976_/CLK (sg13g2_dfrbpq_1)
     1    0.290    2.393 ^ _133976_/Q (sg13g2_dfrbpq_1)
     5    0.214    2.607 ^ _073326_/X (sg13g2_buf_4)
     6    0.360    2.967 ^ _075128_/X (sg13g2_buf_1)
     1    0.253    3.220 ^ _075152_/Y (sg13g2_xnor2_1)
     1    0.197    3.417 v _075157_/Y (sg13g2_nand4_1)
     1    0.190    3.607 v _075158_/X (sg13g2_buf_1)
     1    1.129    4.736 ^ _075159_/Y (sg13g2_nor4_2)
     3    0.564    5.300 ^ _075160_/X (sg13g2_buf_4)
     1    0.239    5.539 ^ _075173_/Y (sg13g2_nor2b_1)
     3    0.195    5.734 ^ _075174_/X (sg13g2_buf_2)
     6    0.189    5.923 ^ _075389_/X (sg13g2_buf_4)
     1    0.092    6.014 v _075512_/Y (sg13g2_a22oi_1)
     1    0.133    6.148 v _075513_/X (sg13g2_buf_1)
     1    0.176    6.324 ^ _075514_/Y (sg13g2_xnor2_1)
     4    0.239    6.563 ^ _075515_/X (sg13g2_buf_4)
     1    0.176    6.738 ^ _075520_/X (sg13g2_xor2_1)
     1    0.216    6.954 v _075534_/Y (sg13g2_nand4_1)
     1    0.175    7.129 v _075535_/X (sg13g2_buf_1)
     1    0.260    7.389 ^ _075549_/Y (sg13g2_nor3_1)
     1    0.196    7.585 v _075550_/Y (sg13g2_nand3_1)
     1    0.147    7.732 v _075551_/X (sg13g2_buf_2)
     1    0.325    8.057 ^ _075578_/Y (sg13g2_nor4_1)
     1    0.249    8.306 v _075646_/Y (sg13g2_nand4_1)
     1    0.172    8.478 v _075647_/X (sg13g2_buf_2)
     1    0.333    8.811 ^ _075678_/Y (sg13g2_nor4_1)
     1    0.195    9.006 v _075753_/Y (sg13g2_o21ai_1)
     1    0.165    9.171 v _075754_/X (sg13g2_buf_4)
     1    0.079    9.250 ^ _075755_/Y (sg13g2_nand3_1)
     3    0.262    9.513 ^ _075756_/X (sg13g2_buf_4)
     1    0.451    9.964 v _103420_/Y (sg13g2_nand3_1)
     1    0.263   10.227 v _103421_/X (sg13g2_buf_4)
     1    0.128   10.355 ^ _103425_/Y (sg13g2_o21ai_1)
     1    0.145   10.500 ^ _103426_/X (sg13g2_buf_2)
     1    0.089   10.589 v _103427_/Y (sg13g2_nand2_1)
          0.000   10.589 v _135102_/D (sg13g2_dfrbpq_1)
                  10.589   data arrival time

          7.992    7.992   clock clk (rise edge)
          1.871    9.863   clock network delay (propagated)
         -0.250    9.613   clock uncertainty
          0.094    9.707   clock reconvergence pessimism
                   9.707 ^ _135102_/CLK (sg13g2_dfrbpq_1)
         -0.190    9.517   library setup time
                   9.517   data required time
-----------------------------------------------------------------
                   9.517   data required time
                 -10.589   data arrival time
-----------------------------------------------------------------
                  -1.072   slack (VIOLATED)


